[INFO] Scanning for projects...
[INFO] 
[INFO] --------------------------< com.linkbit:mvp >---------------------------
[INFO] Building mvp 0.0.1-SNAPSHOT
[INFO]   from pom.xml
[INFO] --------------------------------[ jar ]---------------------------------
[INFO] 
[INFO] --- resources:3.3.1:resources (default-resources) @ mvp ---
[INFO] Copying 1 resource from src\main\resources to target\classes
[INFO] Copying 9 resources from src\main\resources to target\classes
[INFO] 
[INFO] --- compiler:3.11.0:compile (default-compile) @ mvp ---
[INFO] Nothing to compile - all classes are up to date
[INFO] 
[INFO] --- resources:3.3.1:testResources (default-testResources) @ mvp ---
[INFO] Copying 1 resource from src\test\resources to target\test-classes
[INFO] 
[INFO] --- compiler:3.11.0:testCompile (default-testCompile) @ mvp ---
[INFO] Nothing to compile - all classes are up to date
[INFO] 
[INFO] --- surefire:3.1.2:test (default-test) @ mvp ---
[INFO] Using auto detected provider org.apache.maven.surefire.junitplatform.JUnitPlatformProvider
[INFO] 
[INFO] -------------------------------------------------------
[INFO]  T E S T S
[INFO] -------------------------------------------------------
[INFO] Running com.linkbit.mvp.controller.EscrowControllerTest
13:51:52.795 [main] INFO org.springframework.test.context.support.AnnotationConfigContextLoaderUtils -- Could not detect default configuration classes for test class [com.linkbit.mvp.controller.EscrowControllerTest]: EscrowControllerTest does not declare any static, non-private, non-final, nested classes annotated with @Configuration.
13:51:52.981 [main] INFO org.springframework.boot.test.context.SpringBootTestContextBootstrapper -- Found @SpringBootConfiguration com.linkbit.mvp.MvpApplication for test class com.linkbit.mvp.controller.EscrowControllerTest
13:51:53.191 [main] INFO org.springframework.boot.devtools.restart.RestartApplicationListener -- Restart disabled due to context in which it is running

  .   ____          _            __ _ _
 /\\ / ___'_ __ _ _(_)_ __  __ _ \ \ \ \
( ( )\___ | '_ | '_| | '_ \/ _` | \ \ \ \
 \\/  ___)| |_)| | | | | || (_| |  ) ) ) )
  '  |____| .__|_| |_|_| |_\__, | / / / /
 =========|_|==============|___/=/_/_/_/
 :: Spring Boot ::                (v3.2.3)

2026-03-13T13:51:53.545+05:30  INFO 48312 --- [LinkbitMVP] [           main] c.l.mvp.controller.EscrowControllerTest  : Starting EscrowControllerTest using Java 21 with PID 48312 (started by Aksha in D:\LB\mvp)
2026-03-13T13:51:53.547+05:30  INFO 48312 --- [LinkbitMVP] [           main] c.l.mvp.controller.EscrowControllerTest  : The following 1 profile is active: "test"
2026-03-13T13:51:54.741+05:30  INFO 48312 --- [LinkbitMVP] [           main] .s.d.r.c.RepositoryConfigurationDelegate : Bootstrapping Spring Data JPA repositories in DEFAULT mode.
2026-03-13T13:51:54.874+05:30  INFO 48312 --- [LinkbitMVP] [           main] .s.d.r.c.RepositoryConfigurationDelegate : Finished Spring Data repository scanning in 121 ms. Found 14 JPA repository interfaces.
2026-03-13T13:51:57.134+05:30  INFO 48312 --- [LinkbitMVP] [           main] o.hibernate.jpa.internal.util.LogHelper  : HHH000204: Processing PersistenceUnitInfo [name: default]
2026-03-13T13:51:57.252+05:30  INFO 48312 --- [LinkbitMVP] [           main] org.hibernate.Version                    : HHH000412: Hibernate ORM core version 6.4.4.Final
2026-03-13T13:51:57.318+05:30  INFO 48312 --- [LinkbitMVP] [           main] o.h.c.internal.RegionFactoryInitiator    : HHH000026: Second-level cache disabled
2026-03-13T13:51:57.534+05:30  INFO 48312 --- [LinkbitMVP] [           main] o.s.o.j.p.SpringPersistenceUnitInfo      : No LoadTimeWeaver setup: ignoring JPA class transformer
2026-03-13T13:51:57.589+05:30  INFO 48312 --- [LinkbitMVP] [           main] com.zaxxer.hikari.HikariDataSource       : HikariPool-1 - Starting...
2026-03-13T13:51:57.846+05:30  INFO 48312 --- [LinkbitMVP] [           main] com.zaxxer.hikari.pool.HikariPool        : HikariPool-1 - Added connection conn0: url=jdbc:h2:mem:testdb user=SA
2026-03-13T13:51:57.849+05:30  INFO 48312 --- [LinkbitMVP] [           main] com.zaxxer.hikari.HikariDataSource       : HikariPool-1 - Start completed.
2026-03-13T13:51:57.884+05:30  WARN 48312 --- [LinkbitMVP] [           main] org.hibernate.orm.deprecation            : HHH90000025: H2Dialect does not need to be specified explicitly using 'hibernate.dialect' (remove the property setting and it will be selected by default)
2026-03-13T13:51:59.595+05:30  INFO 48312 --- [LinkbitMVP] [           main] o.h.e.t.j.p.i.JtaPlatformInitiator       : HHH000489: No JTA platform available (set 'hibernate.transaction.jta.platform' to enable JTA platform integration)
Hibernate: 
    drop table if exists bitcoin_transactions cascade 
Hibernate: 
    drop table if exists escrow_accounts cascade 
Hibernate: 
    drop table if exists loan_emis cascade 
Hibernate: 
    drop table if exists loan_ledger cascade 
Hibernate: 
    drop table if exists loan_ltv_history cascade 
Hibernate: 
    drop table if exists loan_margin_calls cascade 
Hibernate: 
    drop table if exists loan_offers cascade 
Hibernate: 
    drop table if exists loan_repayments cascade 
Hibernate: 
    drop table if exists loans cascade 
Hibernate: 
    drop table if exists negotiation_messages cascade 
Hibernate: 
    drop table if exists password_reset_token cascade 
Hibernate: 
    drop table if exists platform_fees cascade 
Hibernate: 
    drop table if exists user_kyc_details cascade 
Hibernate: 
    drop table if exists users cascade 
Hibernate: 
    create table bitcoin_transactions (
        confirmations integer not null,
        amount_sats bigint not null,
        created_at timestamp(6) not null,
        loan_id uuid not null,
        tx_hash varchar(255) not null,
        type varchar(255) not null check (type in ('DEPOSIT','COLLATERAL_TOPUP')),
        primary key (tx_hash)
    )
Hibernate: 
    create table escrow_accounts (
        created_at timestamp(6) not null,
        current_balance_sats bigint not null,
        loan_id uuid not null,
        escrow_address varchar(255) not null,
        primary key (loan_id)
    )
Hibernate: 
    create table loan_emis (
        amount_paid numeric(38,2) not null,
        due_date date not null,
        emi_amount numeric(38,2) not null,
        emi_number integer not null,
        created_at timestamp(6) not null,
        id uuid not null,
        loan_id uuid not null,
        status varchar(255) not null check (status in ('PENDING','PARTIAL','PAID','OVERDUE')),
        primary key (id)
    )
Hibernate: 
    create table loan_ledger (
        amount_inr numeric(38,2) not null,
        created_at timestamp(6) not null,
        id uuid not null,
        loan_id uuid not null,
        entry_type varchar(255) not null check (entry_type in ('FIAT_DISBURSEMENT','BORROWER_REPAYMENT','INTEREST_ACCRUAL','COLLATERAL_RELEASE')),
        notes TEXT,
        primary key (id)
    )
Hibernate: 
    create table loan_ltv_history (
        btc_price_inr numeric(38,2) not null,
        collateral_value_inr numeric(38,2) not null,
        ltv_percent numeric(38,2) not null,
        recorded_at timestamp(6) not null,
        id uuid not null,
        loan_id uuid not null,
        primary key (id)
    )
Hibernate: 
    create table loan_margin_calls (
        resolved_at timestamp(6),
        triggered_at timestamp(6) not null,
        id uuid not null,
        loan_id uuid not null,
        status varchar(255) not null check (status in ('OPEN','RESOLVED','ESCALATED')),
        primary key (id)
    )
Hibernate: 
    create table loan_offers (
        expected_ltv_percent integer not null,
        interest_rate numeric(38,2) not null,
        loan_amount_inr numeric(38,2) not null,
        tenure_days integer not null,
        created_at timestamp(6),
        updated_at timestamp(6),
        id uuid not null,
        lender_id uuid not null,
        status varchar(255) not null check (status in ('OPEN','PAUSED','CLOSED')),
        primary key (id)
    )
Hibernate: 
    create table loan_repayments (
        amount_inr numeric(38,2) not null,
        created_at timestamp(6) not null,
        id uuid not null,
        loan_id uuid not null,
        proof_url varchar(255) not null,
        status varchar(255) not null check (status in ('PENDING','VERIFIED','REJECTED')),
        transaction_reference varchar(255) not null,
        primary key (id)
    )
Hibernate: 
    create table loans (
        collateral_btc_amount numeric(38,2),
        collateral_value_inr numeric(38,2),
        current_ltv_percent numeric(38,2),
        emi_amount numeric(38,2),
        emi_count integer,
        expected_ltv_percent integer,
        interest_outstanding numeric(38,2),
        interest_rate numeric(38,2) not null,
        liquidation_ltv_percent integer,
        margin_call_ltv_percent integer,
        principal_amount numeric(38,2) not null,
        principal_outstanding numeric(38,2),
        tenure_days integer not null,
        total_outstanding numeric(38,2),
        total_repayment_amount numeric(38,2),
        created_at timestamp(6),
        fiat_disbursed_at timestamp(6),
        fiat_received_confirmed_at timestamp(6),
        last_price_update timestamp(6),
        updated_at timestamp(6),
        borrower_id uuid not null,
        id uuid not null,
        lender_id uuid not null,
        offer_id uuid not null,
        agreement_hash varchar(255),
        borrower_signature TEXT,
        disbursement_proof_url varchar(255),
        disbursement_reference varchar(255),
        lender_signature TEXT,
        repayment_type varchar(255) check (repayment_type in ('EMI','BULLET')),
        status varchar(255) not null check (status in ('NEGOTIATING','AWAITING_SIGNATURES','AWAITING_FEE','AWAITING_COLLATERAL','COLLATERAL_LOCKED','AGREED','ACTIVE','DEFAULTED','CLOSED','CANCELLED','DISPUTE_OPEN','LIQUIDATED','REPAID','MARGIN_CALL','LIQUIDATION_ELIGIBLE')),
        primary key (id)
    )
Hibernate: 
    create table negotiation_messages (
        is_system_message boolean not null,
        id bigint generated by default as identity,
        sent_at timestamp(6),
        loan_id uuid not null,
        sender_id uuid not null,
        message_text TEXT not null,
        primary key (id)
    )
Hibernate: 
    create table password_reset_token (
        expiry_date timestamp(6) not null,
        id uuid not null,
        user_id uuid not null,
        token varchar(255) not null,
        primary key (id)
    )
Hibernate: 
    create table platform_fees (
        amount_inr numeric(19,2) not null,
        created_at timestamp(6) not null,
        id uuid not null,
        loan_id uuid not null,
        payment_gateway_ref varchar(255),
        status varchar(255) not null check (status in ('PENDING','SUCCESS','FAILED','REFUNDED')),
        primary key (id)
    )
Hibernate: 
    create table user_kyc_details (
        created_at timestamp(6),
        user_id uuid not null,
        bank_account_number varchar(255),
        full_legal_name varchar(255),
        ifsc varchar(255),
        national_id_hash varchar(255),
        upi_id varchar(255),
        primary key (user_id)
    )
Hibernate: 
    create table users (
        created_at timestamp(6),
        updated_at timestamp(6),
        id uuid not null,
        email varchar(255) not null unique,
        kyc_status varchar(255) not null check (kyc_status in ('PENDING','VERIFIED','REJECTED')),
        password_hash varchar(255) not null,
        phone_number varchar(255),
        pseudonym varchar(255),
        primary key (id)
    )
Hibernate: 
    alter table if exists bitcoin_transactions 
       add constraint FKca6ucwxb2tm820i2je6ru7rei 
       foreign key (loan_id) 
       references loans
Hibernate: 
    alter table if exists loan_emis 
       add constraint FKh462fjxneqe778bqr2f4dbj96 
       foreign key (loan_id) 
       references loans
Hibernate: 
    alter table if exists loan_ledger 
       add constraint FKbhbin7df7db1oi65mf1mf8m1r 
       foreign key (loan_id) 
       references loans
Hibernate: 
    alter table if exists loan_ltv_history 
       add constraint FK709pdjducvwqynaukdq6liy72 
       foreign key (loan_id) 
       references loans
Hibernate: 
    alter table if exists loan_margin_calls 
       add constraint FKt50cjs2v9pevwbupkjd3gk0xp 
       foreign key (loan_id) 
       references loans
Hibernate: 
    alter table if exists loan_offers 
       add constraint FKotlnboct209ag5oe1f6jjdkcg 
       foreign key (lender_id) 
       references users
Hibernate: 
    alter table if exists loan_repayments 
       add constraint FKmvfjvk48bhsvwbdis0s9uwn1t 
       foreign key (loan_id) 
       references loans
Hibernate: 
    alter table if exists loans 
       add constraint FK2r7bo1dhntarh4c125saxyva4 
       foreign key (borrower_id) 
       references users
Hibernate: 
    alter table if exists loans 
       add constraint FKmncmom5b7vctpc4tmi5gj2qn8 
       foreign key (lender_id) 
       references users
Hibernate: 
    alter table if exists loans 
       add constraint FK1rrd03inw38lttlgt4d2vro1i 
       foreign key (offer_id) 
       references loan_offers
Hibernate: 
    alter table if exists negotiation_messages 
       add constraint FKkxstmoa7f57xwrykx3lainbsu 
       foreign key (loan_id) 
       references loans
Hibernate: 
    alter table if exists negotiation_messages 
       add constraint FKci8x3mbo26vy68ooxvryig0xa 
       foreign key (sender_id) 
       references users
Hibernate: 
    alter table if exists password_reset_token 
       add constraint FK83nsrttkwkb6ym0anu051mtxn 
       foreign key (user_id) 
       references users
Hibernate: 
    alter table if exists platform_fees 
       add constraint FK9uv5l1k1la1wdtq3p0focdimy 
       foreign key (loan_id) 
       references loans
Hibernate: 
    alter table if exists user_kyc_details 
       add constraint FKkyg0ht716i8c79ovettpt9ljy 
       foreign key (user_id) 
       references users
2026-03-13T13:51:59.709+05:30  INFO 48312 --- [LinkbitMVP] [           main] j.LocalContainerEntityManagerFactoryBean : Initialized JPA EntityManagerFactory for persistence unit 'default'
2026-03-13T13:52:00.771+05:30  INFO 48312 --- [LinkbitMVP] [           main] o.s.d.j.r.query.QueryEnhancerFactory     : Hibernate is in classpath; If applicable, HQL parser will be used.
2026-03-13T13:52:01.304+05:30  WARN 48312 --- [LinkbitMVP] [           main] JpaBaseConfiguration$JpaWebConfiguration : spring.jpa.open-in-view is enabled by default. Therefore, database queries may be performed during view rendering. Explicitly configure spring.jpa.open-in-view to disable this warning
2026-03-13T13:52:01.904+05:30  INFO 48312 --- [LinkbitMVP] [           main] o.s.s.web.DefaultSecurityFilterChain     : Will secure any request with [org.springframework.security.web.session.DisableEncodeUrlFilter@106a6420, org.springframework.security.web.context.request.async.WebAsyncManagerIntegrationFilter@60a54ad2, org.springframework.security.web.context.SecurityContextHolderFilter@139224ab, org.springframework.security.web.header.HeaderWriterFilter@75be6796, org.springframework.web.filter.CorsFilter@5fe1b8d2, org.springframework.security.web.authentication.logout.LogoutFilter@25727f74, com.linkbit.mvp.config.JwtAuthenticationFilter@7a14d8a4, org.springframework.security.web.savedrequest.RequestCacheAwareFilter@4dcdc172, org.springframework.security.web.servletapi.SecurityContextHolderAwareRequestFilter@7900d917, org.springframework.security.web.authentication.AnonymousAuthenticationFilter@597ef918, org.springframework.security.web.session.SessionManagementFilter@19858f26, org.springframework.security.web.access.ExceptionTranslationFilter@2227c82d, org.springframework.security.web.access.intercept.AuthorizationFilter@27131d01]
2026-03-13T13:52:02.754+05:30  INFO 48312 --- [LinkbitMVP] [           main] o.s.b.t.m.w.SpringBootMockServletContext : Initializing Spring TestDispatcherServlet ''
2026-03-13T13:52:02.755+05:30  INFO 48312 --- [LinkbitMVP] [           main] o.s.t.web.servlet.TestDispatcherServlet  : Initializing Servlet ''
2026-03-13T13:52:02.757+05:30  INFO 48312 --- [LinkbitMVP] [           main] o.s.t.web.servlet.TestDispatcherServlet  : Completed initialization in 2 ms
2026-03-13T13:52:02.784+05:30  INFO 48312 --- [LinkbitMVP] [           main] o.s.m.s.b.SimpleBrokerMessageHandler     : Starting...
2026-03-13T13:52:02.784+05:30  INFO 48312 --- [LinkbitMVP] [           main] o.s.m.s.b.SimpleBrokerMessageHandler     : BrokerAvailabilityEvent[available=true, SimpleBrokerMessageHandler [org.springframework.messaging.simp.broker.DefaultSubscriptionRegistry@337f6716]]
2026-03-13T13:52:02.789+05:30  INFO 48312 --- [LinkbitMVP] [           main] o.s.m.s.b.SimpleBrokerMessageHandler     : Started.
2026-03-13T13:52:02.807+05:30  INFO 48312 --- [LinkbitMVP] [           main] c.l.mvp.controller.EscrowControllerTest  : Started EscrowControllerTest in 9.629 seconds (process running for 11.305)
Hibernate: 
    select
        bt1_0.tx_hash,
        bt1_0.amount_sats,
        bt1_0.confirmations,
        bt1_0.created_at,
        bt1_0.loan_id,
        bt1_0.type 
    from
        bitcoin_transactions bt1_0
Hibernate: 
    select
        ea1_0.loan_id,
        ea1_0.created_at,
        ea1_0.current_balance_sats,
        ea1_0.escrow_address 
    from
        escrow_accounts ea1_0
Hibernate: 
    select
        l1_0.id,
        l1_0.agreement_hash,
        l1_0.borrower_id,
        l1_0.borrower_signature,
        l1_0.collateral_btc_amount,
        l1_0.collateral_value_inr,
        l1_0.created_at,
        l1_0.current_ltv_percent,
        l1_0.disbursement_proof_url,
        l1_0.disbursement_reference,
        l1_0.emi_amount,
        l1_0.emi_count,
        l1_0.expected_ltv_percent,
        l1_0.fiat_disbursed_at,
        l1_0.fiat_received_confirmed_at,
        l1_0.interest_outstanding,
        l1_0.interest_rate,
        l1_0.last_price_update,
        l1_0.lender_id,
        l1_0.lender_signature,
        l1_0.liquidation_ltv_percent,
        l1_0.margin_call_ltv_percent,
        l1_0.offer_id,
        l1_0.principal_amount,
        l1_0.principal_outstanding,
        l1_0.repayment_type,
        l1_0.status,
        l1_0.tenure_days,
        l1_0.total_outstanding,
        l1_0.total_repayment_amount,
        l1_0.updated_at 
    from
        loans l1_0
Hibernate: 
    select
        lo1_0.id,
        lo1_0.created_at,
        lo1_0.expected_ltv_percent,
        lo1_0.interest_rate,
        lo1_0.lender_id,
        lo1_0.loan_amount_inr,
        lo1_0.status,
        lo1_0.tenure_days,
        lo1_0.updated_at 
    from
        loan_offers lo1_0
Hibernate: 
    select
        u1_0.id,
        u1_0.created_at,
        u1_0.email,
        u1_0.kyc_status,
        u1_0.password_hash,
        u1_0.phone_number,
        u1_0.pseudonym,
        u1_0.updated_at 
    from
        users u1_0
Hibernate: 
    insert 
    into
        users
        (created_at, email, kyc_status, password_hash, phone_number, pseudonym, updated_at, id) 
    values
        (?, ?, ?, ?, ?, ?, ?, ?)
Hibernate: 
    insert 
    into
        users
        (created_at, email, kyc_status, password_hash, phone_number, pseudonym, updated_at, id) 
    values
        (?, ?, ?, ?, ?, ?, ?, ?)
Hibernate: 
    insert 
    into
        loan_offers
        (created_at, expected_ltv_percent, interest_rate, lender_id, loan_amount_inr, status, tenure_days, updated_at, id) 
    values
        (?, ?, ?, ?, ?, ?, ?, ?, ?)
Hibernate: 
    insert 
    into
        loans
        (agreement_hash, borrower_id, borrower_signature, collateral_btc_amount, collateral_value_inr, created_at, current_ltv_percent, disbursement_proof_url, disbursement_reference, emi_amount, emi_count, expected_ltv_percent, fiat_disbursed_at, fiat_received_confirmed_at, interest_outstanding, interest_rate, last_price_update, lender_id, lender_signature, liquidation_ltv_percent, margin_call_ltv_percent, offer_id, principal_amount, principal_outstanding, repayment_type, status, tenure_days, total_outstanding, total_repayment_amount, updated_at, id) 
    values
        (?, ?, ?, ?, ?, ?, ?, ?, ?, ?, ?, ?, ?, ?, ?, ?, ?, ?, ?, ?, ?, ?, ?, ?, ?, ?, ?, ?, ?, ?, ?)
Hibernate: 
    select
        u1_0.id,
        u1_0.created_at,
        u1_0.email,
        u1_0.kyc_status,
        u1_0.password_hash,
        u1_0.phone_number,
        u1_0.pseudonym,
        u1_0.updated_at 
    from
        users u1_0 
    where
        u1_0.email=?
Hibernate: 
    select
        ukd1_0.user_id,
        ukd1_0.bank_account_number,
        ukd1_0.created_at,
        ukd1_0.full_legal_name,
        ukd1_0.ifsc,
        ukd1_0.national_id_hash,
        ukd1_0.upi_id,
        u1_0.id,
        u1_0.created_at,
        u1_0.email,
        u1_0.kyc_status,
        u1_0.password_hash,
        u1_0.phone_number,
        u1_0.pseudonym,
        u1_0.updated_at 
    from
        user_kyc_details ukd1_0 
    join
        users u1_0 
            on u1_0.id=ukd1_0.user_id 
    where
        ukd1_0.user_id=?
Hibernate: 
    select
        u1_0.id,
        u1_0.created_at,
        u1_0.email,
        u1_0.kyc_status,
        u1_0.password_hash,
        u1_0.phone_number,
        u1_0.pseudonym,
        u1_0.updated_at 
    from
        users u1_0 
    where
        u1_0.email=?
Hibernate: 
    select
        ukd1_0.user_id,
        ukd1_0.bank_account_number,
        ukd1_0.created_at,
        ukd1_0.full_legal_name,
        ukd1_0.ifsc,
        ukd1_0.national_id_hash,
        ukd1_0.upi_id,
        u1_0.id,
        u1_0.created_at,
        u1_0.email,
        u1_0.kyc_status,
        u1_0.password_hash,
        u1_0.phone_number,
        u1_0.pseudonym,
        u1_0.updated_at 
    from
        user_kyc_details ukd1_0 
    join
        users u1_0 
            on u1_0.id=ukd1_0.user_id 
    where
        ukd1_0.user_id=?
Hibernate: 
    select
        l1_0.id,
        l1_0.agreement_hash,
        l1_0.borrower_id,
        l1_0.borrower_signature,
        l1_0.collateral_btc_amount,
        l1_0.collateral_value_inr,
        l1_0.created_at,
        l1_0.current_ltv_percent,
        l1_0.disbursement_proof_url,
        l1_0.disbursement_reference,
        l1_0.emi_amount,
        l1_0.emi_count,
        l1_0.expected_ltv_percent,
        l1_0.fiat_disbursed_at,
        l1_0.fiat_received_confirmed_at,
        l1_0.interest_outstanding,
        l1_0.interest_rate,
        l1_0.last_price_update,
        l1_0.lender_id,
        l1_0.lender_signature,
        l1_0.liquidation_ltv_percent,
        l1_0.margin_call_ltv_percent,
        l1_0.offer_id,
        l1_0.principal_amount,
        l1_0.principal_outstanding,
        l1_0.repayment_type,
        l1_0.status,
        l1_0.tenure_days,
        l1_0.total_outstanding,
        l1_0.total_repayment_amount,
        l1_0.updated_at 
    from
        loans l1_0 
    where
        l1_0.id=?
Hibernate: 
    select
        l1_0.id,
        l1_0.agreement_hash,
        l1_0.borrower_id,
        l1_0.borrower_signature,
        l1_0.collateral_btc_amount,
        l1_0.collateral_value_inr,
        l1_0.created_at,
        l1_0.current_ltv_percent,
        l1_0.disbursement_proof_url,
        l1_0.disbursement_reference,
        l1_0.emi_amount,
        l1_0.emi_count,
        l1_0.expected_ltv_percent,
        l1_0.fiat_disbursed_at,
        l1_0.fiat_received_confirmed_at,
        l1_0.interest_outstanding,
        l1_0.interest_rate,
        l1_0.last_price_update,
        l1_0.lender_id,
        l1_0.lender_signature,
        l1_0.liquidation_ltv_percent,
        l1_0.margin_call_ltv_percent,
        l1_0.offer_id,
        l1_0.principal_amount,
        l1_0.principal_outstanding,
        l1_0.repayment_type,
        l1_0.status,
        l1_0.tenure_days,
        l1_0.total_outstanding,
        l1_0.total_repayment_amount,
        l1_0.updated_at 
    from
        loans l1_0 
    where
        l1_0.status in (?, ?, ?)
Hibernate: 
    select
        count(*) 
    from
        escrow_accounts ea1_0 
    where
        ea1_0.loan_id=?
Hibernate: 
    INSERT 
    INTO
        escrow_accounts
        (loan_id, escrow_address, current_balance_sats, created_at) 
    VALUES
        (?, ?, ?, CURRENT_TIMESTAMP)
Hibernate: 
    select
        ea1_0.loan_id,
        ea1_0.created_at,
        ea1_0.current_balance_sats,
        ea1_0.escrow_address 
    from
        escrow_accounts ea1_0 
    where
        ea1_0.loan_id=?
Hibernate: 
    select
        u1_0.id,
        u1_0.created_at,
        u1_0.email,
        u1_0.kyc_status,
        u1_0.password_hash,
        u1_0.phone_number,
        u1_0.pseudonym,
        u1_0.updated_at 
    from
        users u1_0 
    where
        u1_0.email=?
Hibernate: 
    select
        ukd1_0.user_id,
        ukd1_0.bank_account_number,
        ukd1_0.created_at,
        ukd1_0.full_legal_name,
        ukd1_0.ifsc,
        ukd1_0.national_id_hash,
        ukd1_0.upi_id,
        u1_0.id,
        u1_0.created_at,
        u1_0.email,
        u1_0.kyc_status,
        u1_0.password_hash,
        u1_0.phone_number,
        u1_0.pseudonym,
        u1_0.updated_at 
    from
        user_kyc_details ukd1_0 
    join
        users u1_0 
            on u1_0.id=ukd1_0.user_id 
    where
        ukd1_0.user_id=?
Hibernate: 
    select
        u1_0.id,
        u1_0.created_at,
        u1_0.email,
        u1_0.kyc_status,
        u1_0.password_hash,
        u1_0.phone_number,
        u1_0.pseudonym,
        u1_0.updated_at 
    from
        users u1_0 
    where
        u1_0.email=?
Hibernate: 
    select
        ukd1_0.user_id,
        ukd1_0.bank_account_number,
        ukd1_0.created_at,
        ukd1_0.full_legal_name,
        ukd1_0.ifsc,
        ukd1_0.national_id_hash,
        ukd1_0.upi_id,
        u1_0.id,
        u1_0.created_at,
        u1_0.email,
        u1_0.kyc_status,
        u1_0.password_hash,
        u1_0.phone_number,
        u1_0.pseudonym,
        u1_0.updated_at 
    from
        user_kyc_details ukd1_0 
    join
        users u1_0 
            on u1_0.id=ukd1_0.user_id 
    where
        ukd1_0.user_id=?
Hibernate: 
    select
        l1_0.id,
        l1_0.agreement_hash,
        l1_0.borrower_id,
        l1_0.borrower_signature,
        l1_0.collateral_btc_amount,
        l1_0.collateral_value_inr,
        l1_0.created_at,
        l1_0.current_ltv_percent,
        l1_0.disbursement_proof_url,
        l1_0.disbursement_reference,
        l1_0.emi_amount,
        l1_0.emi_count,
        l1_0.expected_ltv_percent,
        l1_0.fiat_disbursed_at,
        l1_0.fiat_received_confirmed_at,
        l1_0.interest_outstanding,
        l1_0.interest_rate,
        l1_0.last_price_update,
        l1_0.lender_id,
        l1_0.lender_signature,
        l1_0.liquidation_ltv_percent,
        l1_0.margin_call_ltv_percent,
        l1_0.offer_id,
        l1_0.principal_amount,
        l1_0.principal_outstanding,
        l1_0.repayment_type,
        l1_0.status,
        l1_0.tenure_days,
        l1_0.total_outstanding,
        l1_0.total_repayment_amount,
        l1_0.updated_at 
    from
        loans l1_0 
    where
        l1_0.id=?
Hibernate: 
    select
        count(*) 
    from
        escrow_accounts ea1_0 
    where
        ea1_0.loan_id=?
Hibernate: 
    select
        bt1_0.tx_hash,
        bt1_0.amount_sats,
        bt1_0.confirmations,
        bt1_0.created_at,
        bt1_0.loan_id,
        bt1_0.type 
    from
        bitcoin_transactions bt1_0 
    where
        bt1_0.tx_hash=?
Hibernate: 
    insert 
    into
        bitcoin_transactions
        (amount_sats, confirmations, created_at, loan_id, type, tx_hash) 
    values
        (?, ?, ?, ?, ?, ?)
Hibernate: 
    select
        u1_0.id,
        u1_0.created_at,
        u1_0.email,
        u1_0.kyc_status,
        u1_0.password_hash,
        u1_0.phone_number,
        u1_0.pseudonym,
        u1_0.updated_at 
    from
        users u1_0 
    where
        u1_0.email=?
Hibernate: 
    select
        ukd1_0.user_id,
        ukd1_0.bank_account_number,
        ukd1_0.created_at,
        ukd1_0.full_legal_name,
        ukd1_0.ifsc,
        ukd1_0.national_id_hash,
        ukd1_0.upi_id,
        u1_0.id,
        u1_0.created_at,
        u1_0.email,
        u1_0.kyc_status,
        u1_0.password_hash,
        u1_0.phone_number,
        u1_0.pseudonym,
        u1_0.updated_at 
    from
        user_kyc_details ukd1_0 
    join
        users u1_0 
            on u1_0.id=ukd1_0.user_id 
    where
        ukd1_0.user_id=?
Hibernate: 
    select
        l1_0.id,
        l1_0.agreement_hash,
        l1_0.borrower_id,
        l1_0.borrower_signature,
        l1_0.collateral_btc_amount,
        l1_0.collateral_value_inr,
        l1_0.created_at,
        l1_0.current_ltv_percent,
        l1_0.disbursement_proof_url,
        l1_0.disbursement_reference,
        l1_0.emi_amount,
        l1_0.emi_count,
        l1_0.expected_ltv_percent,
        l1_0.fiat_disbursed_at,
        l1_0.fiat_received_confirmed_at,
        l1_0.interest_outstanding,
        l1_0.interest_rate,
        l1_0.last_price_update,
        l1_0.lender_id,
        l1_0.lender_signature,
        l1_0.liquidation_ltv_percent,
        l1_0.margin_call_ltv_percent,
        l1_0.offer_id,
        l1_0.principal_amount,
        l1_0.principal_outstanding,
        l1_0.repayment_type,
        l1_0.status,
        l1_0.tenure_days,
        l1_0.total_outstanding,
        l1_0.total_repayment_amount,
        l1_0.updated_at 
    from
        loans l1_0 
    where
        l1_0.id=?
Hibernate: 
    select
        ea1_0.loan_id,
        ea1_0.created_at,
        ea1_0.current_balance_sats,
        ea1_0.escrow_address 
    from
        escrow_accounts ea1_0 
    where
        ea1_0.loan_id=?
Hibernate: 
    select
        bt1_0.tx_hash,
        bt1_0.amount_sats,
        bt1_0.confirmations,
        bt1_0.created_at,
        bt1_0.loan_id,
        bt1_0.type 
    from
        bitcoin_transactions bt1_0 
    left join
        loans l1_0 
            on l1_0.id=bt1_0.loan_id 
    where
        l1_0.id=?
Hibernate: 
    update
        loans 
    set
        agreement_hash=?,
        borrower_id=?,
        borrower_signature=?,
        collateral_btc_amount=?,
        collateral_value_inr=?,
        current_ltv_percent=?,
        disbursement_proof_url=?,
        disbursement_reference=?,
        emi_amount=?,
        emi_count=?,
        expected_ltv_percent=?,
        fiat_disbursed_at=?,
        fiat_received_confirmed_at=?,
        interest_outstanding=?,
        interest_rate=?,
        last_price_update=?,
        lender_id=?,
        lender_signature=?,
        liquidation_ltv_percent=?,
        margin_call_ltv_percent=?,
        offer_id=?,
        principal_amount=?,
        principal_outstanding=?,
        repayment_type=?,
        status=?,
        tenure_days=?,
        total_outstanding=?,
        total_repayment_amount=?,
        updated_at=? 
    where
        id=?
Hibernate: 
    update
        escrow_accounts 
    set
        current_balance_sats=?,
        escrow_address=? 
    where
        loan_id=?
Hibernate: 
    update
        bitcoin_transactions 
    set
        amount_sats=?,
        confirmations=?,
        loan_id=?,
        type=? 
    where
        tx_hash=?
Hibernate: 
    select
        l1_0.id,
        l1_0.agreement_hash,
        l1_0.borrower_id,
        l1_0.borrower_signature,
        l1_0.collateral_btc_amount,
        l1_0.collateral_value_inr,
        l1_0.created_at,
        l1_0.current_ltv_percent,
        l1_0.disbursement_proof_url,
        l1_0.disbursement_reference,
        l1_0.emi_amount,
        l1_0.emi_count,
        l1_0.expected_ltv_percent,
        l1_0.fiat_disbursed_at,
        l1_0.fiat_received_confirmed_at,
        l1_0.interest_outstanding,
        l1_0.interest_rate,
        l1_0.last_price_update,
        l1_0.lender_id,
        l1_0.lender_signature,
        l1_0.liquidation_ltv_percent,
        l1_0.margin_call_ltv_percent,
        l1_0.offer_id,
        l1_0.principal_amount,
        l1_0.principal_outstanding,
        l1_0.repayment_type,
        l1_0.status,
        l1_0.tenure_days,
        l1_0.total_outstanding,
        l1_0.total_repayment_amount,
        l1_0.updated_at 
    from
        loans l1_0 
    where
        l1_0.id=?
Hibernate: 
    select
        ea1_0.loan_id,
        ea1_0.created_at,
        ea1_0.current_balance_sats,
        ea1_0.escrow_address 
    from
        escrow_accounts ea1_0 
    where
        ea1_0.loan_id=?
Hibernate: 
    select
        l1_0.id,
        l1_0.agreement_hash,
        l1_0.borrower_id,
        l1_0.borrower_signature,
        l1_0.collateral_btc_amount,
        l1_0.collateral_value_inr,
        l1_0.created_at,
        l1_0.current_ltv_percent,
        l1_0.disbursement_proof_url,
        l1_0.disbursement_reference,
        l1_0.emi_amount,
        l1_0.emi_count,
        l1_0.expected_ltv_percent,
        l1_0.fiat_disbursed_at,
        l1_0.fiat_received_confirmed_at,
        l1_0.interest_outstanding,
        l1_0.interest_rate,
        l1_0.last_price_update,
        l1_0.lender_id,
        l1_0.lender_signature,
        l1_0.liquidation_ltv_percent,
        l1_0.margin_call_ltv_percent,
        l1_0.offer_id,
        l1_0.principal_amount,
        l1_0.principal_outstanding,
        l1_0.repayment_type,
        l1_0.status,
        l1_0.tenure_days,
        l1_0.total_outstanding,
        l1_0.total_repayment_amount,
        l1_0.updated_at 
    from
        loans l1_0 
    where
        l1_0.id=?
Hibernate: 
    select
        bt1_0.tx_hash,
        bt1_0.amount_sats,
        bt1_0.confirmations,
        bt1_0.created_at,
        bt1_0.loan_id,
        bt1_0.type 
    from
        bitcoin_transactions bt1_0
Hibernate: 
    delete 
    from
        bitcoin_transactions 
    where
        tx_hash=?
Hibernate: 
    select
        ea1_0.loan_id,
        ea1_0.created_at,
        ea1_0.current_balance_sats,
        ea1_0.escrow_address 
    from
        escrow_accounts ea1_0
Hibernate: 
    select
        l1_0.id,
        l1_0.agreement_hash,
        l1_0.borrower_id,
        l1_0.borrower_signature,
        l1_0.collateral_btc_amount,
        l1_0.collateral_value_inr,
        l1_0.created_at,
        l1_0.current_ltv_percent,
        l1_0.disbursement_proof_url,
        l1_0.disbursement_reference,
        l1_0.emi_amount,
        l1_0.emi_count,
        l1_0.expected_ltv_percent,
        l1_0.fiat_disbursed_at,
        l1_0.fiat_received_confirmed_at,
        l1_0.interest_outstanding,
        l1_0.interest_rate,
        l1_0.last_price_update,
        l1_0.lender_id,
        l1_0.lender_signature,
        l1_0.liquidation_ltv_percent,
        l1_0.margin_call_ltv_percent,
        l1_0.offer_id,
        l1_0.principal_amount,
        l1_0.principal_outstanding,
        l1_0.repayment_type,
        l1_0.status,
        l1_0.tenure_days,
        l1_0.total_outstanding,
        l1_0.total_repayment_amount,
        l1_0.updated_at 
    from
        loans l1_0 
    where
        l1_0.id=?
Hibernate: 
    delete 
    from
        escrow_accounts 
    where
        loan_id=?
Hibernate: 
    select
        l1_0.id,
        l1_0.agreement_hash,
        l1_0.borrower_id,
        l1_0.borrower_signature,
        l1_0.collateral_btc_amount,
        l1_0.collateral_value_inr,
        l1_0.created_at,
        l1_0.current_ltv_percent,
        l1_0.disbursement_proof_url,
        l1_0.disbursement_reference,
        l1_0.emi_amount,
        l1_0.emi_count,
        l1_0.expected_ltv_percent,
        l1_0.fiat_disbursed_at,
        l1_0.fiat_received_confirmed_at,
        l1_0.interest_outstanding,
        l1_0.interest_rate,
        l1_0.last_price_update,
        l1_0.lender_id,
        l1_0.lender_signature,
        l1_0.liquidation_ltv_percent,
        l1_0.margin_call_ltv_percent,
        l1_0.offer_id,
        l1_0.principal_amount,
        l1_0.principal_outstanding,
        l1_0.repayment_type,
        l1_0.status,
        l1_0.tenure_days,
        l1_0.total_outstanding,
        l1_0.total_repayment_amount,
        l1_0.updated_at 
    from
        loans l1_0
Hibernate: 
    select
        nm1_0.loan_id,
        nm1_0.id,
        nm1_0.is_system_message,
        nm1_0.message_text,
        nm1_0.sender_id,
        nm1_0.sent_at 
    from
        negotiation_messages nm1_0 
    where
        nm1_0.loan_id=?
Hibernate: 
    delete 
    from
        loans 
    where
        id=?
Hibernate: 
    select
        lo1_0.id,
        lo1_0.created_at,
        lo1_0.expected_ltv_percent,
        lo1_0.interest_rate,
        lo1_0.lender_id,
        lo1_0.loan_amount_inr,
        lo1_0.status,
        lo1_0.tenure_days,
        lo1_0.updated_at 
    from
        loan_offers lo1_0
Hibernate: 
    delete 
    from
        loan_offers 
    where
        id=?
Hibernate: 
    select
        u1_0.id,
        u1_0.created_at,
        u1_0.email,
        u1_0.kyc_status,
        u1_0.password_hash,
        u1_0.phone_number,
        u1_0.pseudonym,
        u1_0.updated_at 
    from
        users u1_0
Hibernate: 
    select
        ukd1_0.user_id,
        ukd1_0.bank_account_number,
        ukd1_0.created_at,
        ukd1_0.full_legal_name,
        ukd1_0.ifsc,
        ukd1_0.national_id_hash,
        ukd1_0.upi_id,
        u1_0.id,
        u1_0.created_at,
        u1_0.email,
        u1_0.kyc_status,
        u1_0.password_hash,
        u1_0.phone_number,
        u1_0.pseudonym,
        u1_0.updated_at 
    from
        user_kyc_details ukd1_0 
    join
        users u1_0 
            on u1_0.id=ukd1_0.user_id 
    where
        ukd1_0.user_id=?
Hibernate: 
    select
        ukd1_0.user_id,
        ukd1_0.bank_account_number,
        ukd1_0.created_at,
        ukd1_0.full_legal_name,
        ukd1_0.ifsc,
        ukd1_0.national_id_hash,
        ukd1_0.upi_id,
        u1_0.id,
        u1_0.created_at,
        u1_0.email,
        u1_0.kyc_status,
        u1_0.password_hash,
        u1_0.phone_number,
        u1_0.pseudonym,
        u1_0.updated_at 
    from
        user_kyc_details ukd1_0 
    join
        users u1_0 
            on u1_0.id=ukd1_0.user_id 
    where
        ukd1_0.user_id=?
Hibernate: 
    delete 
    from
        users 
    where
        id=?
Hibernate: 
    delete 
    from
        users 
    where
        id=?
Hibernate: 
    insert 
    into
        users
        (created_at, email, kyc_status, password_hash, phone_number, pseudonym, updated_at, id) 
    values
        (?, ?, ?, ?, ?, ?, ?, ?)
Hibernate: 
    insert 
    into
        users
        (created_at, email, kyc_status, password_hash, phone_number, pseudonym, updated_at, id) 
    values
        (?, ?, ?, ?, ?, ?, ?, ?)
Hibernate: 
    insert 
    into
        loan_offers
        (created_at, expected_ltv_percent, interest_rate, lender_id, loan_amount_inr, status, tenure_days, updated_at, id) 
    values
        (?, ?, ?, ?, ?, ?, ?, ?, ?)
Hibernate: 
    insert 
    into
        loans
        (agreement_hash, borrower_id, borrower_signature, collateral_btc_amount, collateral_value_inr, created_at, current_ltv_percent, disbursement_proof_url, disbursement_reference, emi_amount, emi_count, expected_ltv_percent, fiat_disbursed_at, fiat_received_confirmed_at, interest_outstanding, interest_rate, last_price_update, lender_id, lender_signature, liquidation_ltv_percent, margin_call_ltv_percent, offer_id, principal_amount, principal_outstanding, repayment_type, status, tenure_days, total_outstanding, total_repayment_amount, updated_at, id) 
    values
        (?, ?, ?, ?, ?, ?, ?, ?, ?, ?, ?, ?, ?, ?, ?, ?, ?, ?, ?, ?, ?, ?, ?, ?, ?, ?, ?, ?, ?, ?, ?)
Hibernate: 
    select
        u1_0.id,
        u1_0.created_at,
        u1_0.email,
        u1_0.kyc_status,
        u1_0.password_hash,
        u1_0.phone_number,
        u1_0.pseudonym,
        u1_0.updated_at 
    from
        users u1_0 
    where
        u1_0.email=?
Hibernate: 
    select
        ukd1_0.user_id,
        ukd1_0.bank_account_number,
        ukd1_0.created_at,
        ukd1_0.full_legal_name,
        ukd1_0.ifsc,
        ukd1_0.national_id_hash,
        ukd1_0.upi_id,
        u1_0.id,
        u1_0.created_at,
        u1_0.email,
        u1_0.kyc_status,
        u1_0.password_hash,
        u1_0.phone_number,
        u1_0.pseudonym,
        u1_0.updated_at 
    from
        user_kyc_details ukd1_0 
    join
        users u1_0 
            on u1_0.id=ukd1_0.user_id 
    where
        ukd1_0.user_id=?
Hibernate: 
    select
        u1_0.id,
        u1_0.created_at,
        u1_0.email,
        u1_0.kyc_status,
        u1_0.password_hash,
        u1_0.phone_number,
        u1_0.pseudonym,
        u1_0.updated_at 
    from
        users u1_0 
    where
        u1_0.email=?
Hibernate: 
    select
        ukd1_0.user_id,
        ukd1_0.bank_account_number,
        ukd1_0.created_at,
        ukd1_0.full_legal_name,
        ukd1_0.ifsc,
        ukd1_0.national_id_hash,
        ukd1_0.upi_id,
        u1_0.id,
        u1_0.created_at,
        u1_0.email,
        u1_0.kyc_status,
        u1_0.password_hash,
        u1_0.phone_number,
        u1_0.pseudonym,
        u1_0.updated_at 
    from
        user_kyc_details ukd1_0 
    join
        users u1_0 
            on u1_0.id=ukd1_0.user_id 
    where
        ukd1_0.user_id=?
Hibernate: 
    select
        l1_0.id,
        l1_0.agreement_hash,
        l1_0.borrower_id,
        l1_0.borrower_signature,
        l1_0.collateral_btc_amount,
        l1_0.collateral_value_inr,
        l1_0.created_at,
        l1_0.current_ltv_percent,
        l1_0.disbursement_proof_url,
        l1_0.disbursement_reference,
        l1_0.emi_amount,
        l1_0.emi_count,
        l1_0.expected_ltv_percent,
        l1_0.fiat_disbursed_at,
        l1_0.fiat_received_confirmed_at,
        l1_0.interest_outstanding,
        l1_0.interest_rate,
        l1_0.last_price_update,
        l1_0.lender_id,
        l1_0.lender_signature,
        l1_0.liquidation_ltv_percent,
        l1_0.margin_call_ltv_percent,
        l1_0.offer_id,
        l1_0.principal_amount,
        l1_0.principal_outstanding,
        l1_0.repayment_type,
        l1_0.status,
        l1_0.tenure_days,
        l1_0.total_outstanding,
        l1_0.total_repayment_amount,
        l1_0.updated_at 
    from
        loans l1_0 
    where
        l1_0.id=?
Hibernate: 
    select
        count(*) 
    from
        escrow_accounts ea1_0 
    where
        ea1_0.loan_id=?
Hibernate: 
    INSERT 
    INTO
        escrow_accounts
        (loan_id, escrow_address, current_balance_sats, created_at) 
    VALUES
        (?, ?, ?, CURRENT_TIMESTAMP)
Hibernate: 
    select
        ea1_0.loan_id,
        ea1_0.created_at,
        ea1_0.current_balance_sats,
        ea1_0.escrow_address 
    from
        escrow_accounts ea1_0 
    where
        ea1_0.loan_id=?
Hibernate: 
    select
        u1_0.id,
        u1_0.created_at,
        u1_0.email,
        u1_0.kyc_status,
        u1_0.password_hash,
        u1_0.phone_number,
        u1_0.pseudonym,
        u1_0.updated_at 
    from
        users u1_0 
    where
        u1_0.email=?
Hibernate: 
    select
        ukd1_0.user_id,
        ukd1_0.bank_account_number,
        ukd1_0.created_at,
        ukd1_0.full_legal_name,
        ukd1_0.ifsc,
        ukd1_0.national_id_hash,
        ukd1_0.upi_id,
        u1_0.id,
        u1_0.created_at,
        u1_0.email,
        u1_0.kyc_status,
        u1_0.password_hash,
        u1_0.phone_number,
        u1_0.pseudonym,
        u1_0.updated_at 
    from
        user_kyc_details ukd1_0 
    join
        users u1_0 
            on u1_0.id=ukd1_0.user_id 
    where
        ukd1_0.user_id=?
Hibernate: 
    select
        u1_0.id,
        u1_0.created_at,
        u1_0.email,
        u1_0.kyc_status,
        u1_0.password_hash,
        u1_0.phone_number,
        u1_0.pseudonym,
        u1_0.updated_at 
    from
        users u1_0 
    where
        u1_0.email=?
Hibernate: 
    select
        ukd1_0.user_id,
        ukd1_0.bank_account_number,
        ukd1_0.created_at,
        ukd1_0.full_legal_name,
        ukd1_0.ifsc,
        ukd1_0.national_id_hash,
        ukd1_0.upi_id,
        u1_0.id,
        u1_0.created_at,
        u1_0.email,
        u1_0.kyc_status,
        u1_0.password_hash,
        u1_0.phone_number,
        u1_0.pseudonym,
        u1_0.updated_at 
    from
        user_kyc_details ukd1_0 
    join
        users u1_0 
            on u1_0.id=ukd1_0.user_id 
    where
        ukd1_0.user_id=?
Hibernate: 
    select
        l1_0.id,
        l1_0.agreement_hash,
        l1_0.borrower_id,
        l1_0.borrower_signature,
        l1_0.collateral_btc_amount,
        l1_0.collateral_value_inr,
        l1_0.created_at,
        l1_0.current_ltv_percent,
        l1_0.disbursement_proof_url,
        l1_0.disbursement_reference,
        l1_0.emi_amount,
        l1_0.emi_count,
        l1_0.expected_ltv_percent,
        l1_0.fiat_disbursed_at,
        l1_0.fiat_received_confirmed_at,
        l1_0.interest_outstanding,
        l1_0.interest_rate,
        l1_0.last_price_update,
        l1_0.lender_id,
        l1_0.lender_signature,
        l1_0.liquidation_ltv_percent,
        l1_0.margin_call_ltv_percent,
        l1_0.offer_id,
        l1_0.principal_amount,
        l1_0.principal_outstanding,
        l1_0.repayment_type,
        l1_0.status,
        l1_0.tenure_days,
        l1_0.total_outstanding,
        l1_0.total_repayment_amount,
        l1_0.updated_at 
    from
        loans l1_0 
    where
        l1_0.id=?
Hibernate: 
    select
        count(*) 
    from
        escrow_accounts ea1_0 
    where
        ea1_0.loan_id=?
Hibernate: 
    select
        bt1_0.tx_hash,
        bt1_0.amount_sats,
        bt1_0.confirmations,
        bt1_0.created_at,
        bt1_0.loan_id,
        bt1_0.type 
    from
        bitcoin_transactions bt1_0 
    where
        bt1_0.tx_hash=?
Hibernate: 
    insert 
    into
        bitcoin_transactions
        (amount_sats, confirmations, created_at, loan_id, type, tx_hash) 
    values
        (?, ?, ?, ?, ?, ?)
Hibernate: 
    select
        bt1_0.tx_hash,
        bt1_0.amount_sats,
        bt1_0.confirmations,
        bt1_0.created_at,
        bt1_0.loan_id,
        bt1_0.type 
    from
        bitcoin_transactions bt1_0 
    left join
        loans l1_0 
            on l1_0.id=bt1_0.loan_id 
    where
        l1_0.id=?
Hibernate: 
    select
        bt1_0.tx_hash,
        bt1_0.amount_sats,
        bt1_0.confirmations,
        bt1_0.created_at,
        bt1_0.loan_id,
        bt1_0.type 
    from
        bitcoin_transactions bt1_0
Hibernate: 
    delete 
    from
        bitcoin_transactions 
    where
        tx_hash=?
Hibernate: 
    select
        ea1_0.loan_id,
        ea1_0.created_at,
        ea1_0.current_balance_sats,
        ea1_0.escrow_address 
    from
        escrow_accounts ea1_0
Hibernate: 
    select
        l1_0.id,
        l1_0.agreement_hash,
        l1_0.borrower_id,
        l1_0.borrower_signature,
        l1_0.collateral_btc_amount,
        l1_0.collateral_value_inr,
        l1_0.created_at,
        l1_0.current_ltv_percent,
        l1_0.disbursement_proof_url,
        l1_0.disbursement_reference,
        l1_0.emi_amount,
        l1_0.emi_count,
        l1_0.expected_ltv_percent,
        l1_0.fiat_disbursed_at,
        l1_0.fiat_received_confirmed_at,
        l1_0.interest_outstanding,
        l1_0.interest_rate,
        l1_0.last_price_update,
        l1_0.lender_id,
        l1_0.lender_signature,
        l1_0.liquidation_ltv_percent,
        l1_0.margin_call_ltv_percent,
        l1_0.offer_id,
        l1_0.principal_amount,
        l1_0.principal_outstanding,
        l1_0.repayment_type,
        l1_0.status,
        l1_0.tenure_days,
        l1_0.total_outstanding,
        l1_0.total_repayment_amount,
        l1_0.updated_at 
    from
        loans l1_0 
    where
        l1_0.id=?
Hibernate: 
    delete 
    from
        escrow_accounts 
    where
        loan_id=?
Hibernate: 
    select
        l1_0.id,
        l1_0.agreement_hash,
        l1_0.borrower_id,
        l1_0.borrower_signature,
        l1_0.collateral_btc_amount,
        l1_0.collateral_value_inr,
        l1_0.created_at,
        l1_0.current_ltv_percent,
        l1_0.disbursement_proof_url,
        l1_0.disbursement_reference,
        l1_0.emi_amount,
        l1_0.emi_count,
        l1_0.expected_ltv_percent,
        l1_0.fiat_disbursed_at,
        l1_0.fiat_received_confirmed_at,
        l1_0.interest_outstanding,
        l1_0.interest_rate,
        l1_0.last_price_update,
        l1_0.lender_id,
        l1_0.lender_signature,
        l1_0.liquidation_ltv_percent,
        l1_0.margin_call_ltv_percent,
        l1_0.offer_id,
        l1_0.principal_amount,
        l1_0.principal_outstanding,
        l1_0.repayment_type,
        l1_0.status,
        l1_0.tenure_days,
        l1_0.total_outstanding,
        l1_0.total_repayment_amount,
        l1_0.updated_at 
    from
        loans l1_0
Hibernate: 
    select
        nm1_0.loan_id,
        nm1_0.id,
        nm1_0.is_system_message,
        nm1_0.message_text,
        nm1_0.sender_id,
        nm1_0.sent_at 
    from
        negotiation_messages nm1_0 
    where
        nm1_0.loan_id=?
Hibernate: 
    delete 
    from
        loans 
    where
        id=?
Hibernate: 
    select
        lo1_0.id,
        lo1_0.created_at,
        lo1_0.expected_ltv_percent,
        lo1_0.interest_rate,
        lo1_0.lender_id,
        lo1_0.loan_amount_inr,
        lo1_0.status,
        lo1_0.tenure_days,
        lo1_0.updated_at 
    from
        loan_offers lo1_0
Hibernate: 
    delete 
    from
        loan_offers 
    where
        id=?
Hibernate: 
    select
        u1_0.id,
        u1_0.created_at,
        u1_0.email,
        u1_0.kyc_status,
        u1_0.password_hash,
        u1_0.phone_number,
        u1_0.pseudonym,
        u1_0.updated_at 
    from
        users u1_0
Hibernate: 
    select
        ukd1_0.user_id,
        ukd1_0.bank_account_number,
        ukd1_0.created_at,
        ukd1_0.full_legal_name,
        ukd1_0.ifsc,
        ukd1_0.national_id_hash,
        ukd1_0.upi_id,
        u1_0.id,
        u1_0.created_at,
        u1_0.email,
        u1_0.kyc_status,
        u1_0.password_hash,
        u1_0.phone_number,
        u1_0.pseudonym,
        u1_0.updated_at 
    from
        user_kyc_details ukd1_0 
    join
        users u1_0 
            on u1_0.id=ukd1_0.user_id 
    where
        ukd1_0.user_id=?
Hibernate: 
    select
        ukd1_0.user_id,
        ukd1_0.bank_account_number,
        ukd1_0.created_at,
        ukd1_0.full_legal_name,
        ukd1_0.ifsc,
        ukd1_0.national_id_hash,
        ukd1_0.upi_id,
        u1_0.id,
        u1_0.created_at,
        u1_0.email,
        u1_0.kyc_status,
        u1_0.password_hash,
        u1_0.phone_number,
        u1_0.pseudonym,
        u1_0.updated_at 
    from
        user_kyc_details ukd1_0 
    join
        users u1_0 
            on u1_0.id=ukd1_0.user_id 
    where
        ukd1_0.user_id=?
Hibernate: 
    delete 
    from
        users 
    where
        id=?
Hibernate: 
    delete 
    from
        users 
    where
        id=?
Hibernate: 
    insert 
    into
        users
        (created_at, email, kyc_status, password_hash, phone_number, pseudonym, updated_at, id) 
    values
        (?, ?, ?, ?, ?, ?, ?, ?)
Hibernate: 
    insert 
    into
        users
        (created_at, email, kyc_status, password_hash, phone_number, pseudonym, updated_at, id) 
    values
        (?, ?, ?, ?, ?, ?, ?, ?)
Hibernate: 
    insert 
    into
        loan_offers
        (created_at, expected_ltv_percent, interest_rate, lender_id, loan_amount_inr, status, tenure_days, updated_at, id) 
    values
        (?, ?, ?, ?, ?, ?, ?, ?, ?)
Hibernate: 
    insert 
    into
        loans
        (agreement_hash, borrower_id, borrower_signature, collateral_btc_amount, collateral_value_inr, created_at, current_ltv_percent, disbursement_proof_url, disbursement_reference, emi_amount, emi_count, expected_ltv_percent, fiat_disbursed_at, fiat_received_confirmed_at, interest_outstanding, interest_rate, last_price_update, lender_id, lender_signature, liquidation_ltv_percent, margin_call_ltv_percent, offer_id, principal_amount, principal_outstanding, repayment_type, status, tenure_days, total_outstanding, total_repayment_amount, updated_at, id) 
    values
        (?, ?, ?, ?, ?, ?, ?, ?, ?, ?, ?, ?, ?, ?, ?, ?, ?, ?, ?, ?, ?, ?, ?, ?, ?, ?, ?, ?, ?, ?, ?)
Hibernate: 
    select
        u1_0.id,
        u1_0.created_at,
        u1_0.email,
        u1_0.kyc_status,
        u1_0.password_hash,
        u1_0.phone_number,
        u1_0.pseudonym,
        u1_0.updated_at 
    from
        users u1_0 
    where
        u1_0.email=?
Hibernate: 
    select
        ukd1_0.user_id,
        ukd1_0.bank_account_number,
        ukd1_0.created_at,
        ukd1_0.full_legal_name,
        ukd1_0.ifsc,
        ukd1_0.national_id_hash,
        ukd1_0.upi_id,
        u1_0.id,
        u1_0.created_at,
        u1_0.email,
        u1_0.kyc_status,
        u1_0.password_hash,
        u1_0.phone_number,
        u1_0.pseudonym,
        u1_0.updated_at 
    from
        user_kyc_details ukd1_0 
    join
        users u1_0 
            on u1_0.id=ukd1_0.user_id 
    where
        ukd1_0.user_id=?
Hibernate: 
    select
        u1_0.id,
        u1_0.created_at,
        u1_0.email,
        u1_0.kyc_status,
        u1_0.password_hash,
        u1_0.phone_number,
        u1_0.pseudonym,
        u1_0.updated_at 
    from
        users u1_0 
    where
        u1_0.email=?
Hibernate: 
    select
        ukd1_0.user_id,
        ukd1_0.bank_account_number,
        ukd1_0.created_at,
        ukd1_0.full_legal_name,
        ukd1_0.ifsc,
        ukd1_0.national_id_hash,
        ukd1_0.upi_id,
        u1_0.id,
        u1_0.created_at,
        u1_0.email,
        u1_0.kyc_status,
        u1_0.password_hash,
        u1_0.phone_number,
        u1_0.pseudonym,
        u1_0.updated_at 
    from
        user_kyc_details ukd1_0 
    join
        users u1_0 
            on u1_0.id=ukd1_0.user_id 
    where
        ukd1_0.user_id=?
Hibernate: 
    select
        l1_0.id,
        l1_0.agreement_hash,
        l1_0.borrower_id,
        l1_0.borrower_signature,
        l1_0.collateral_btc_amount,
        l1_0.collateral_value_inr,
        l1_0.created_at,
        l1_0.current_ltv_percent,
        l1_0.disbursement_proof_url,
        l1_0.disbursement_reference,
        l1_0.emi_amount,
        l1_0.emi_count,
        l1_0.expected_ltv_percent,
        l1_0.fiat_disbursed_at,
        l1_0.fiat_received_confirmed_at,
        l1_0.interest_outstanding,
        l1_0.interest_rate,
        l1_0.last_price_update,
        l1_0.lender_id,
        l1_0.lender_signature,
        l1_0.liquidation_ltv_percent,
        l1_0.margin_call_ltv_percent,
        l1_0.offer_id,
        l1_0.principal_amount,
        l1_0.principal_outstanding,
        l1_0.repayment_type,
        l1_0.status,
        l1_0.tenure_days,
        l1_0.total_outstanding,
        l1_0.total_repayment_amount,
        l1_0.updated_at 
    from
        loans l1_0 
    where
        l1_0.id=?
Hibernate: 
    select
        count(*) 
    from
        escrow_accounts ea1_0 
    where
        ea1_0.loan_id=?
Hibernate: 
    INSERT 
    INTO
        escrow_accounts
        (loan_id, escrow_address, current_balance_sats, created_at) 
    VALUES
        (?, ?, ?, CURRENT_TIMESTAMP)
Hibernate: 
    select
        ea1_0.loan_id,
        ea1_0.created_at,
        ea1_0.current_balance_sats,
        ea1_0.escrow_address 
    from
        escrow_accounts ea1_0 
    where
        ea1_0.loan_id=?
Hibernate: 
    select
        bt1_0.tx_hash,
        bt1_0.amount_sats,
        bt1_0.confirmations,
        bt1_0.created_at,
        bt1_0.loan_id,
        bt1_0.type 
    from
        bitcoin_transactions bt1_0
Hibernate: 
    select
        ea1_0.loan_id,
        ea1_0.created_at,
        ea1_0.current_balance_sats,
        ea1_0.escrow_address 
    from
        escrow_accounts ea1_0
Hibernate: 
    select
        l1_0.id,
        l1_0.agreement_hash,
        l1_0.borrower_id,
        l1_0.borrower_signature,
        l1_0.collateral_btc_amount,
        l1_0.collateral_value_inr,
        l1_0.created_at,
        l1_0.current_ltv_percent,
        l1_0.disbursement_proof_url,
        l1_0.disbursement_reference,
        l1_0.emi_amount,
        l1_0.emi_count,
        l1_0.expected_ltv_percent,
        l1_0.fiat_disbursed_at,
        l1_0.fiat_received_confirmed_at,
        l1_0.interest_outstanding,
        l1_0.interest_rate,
        l1_0.last_price_update,
        l1_0.lender_id,
        l1_0.lender_signature,
        l1_0.liquidation_ltv_percent,
        l1_0.margin_call_ltv_percent,
        l1_0.offer_id,
        l1_0.principal_amount,
        l1_0.principal_outstanding,
        l1_0.repayment_type,
        l1_0.status,
        l1_0.tenure_days,
        l1_0.total_outstanding,
        l1_0.total_repayment_amount,
        l1_0.updated_at 
    from
        loans l1_0 
    where
        l1_0.id=?
Hibernate: 
    delete 
    from
        escrow_accounts 
    where
        loan_id=?
Hibernate: 
    select
        l1_0.id,
        l1_0.agreement_hash,
        l1_0.borrower_id,
        l1_0.borrower_signature,
        l1_0.collateral_btc_amount,
        l1_0.collateral_value_inr,
        l1_0.created_at,
        l1_0.current_ltv_percent,
        l1_0.disbursement_proof_url,
        l1_0.disbursement_reference,
        l1_0.emi_amount,
        l1_0.emi_count,
        l1_0.expected_ltv_percent,
        l1_0.fiat_disbursed_at,
        l1_0.fiat_received_confirmed_at,
        l1_0.interest_outstanding,
        l1_0.interest_rate,
        l1_0.last_price_update,
        l1_0.lender_id,
        l1_0.lender_signature,
        l1_0.liquidation_ltv_percent,
        l1_0.margin_call_ltv_percent,
        l1_0.offer_id,
        l1_0.principal_amount,
        l1_0.principal_outstanding,
        l1_0.repayment_type,
        l1_0.status,
        l1_0.tenure_days,
        l1_0.total_outstanding,
        l1_0.total_repayment_amount,
        l1_0.updated_at 
    from
        loans l1_0
Hibernate: 
    select
        nm1_0.loan_id,
        nm1_0.id,
        nm1_0.is_system_message,
        nm1_0.message_text,
        nm1_0.sender_id,
        nm1_0.sent_at 
    from
        negotiation_messages nm1_0 
    where
        nm1_0.loan_id=?
Hibernate: 
    delete 
    from
        loans 
    where
        id=?
Hibernate: 
    select
        lo1_0.id,
        lo1_0.created_at,
        lo1_0.expected_ltv_percent,
        lo1_0.interest_rate,
        lo1_0.lender_id,
        lo1_0.loan_amount_inr,
        lo1_0.status,
        lo1_0.tenure_days,
        lo1_0.updated_at 
    from
        loan_offers lo1_0
Hibernate: 
    delete 
    from
        loan_offers 
    where
        id=?
Hibernate: 
    select
        u1_0.id,
        u1_0.created_at,
        u1_0.email,
        u1_0.kyc_status,
        u1_0.password_hash,
        u1_0.phone_number,
        u1_0.pseudonym,
        u1_0.updated_at 
    from
        users u1_0
Hibernate: 
    select
        ukd1_0.user_id,
        ukd1_0.bank_account_number,
        ukd1_0.created_at,
        ukd1_0.full_legal_name,
        ukd1_0.ifsc,
        ukd1_0.national_id_hash,
        ukd1_0.upi_id,
        u1_0.id,
        u1_0.created_at,
        u1_0.email,
        u1_0.kyc_status,
        u1_0.password_hash,
        u1_0.phone_number,
        u1_0.pseudonym,
        u1_0.updated_at 
    from
        user_kyc_details ukd1_0 
    join
        users u1_0 
            on u1_0.id=ukd1_0.user_id 
    where
        ukd1_0.user_id=?
Hibernate: 
    select
        ukd1_0.user_id,
        ukd1_0.bank_account_number,
        ukd1_0.created_at,
        ukd1_0.full_legal_name,
        ukd1_0.ifsc,
        ukd1_0.national_id_hash,
        ukd1_0.upi_id,
        u1_0.id,
        u1_0.created_at,
        u1_0.email,
        u1_0.kyc_status,
        u1_0.password_hash,
        u1_0.phone_number,
        u1_0.pseudonym,
        u1_0.updated_at 
    from
        user_kyc_details ukd1_0 
    join
        users u1_0 
            on u1_0.id=ukd1_0.user_id 
    where
        ukd1_0.user_id=?
Hibernate: 
    delete 
    from
        users 
    where
        id=?
Hibernate: 
    delete 
    from
        users 
    where
        id=?
Hibernate: 
    insert 
    into
        users
        (created_at, email, kyc_status, password_hash, phone_number, pseudonym, updated_at, id) 
    values
        (?, ?, ?, ?, ?, ?, ?, ?)
Hibernate: 
    insert 
    into
        users
        (created_at, email, kyc_status, password_hash, phone_number, pseudonym, updated_at, id) 
    values
        (?, ?, ?, ?, ?, ?, ?, ?)
Hibernate: 
    insert 
    into
        loan_offers
        (created_at, expected_ltv_percent, interest_rate, lender_id, loan_amount_inr, status, tenure_days, updated_at, id) 
    values
        (?, ?, ?, ?, ?, ?, ?, ?, ?)
Hibernate: 
    insert 
    into
        loans
        (agreement_hash, borrower_id, borrower_signature, collateral_btc_amount, collateral_value_inr, created_at, current_ltv_percent, disbursement_proof_url, disbursement_reference, emi_amount, emi_count, expected_ltv_percent, fiat_disbursed_at, fiat_received_confirmed_at, interest_outstanding, interest_rate, last_price_update, lender_id, lender_signature, liquidation_ltv_percent, margin_call_ltv_percent, offer_id, principal_amount, principal_outstanding, repayment_type, status, tenure_days, total_outstanding, total_repayment_amount, updated_at, id) 
    values
        (?, ?, ?, ?, ?, ?, ?, ?, ?, ?, ?, ?, ?, ?, ?, ?, ?, ?, ?, ?, ?, ?, ?, ?, ?, ?, ?, ?, ?, ?, ?)
Hibernate: 
    select
        l1_0.id,
        l1_0.agreement_hash,
        l1_0.borrower_id,
        l1_0.borrower_signature,
        l1_0.collateral_btc_amount,
        l1_0.collateral_value_inr,
        l1_0.created_at,
        l1_0.current_ltv_percent,
        l1_0.disbursement_proof_url,
        l1_0.disbursement_reference,
        l1_0.emi_amount,
        l1_0.emi_count,
        l1_0.expected_ltv_percent,
        l1_0.fiat_disbursed_at,
        l1_0.fiat_received_confirmed_at,
        l1_0.interest_outstanding,
        l1_0.interest_rate,
        l1_0.last_price_update,
        l1_0.lender_id,
        l1_0.lender_signature,
        l1_0.liquidation_ltv_percent,
        l1_0.margin_call_ltv_percent,
        l1_0.offer_id,
        l1_0.principal_amount,
        l1_0.principal_outstanding,
        l1_0.repayment_type,
        l1_0.status,
        l1_0.tenure_days,
        l1_0.total_outstanding,
        l1_0.total_repayment_amount,
        l1_0.updated_at,
        nm1_0.loan_id,
        nm1_0.id,
        nm1_0.is_system_message,
        nm1_0.message_text,
        nm1_0.sender_id,
        nm1_0.sent_at 
    from
        loans l1_0 
    left join
        negotiation_messages nm1_0 
            on l1_0.id=nm1_0.loan_id 
    where
        l1_0.id=?
Hibernate: 
    update
        loans 
    set
        agreement_hash=?,
        borrower_id=?,
        borrower_signature=?,
        collateral_btc_amount=?,
        collateral_value_inr=?,
        current_ltv_percent=?,
        disbursement_proof_url=?,
        disbursement_reference=?,
        emi_amount=?,
        emi_count=?,
        expected_ltv_percent=?,
        fiat_disbursed_at=?,
        fiat_received_confirmed_at=?,
        interest_outstanding=?,
        interest_rate=?,
        last_price_update=?,
        lender_id=?,
        lender_signature=?,
        liquidation_ltv_percent=?,
        margin_call_ltv_percent=?,
        offer_id=?,
        principal_amount=?,
        principal_outstanding=?,
        repayment_type=?,
        status=?,
        tenure_days=?,
        total_outstanding=?,
        total_repayment_amount=?,
        updated_at=? 
    where
        id=?
Hibernate: 
    select
        u1_0.id,
        u1_0.created_at,
        u1_0.email,
        u1_0.kyc_status,
        u1_0.password_hash,
        u1_0.phone_number,
        u1_0.pseudonym,
        u1_0.updated_at 
    from
        users u1_0 
    where
        u1_0.email=?
Hibernate: 
    select
        ukd1_0.user_id,
        ukd1_0.bank_account_number,
        ukd1_0.created_at,
        ukd1_0.full_legal_name,
        ukd1_0.ifsc,
        ukd1_0.national_id_hash,
        ukd1_0.upi_id,
        u1_0.id,
        u1_0.created_at,
        u1_0.email,
        u1_0.kyc_status,
        u1_0.password_hash,
        u1_0.phone_number,
        u1_0.pseudonym,
        u1_0.updated_at 
    from
        user_kyc_details ukd1_0 
    join
        users u1_0 
            on u1_0.id=ukd1_0.user_id 
    where
        ukd1_0.user_id=?
Hibernate: 
    select
        u1_0.id,
        u1_0.created_at,
        u1_0.email,
        u1_0.kyc_status,
        u1_0.password_hash,
        u1_0.phone_number,
        u1_0.pseudonym,
        u1_0.updated_at 
    from
        users u1_0 
    where
        u1_0.email=?
Hibernate: 
    select
        ukd1_0.user_id,
        ukd1_0.bank_account_number,
        ukd1_0.created_at,
        ukd1_0.full_legal_name,
        ukd1_0.ifsc,
        ukd1_0.national_id_hash,
        ukd1_0.upi_id,
        u1_0.id,
        u1_0.created_at,
        u1_0.email,
        u1_0.kyc_status,
        u1_0.password_hash,
        u1_0.phone_number,
        u1_0.pseudonym,
        u1_0.updated_at 
    from
        user_kyc_details ukd1_0 
    join
        users u1_0 
            on u1_0.id=ukd1_0.user_id 
    where
        ukd1_0.user_id=?
Hibernate: 
    select
        l1_0.id,
        l1_0.agreement_hash,
        l1_0.borrower_id,
        l1_0.borrower_signature,
        l1_0.collateral_btc_amount,
        l1_0.collateral_value_inr,
        l1_0.created_at,
        l1_0.current_ltv_percent,
        l1_0.disbursement_proof_url,
        l1_0.disbursement_reference,
        l1_0.emi_amount,
        l1_0.emi_count,
        l1_0.expected_ltv_percent,
        l1_0.fiat_disbursed_at,
        l1_0.fiat_received_confirmed_at,
        l1_0.interest_outstanding,
        l1_0.interest_rate,
        l1_0.last_price_update,
        l1_0.lender_id,
        l1_0.lender_signature,
        l1_0.liquidation_ltv_percent,
        l1_0.margin_call_ltv_percent,
        l1_0.offer_id,
        l1_0.principal_amount,
        l1_0.principal_outstanding,
        l1_0.repayment_type,
        l1_0.status,
        l1_0.tenure_days,
        l1_0.total_outstanding,
        l1_0.total_repayment_amount,
        l1_0.updated_at 
    from
        loans l1_0 
    where
        l1_0.id=?
Hibernate: 
    select
        u1_0.id,
        u1_0.created_at,
        u1_0.email,
        u1_0.kyc_status,
        u1_0.password_hash,
        u1_0.phone_number,
        u1_0.pseudonym,
        u1_0.updated_at 
    from
        users u1_0 
    where
        u1_0.email=?
Hibernate: 
    select
        ukd1_0.user_id,
        ukd1_0.bank_account_number,
        ukd1_0.created_at,
        ukd1_0.full_legal_name,
        ukd1_0.ifsc,
        ukd1_0.national_id_hash,
        ukd1_0.upi_id,
        u1_0.id,
        u1_0.created_at,
        u1_0.email,
        u1_0.kyc_status,
        u1_0.password_hash,
        u1_0.phone_number,
        u1_0.pseudonym,
        u1_0.updated_at 
    from
        user_kyc_details ukd1_0 
    join
        users u1_0 
            on u1_0.id=ukd1_0.user_id 
    where
        ukd1_0.user_id=?
Hibernate: 
    select
        u1_0.id,
        u1_0.created_at,
        u1_0.email,
        u1_0.kyc_status,
        u1_0.password_hash,
        u1_0.phone_number,
        u1_0.pseudonym,
        u1_0.updated_at 
    from
        users u1_0 
    where
        u1_0.email=?
Hibernate: 
    select
        ukd1_0.user_id,
        ukd1_0.bank_account_number,
        ukd1_0.created_at,
        ukd1_0.full_legal_name,
        ukd1_0.ifsc,
        ukd1_0.national_id_hash,
        ukd1_0.upi_id,
        u1_0.id,
        u1_0.created_at,
        u1_0.email,
        u1_0.kyc_status,
        u1_0.password_hash,
        u1_0.phone_number,
        u1_0.pseudonym,
        u1_0.updated_at 
    from
        user_kyc_details ukd1_0 
    join
        users u1_0 
            on u1_0.id=ukd1_0.user_id 
    where
        ukd1_0.user_id=?
Hibernate: 
    select
        l1_0.id,
        l1_0.agreement_hash,
        l1_0.borrower_id,
        l1_0.borrower_signature,
        l1_0.collateral_btc_amount,
        l1_0.collateral_value_inr,
        l1_0.created_at,
        l1_0.current_ltv_percent,
        l1_0.disbursement_proof_url,
        l1_0.disbursement_reference,
        l1_0.emi_amount,
        l1_0.emi_count,
        l1_0.expected_ltv_percent,
        l1_0.fiat_disbursed_at,
        l1_0.fiat_received_confirmed_at,
        l1_0.interest_outstanding,
        l1_0.interest_rate,
        l1_0.last_price_update,
        l1_0.lender_id,
        l1_0.lender_signature,
        l1_0.liquidation_ltv_percent,
        l1_0.margin_call_ltv_percent,
        l1_0.offer_id,
        l1_0.principal_amount,
        l1_0.principal_outstanding,
        l1_0.repayment_type,
        l1_0.status,
        l1_0.tenure_days,
        l1_0.total_outstanding,
        l1_0.total_repayment_amount,
        l1_0.updated_at 
    from
        loans l1_0 
    where
        l1_0.id=?
Hibernate: 
    select
        count(*) 
    from
        escrow_accounts ea1_0 
    where
        ea1_0.loan_id=?

MockHttpServletRequest:
      HTTP Method = POST
      Request URI = /loans/fb4e84d1-0335-4e4f-8a6e-a0035d74ad66/escrow/generate
       Parameters = {}
          Headers = [Authorization:"Bearer eyJhbGciOiJIUzI1NiJ9.eyJzdWIiOiJib3Jyb3dlckBleGFtcGxlLmNvbSIsImlhdCI6MTc3MzM5MDEyNCwiZXhwIjoxNzczNDc2NTI0fQ.cGfE3e-1cbbGNgUQ6EHazBl0TEIKfDLbJPsOoaPTEa0"]
             Body = null
    Session Attrs = {}

Handler:
             Type = com.linkbit.mvp.controller.EscrowController
           Method = com.linkbit.mvp.controller.EscrowController#generateEscrowAddress(Authentication, UUID)

Async:
    Async started = false
     Async result = null

Resolved Exception:
             Type = java.lang.RuntimeException

ModelAndView:
        View name = null
             View = null
            Model = null

FlashMap:
       Attributes = null

MockHttpServletResponse:
           Status = 500
    Error message = null
          Headers = [Vary:"Origin", "Access-Control-Request-Method", "Access-Control-Request-Headers", Content-Type:"text/plain;charset=UTF-8", Content-Length:"31", X-Content-Type-Options:"nosniff", X-XSS-Protection:"0", Cache-Control:"no-cache, no-store, max-age=0, must-revalidate", Pragma:"no-cache", Expires:"0", X-Frame-Options:"DENY"]
     Content type = text/plain;charset=UTF-8
             Body = Loan is not awaiting collateral
    Forwarded URL = null
   Redirected URL = null
          Cookies = []

MockHttpServletRequest:
      HTTP Method = POST
      Request URI = /loans/fb4e84d1-0335-4e4f-8a6e-a0035d74ad66/topup-collateral
       Parameters = {}
          Headers = [Content-Type:"application/json;charset=UTF-8", Authorization:"Bearer eyJhbGciOiJIUzI1NiJ9.eyJzdWIiOiJib3Jyb3dlckBleGFtcGxlLmNvbSIsImlhdCI6MTc3MzM5MDEyNCwiZXhwIjoxNzczNDc2NTI0fQ.cGfE3e-1cbbGNgUQ6EHazBl0TEIKfDLbJPsOoaPTEa0", Content-Length:"19"]
             Body = {"amountBtc":0.015}
    Session Attrs = {}

Handler:
             Type = com.linkbit.mvp.controller.EscrowController
           Method = com.linkbit.mvp.controller.EscrowController#submitTopup(Authentication, UUID, TopupRequest)

Async:
    Async started = false
     Async result = null

Resolved Exception:
             Type = java.lang.RuntimeException

ModelAndView:
        View name = null
             View = null
            Model = null

FlashMap:
       Attributes = null

MockHttpServletResponse:
           Status = 500
    Error message = null
          Headers = [Vary:"Origin", "Access-Control-Request-Method", "Access-Control-Request-Headers", Content-Type:"text/plain;charset=UTF-8", Content-Length:"46", X-Content-Type-Options:"nosniff", X-XSS-Protection:"0", Cache-Control:"no-cache, no-store, max-age=0, must-revalidate", Pragma:"no-cache", Expires:"0", X-Frame-Options:"DENY"]
     Content type = text/plain;charset=UTF-8
             Body = Escrow account not generated for this loan yet
    Forwarded URL = null
   Redirected URL = null
          Cookies = []
Hibernate: 
    select
        bt1_0.tx_hash,
        bt1_0.amount_sats,
        bt1_0.confirmations,
        bt1_0.created_at,
        bt1_0.loan_id,
        bt1_0.type 
    from
        bitcoin_transactions bt1_0
Hibernate: 
    select
        ea1_0.loan_id,
        ea1_0.created_at,
        ea1_0.current_balance_sats,
        ea1_0.escrow_address 
    from
        escrow_accounts ea1_0
Hibernate: 
    select
        l1_0.id,
        l1_0.agreement_hash,
        l1_0.borrower_id,
        l1_0.borrower_signature,
        l1_0.collateral_btc_amount,
        l1_0.collateral_value_inr,
        l1_0.created_at,
        l1_0.current_ltv_percent,
        l1_0.disbursement_proof_url,
        l1_0.disbursement_reference,
        l1_0.emi_amount,
        l1_0.emi_count,
        l1_0.expected_ltv_percent,
        l1_0.fiat_disbursed_at,
        l1_0.fiat_received_confirmed_at,
        l1_0.interest_outstanding,
        l1_0.interest_rate,
        l1_0.last_price_update,
        l1_0.lender_id,
        l1_0.lender_signature,
        l1_0.liquidation_ltv_percent,
        l1_0.margin_call_ltv_percent,
        l1_0.offer_id,
        l1_0.principal_amount,
        l1_0.principal_outstanding,
        l1_0.repayment_type,
        l1_0.status,
        l1_0.tenure_days,
        l1_0.total_outstanding,
        l1_0.total_repayment_amount,
        l1_0.updated_at 
    from
        loans l1_0
Hibernate: 
    select
        nm1_0.loan_id,
        nm1_0.id,
        nm1_0.is_system_message,
        nm1_0.message_text,
        nm1_0.sender_id,
        nm1_0.sent_at 
    from
        negotiation_messages nm1_0 
    where
        nm1_0.loan_id=?
Hibernate: 
    delete 
    from
        loans 
    where
        id=?
Hibernate: 
    select
        lo1_0.id,
        lo1_0.created_at,
        lo1_0.expected_ltv_percent,
        lo1_0.interest_rate,
        lo1_0.lender_id,
        lo1_0.loan_amount_inr,
        lo1_0.status,
        lo1_0.tenure_days,
        lo1_0.updated_at 
    from
        loan_offers lo1_0
Hibernate: 
    delete 
    from
        loan_offers 
    where
        id=?
Hibernate: 
    select
        u1_0.id,
        u1_0.created_at,
        u1_0.email,
        u1_0.kyc_status,
        u1_0.password_hash,
        u1_0.phone_number,
        u1_0.pseudonym,
        u1_0.updated_at 
    from
        users u1_0
Hibernate: 
    select
        ukd1_0.user_id,
        ukd1_0.bank_account_number,
        ukd1_0.created_at,
        ukd1_0.full_legal_name,
        ukd1_0.ifsc,
        ukd1_0.national_id_hash,
        ukd1_0.upi_id,
        u1_0.id,
        u1_0.created_at,
        u1_0.email,
        u1_0.kyc_status,
        u1_0.password_hash,
        u1_0.phone_number,
        u1_0.pseudonym,
        u1_0.updated_at 
    from
        user_kyc_details ukd1_0 
    join
        users u1_0 
            on u1_0.id=ukd1_0.user_id 
    where
        ukd1_0.user_id=?
Hibernate: 
    select
        ukd1_0.user_id,
        ukd1_0.bank_account_number,
        ukd1_0.created_at,
        ukd1_0.full_legal_name,
        ukd1_0.ifsc,
        ukd1_0.national_id_hash,
        ukd1_0.upi_id,
        u1_0.id,
        u1_0.created_at,
        u1_0.email,
        u1_0.kyc_status,
        u1_0.password_hash,
        u1_0.phone_number,
        u1_0.pseudonym,
        u1_0.updated_at 
    from
        user_kyc_details ukd1_0 
    join
        users u1_0 
            on u1_0.id=ukd1_0.user_id 
    where
        ukd1_0.user_id=?
Hibernate: 
    delete 
    from
        users 
    where
        id=?
Hibernate: 
    delete 
    from
        users 
    where
        id=?
Hibernate: 
    insert 
    into
        users
        (created_at, email, kyc_status, password_hash, phone_number, pseudonym, updated_at, id) 
    values
        (?, ?, ?, ?, ?, ?, ?, ?)
Hibernate: 
    insert 
    into
        users
        (created_at, email, kyc_status, password_hash, phone_number, pseudonym, updated_at, id) 
    values
        (?, ?, ?, ?, ?, ?, ?, ?)
Hibernate: 
    insert 
    into
        loan_offers
        (created_at, expected_ltv_percent, interest_rate, lender_id, loan_amount_inr, status, tenure_days, updated_at, id) 
    values
        (?, ?, ?, ?, ?, ?, ?, ?, ?)
Hibernate: 
    insert 
    into
        loans
        (agreement_hash, borrower_id, borrower_signature, collateral_btc_amount, collateral_value_inr, created_at, current_ltv_percent, disbursement_proof_url, disbursement_reference, emi_amount, emi_count, expected_ltv_percent, fiat_disbursed_at, fiat_received_confirmed_at, interest_outstanding, interest_rate, last_price_update, lender_id, lender_signature, liquidation_ltv_percent, margin_call_ltv_percent, offer_id, principal_amount, principal_outstanding, repayment_type, status, tenure_days, total_outstanding, total_repayment_amount, updated_at, id) 
    values
        (?, ?, ?, ?, ?, ?, ?, ?, ?, ?, ?, ?, ?, ?, ?, ?, ?, ?, ?, ?, ?, ?, ?, ?, ?, ?, ?, ?, ?, ?, ?)
Hibernate: 
    select
        l1_0.id,
        l1_0.agreement_hash,
        l1_0.borrower_id,
        l1_0.borrower_signature,
        l1_0.collateral_btc_amount,
        l1_0.collateral_value_inr,
        l1_0.created_at,
        l1_0.current_ltv_percent,
        l1_0.disbursement_proof_url,
        l1_0.disbursement_reference,
        l1_0.emi_amount,
        l1_0.emi_count,
        l1_0.expected_ltv_percent,
        l1_0.fiat_disbursed_at,
        l1_0.fiat_received_confirmed_at,
        l1_0.interest_outstanding,
        l1_0.interest_rate,
        l1_0.last_price_update,
        l1_0.lender_id,
        l1_0.lender_signature,
        l1_0.liquidation_ltv_percent,
        l1_0.margin_call_ltv_percent,
        l1_0.offer_id,
        l1_0.principal_amount,
        l1_0.principal_outstanding,
        l1_0.repayment_type,
        l1_0.status,
        l1_0.tenure_days,
        l1_0.total_outstanding,
        l1_0.total_repayment_amount,
        l1_0.updated_at,
        nm1_0.loan_id,
        nm1_0.id,
        nm1_0.is_system_message,
        nm1_0.message_text,
        nm1_0.sender_id,
        nm1_0.sent_at 
    from
        loans l1_0 
    left join
        negotiation_messages nm1_0 
            on l1_0.id=nm1_0.loan_id 
    where
        l1_0.id=?
Hibernate: 
    update
        loans 
    set
        agreement_hash=?,
        borrower_id=?,
        borrower_signature=?,
        collateral_btc_amount=?,
        collateral_value_inr=?,
        current_ltv_percent=?,
        disbursement_proof_url=?,
        disbursement_reference=?,
        emi_amount=?,
        emi_count=?,
        expected_ltv_percent=?,
        fiat_disbursed_at=?,
        fiat_received_confirmed_at=?,
        interest_outstanding=?,
        interest_rate=?,
        last_price_update=?,
        lender_id=?,
        lender_signature=?,
        liquidation_ltv_percent=?,
        margin_call_ltv_percent=?,
        offer_id=?,
        principal_amount=?,
        principal_outstanding=?,
        repayment_type=?,
        status=?,
        tenure_days=?,
        total_outstanding=?,
        total_repayment_amount=?,
        updated_at=? 
    where
        id=?
Hibernate: 
    select
        u1_0.id,
        u1_0.created_at,
        u1_0.email,
        u1_0.kyc_status,
        u1_0.password_hash,
        u1_0.phone_number,
        u1_0.pseudonym,
        u1_0.updated_at 
    from
        users u1_0 
    where
        u1_0.email=?
Hibernate: 
    select
        ukd1_0.user_id,
        ukd1_0.bank_account_number,
        ukd1_0.created_at,
        ukd1_0.full_legal_name,
        ukd1_0.ifsc,
        ukd1_0.national_id_hash,
        ukd1_0.upi_id,
        u1_0.id,
        u1_0.created_at,
        u1_0.email,
        u1_0.kyc_status,
        u1_0.password_hash,
        u1_0.phone_number,
        u1_0.pseudonym,
        u1_0.updated_at 
    from
        user_kyc_details ukd1_0 
    join
        users u1_0 
            on u1_0.id=ukd1_0.user_id 
    where
        ukd1_0.user_id=?
Hibernate: 
    select
        u1_0.id,
        u1_0.created_at,
        u1_0.email,
        u1_0.kyc_status,
        u1_0.password_hash,
        u1_0.phone_number,
        u1_0.pseudonym,
        u1_0.updated_at 
    from
        users u1_0 
    where
        u1_0.email=?
Hibernate: 
    select
        ukd1_0.user_id,
        ukd1_0.bank_account_number,
        ukd1_0.created_at,
        ukd1_0.full_legal_name,
        ukd1_0.ifsc,
        ukd1_0.national_id_hash,
        ukd1_0.upi_id,
        u1_0.id,
        u1_0.created_at,
        u1_0.email,
        u1_0.kyc_status,
        u1_0.password_hash,
        u1_0.phone_number,
        u1_0.pseudonym,
        u1_0.updated_at 
    from
        user_kyc_details ukd1_0 
    join
        users u1_0 
            on u1_0.id=ukd1_0.user_id 
    where
        ukd1_0.user_id=?
Hibernate: 
    select
        l1_0.id,
        l1_0.agreement_hash,
        l1_0.borrower_id,
        l1_0.borrower_signature,
        l1_0.collateral_btc_amount,
        l1_0.collateral_value_inr,
        l1_0.created_at,
        l1_0.current_ltv_percent,
        l1_0.disbursement_proof_url,
        l1_0.disbursement_reference,
        l1_0.emi_amount,
        l1_0.emi_count,
        l1_0.expected_ltv_percent,
        l1_0.fiat_disbursed_at,
        l1_0.fiat_received_confirmed_at,
        l1_0.interest_outstanding,
        l1_0.interest_rate,
        l1_0.last_price_update,
        l1_0.lender_id,
        l1_0.lender_signature,
        l1_0.liquidation_ltv_percent,
        l1_0.margin_call_ltv_percent,
        l1_0.offer_id,
        l1_0.principal_amount,
        l1_0.principal_outstanding,
        l1_0.repayment_type,
        l1_0.status,
        l1_0.tenure_days,
        l1_0.total_outstanding,
        l1_0.total_repayment_amount,
        l1_0.updated_at 
    from
        loans l1_0 
    where
        l1_0.id=?
Hibernate: 
    insert 
    into
        loan_margin_calls
        (loan_id, resolved_at, status, triggered_at, id) 
    values
        (?, ?, ?, ?, ?)
Hibernate: 
    select
        u1_0.id,
        u1_0.created_at,
        u1_0.email,
        u1_0.kyc_status,
        u1_0.password_hash,
        u1_0.phone_number,
        u1_0.pseudonym,
        u1_0.updated_at 
    from
        users u1_0 
    where
        u1_0.email=?
Hibernate: 
    select
        ukd1_0.user_id,
        ukd1_0.bank_account_number,
        ukd1_0.created_at,
        ukd1_0.full_legal_name,
        ukd1_0.ifsc,
        ukd1_0.national_id_hash,
        ukd1_0.upi_id,
        u1_0.id,
        u1_0.created_at,
        u1_0.email,
        u1_0.kyc_status,
        u1_0.password_hash,
        u1_0.phone_number,
        u1_0.pseudonym,
        u1_0.updated_at 
    from
        user_kyc_details ukd1_0 
    join
        users u1_0 
            on u1_0.id=ukd1_0.user_id 
    where
        ukd1_0.user_id=?
Hibernate: 
    select
        u1_0.id,
        u1_0.created_at,
        u1_0.email,
        u1_0.kyc_status,
        u1_0.password_hash,
        u1_0.phone_number,
        u1_0.pseudonym,
        u1_0.updated_at 
    from
        users u1_0 
    where
        u1_0.email=?
Hibernate: 
    select
        ukd1_0.user_id,
        ukd1_0.bank_account_number,
        ukd1_0.created_at,
        ukd1_0.full_legal_name,
        ukd1_0.ifsc,
        ukd1_0.national_id_hash,
        ukd1_0.upi_id,
        u1_0.id,
        u1_0.created_at,
        u1_0.email,
        u1_0.kyc_status,
        u1_0.password_hash,
        u1_0.phone_number,
        u1_0.pseudonym,
        u1_0.updated_at 
    from
        user_kyc_details ukd1_0 
    join
        users u1_0 
            on u1_0.id=ukd1_0.user_id 
    where
        ukd1_0.user_id=?
Hibernate: 
    select
        l1_0.id,
        l1_0.agreement_hash,
        l1_0.borrower_id,
        l1_0.borrower_signature,
        l1_0.collateral_btc_amount,
        l1_0.collateral_value_inr,
        l1_0.created_at,
        l1_0.current_ltv_percent,
        l1_0.disbursement_proof_url,
        l1_0.disbursement_reference,
        l1_0.emi_amount,
        l1_0.emi_count,
        l1_0.expected_ltv_percent,
        l1_0.fiat_disbursed_at,
        l1_0.fiat_received_confirmed_at,
        l1_0.interest_outstanding,
        l1_0.interest_rate,
        l1_0.last_price_update,
        l1_0.lender_id,
        l1_0.lender_signature,
        l1_0.liquidation_ltv_percent,
        l1_0.margin_call_ltv_percent,
        l1_0.offer_id,
        l1_0.principal_amount,
        l1_0.principal_outstanding,
        l1_0.repayment_type,
        l1_0.status,
        l1_0.tenure_days,
        l1_0.total_outstanding,
        l1_0.total_repayment_amount,
        l1_0.updated_at 
    from
        loans l1_0 
    where
        l1_0.id=?
Hibernate: 
    select
        count(*) 
    from
        escrow_accounts ea1_0 
    where
        ea1_0.loan_id=?
Hibernate: 
    select
        u1_0.id,
        u1_0.created_at,
        u1_0.email,
        u1_0.kyc_status,
        u1_0.password_hash,
        u1_0.phone_number,
        u1_0.pseudonym,
        u1_0.updated_at 
    from
        users u1_0 
    where
        u1_0.email=?
Hibernate: 
    select
        ukd1_0.user_id,
        ukd1_0.bank_account_number,
        ukd1_0.created_at,
        ukd1_0.full_legal_name,
        ukd1_0.ifsc,
        ukd1_0.national_id_hash,
        ukd1_0.upi_id,
        u1_0.id,
        u1_0.created_at,
        u1_0.email,
        u1_0.kyc_status,
        u1_0.password_hash,
        u1_0.phone_number,
        u1_0.pseudonym,
        u1_0.updated_at 
    from
        user_kyc_details ukd1_0 
    join
        users u1_0 
            on u1_0.id=ukd1_0.user_id 
    where
        ukd1_0.user_id=?
Hibernate: 
    select
        l1_0.id,
        l1_0.agreement_hash,
        l1_0.borrower_id,
        l1_0.borrower_signature,
        l1_0.collateral_btc_amount,
        l1_0.collateral_value_inr,
        l1_0.created_at,
        l1_0.current_ltv_percent,
        l1_0.disbursement_proof_url,
        l1_0.disbursement_reference,
        l1_0.emi_amount,
        l1_0.emi_count,
        l1_0.expected_ltv_percent,
        l1_0.fiat_disbursed_at,
        l1_0.fiat_received_confirmed_at,
        l1_0.interest_outstanding,
        l1_0.interest_rate,
        l1_0.last_price_update,
        l1_0.lender_id,
        l1_0.lender_signature,
        l1_0.liquidation_ltv_percent,
        l1_0.margin_call_ltv_percent,
        l1_0.offer_id,
        l1_0.principal_amount,
        l1_0.principal_outstanding,
        l1_0.repayment_type,
        l1_0.status,
        l1_0.tenure_days,
        l1_0.total_outstanding,
        l1_0.total_repayment_amount,
        l1_0.updated_at 
    from
        loans l1_0 
    where
        l1_0.id=?
Hibernate: 
    select
        ea1_0.loan_id,
        ea1_0.created_at,
        ea1_0.current_balance_sats,
        ea1_0.escrow_address 
    from
        escrow_accounts ea1_0 
    where
        ea1_0.loan_id=?

MockHttpServletRequest:
      HTTP Method = POST
      Request URI = /loans/153cb766-4161-408d-be57-7d677d5e2b71/escrow/generate
       Parameters = {}
          Headers = [Authorization:"Bearer eyJhbGciOiJIUzI1NiJ9.eyJzdWIiOiJib3Jyb3dlckBleGFtcGxlLmNvbSIsImlhdCI6MTc3MzM5MDEyNSwiZXhwIjoxNzczNDc2NTI1fQ.uCeJjORaUQcAyNfG3onv9skdPDU8nMrvVVcdDBrkZF8"]
             Body = null
    Session Attrs = {}

Handler:
             Type = com.linkbit.mvp.controller.EscrowController
           Method = com.linkbit.mvp.controller.EscrowController#generateEscrowAddress(Authentication, UUID)

Async:
    Async started = false
     Async result = null

Resolved Exception:
             Type = java.lang.RuntimeException

ModelAndView:
        View name = null
             View = null
            Model = null

FlashMap:
       Attributes = null

MockHttpServletResponse:
           Status = 500
    Error message = null
          Headers = [Vary:"Origin", "Access-Control-Request-Method", "Access-Control-Request-Headers", Content-Type:"text/plain;charset=UTF-8", Content-Length:"31", X-Content-Type-Options:"nosniff", X-XSS-Protection:"0", Cache-Control:"no-cache, no-store, max-age=0, must-revalidate", Pragma:"no-cache", Expires:"0", X-Frame-Options:"DENY"]
     Content type = text/plain;charset=UTF-8
             Body = Loan is not awaiting collateral
    Forwarded URL = null
   Redirected URL = null
          Cookies = []

MockHttpServletRequest:
      HTTP Method = POST
      Request URI = /loans/153cb766-4161-408d-be57-7d677d5e2b71/topup-collateral
       Parameters = {}
          Headers = [Content-Type:"application/json;charset=UTF-8", Authorization:"Bearer eyJhbGciOiJIUzI1NiJ9.eyJzdWIiOiJib3Jyb3dlckBleGFtcGxlLmNvbSIsImlhdCI6MTc3MzM5MDEyNSwiZXhwIjoxNzczNDc2NTI1fQ.uCeJjORaUQcAyNfG3onv9skdPDU8nMrvVVcdDBrkZF8", Content-Length:"18"]
             Body = {"amountBtc":0.05}
    Session Attrs = {}

Handler:
             Type = com.linkbit.mvp.controller.EscrowController
           Method = com.linkbit.mvp.controller.EscrowController#submitTopup(Authentication, UUID, TopupRequest)

Async:
    Async started = false
     Async result = null

Resolved Exception:
             Type = java.lang.RuntimeException

ModelAndView:
        View name = null
             View = null
            Model = null

FlashMap:
       Attributes = null

MockHttpServletResponse:
           Status = 500
    Error message = null
          Headers = [Vary:"Origin", "Access-Control-Request-Method", "Access-Control-Request-Headers", Content-Type:"text/plain;charset=UTF-8", Content-Length:"46", X-Content-Type-Options:"nosniff", X-XSS-Protection:"0", Cache-Control:"no-cache, no-store, max-age=0, must-revalidate", Pragma:"no-cache", Expires:"0", X-Frame-Options:"DENY"]
     Content type = text/plain;charset=UTF-8
             Body = Escrow account not generated for this loan yet
    Forwarded URL = null
   Redirected URL = null
          Cookies = []

MockHttpServletRequest:
      HTTP Method = POST
      Request URI = /admin/collateral/153cb766-4161-408d-be57-7d677d5e2b71/verify-topup
       Parameters = {}
          Headers = [Authorization:"Bearer eyJhbGciOiJIUzI1NiJ9.eyJzdWIiOiJsZW5kZXJAZXhhbXBsZS5jb20iLCJpYXQiOjE3NzMzOTAxMjUsImV4cCI6MTc3MzQ3NjUyNX0.RojENuSUbeKCTHe7XW7V_l00I_JRinl9zv5bQLrwF28"]
             Body = null
    Session Attrs = {}

Handler:
             Type = com.linkbit.mvp.controller.EscrowController
           Method = com.linkbit.mvp.controller.EscrowController#verifyTopup(UUID)

Async:
    Async started = false
     Async result = null

Resolved Exception:
             Type = java.lang.RuntimeException

ModelAndView:
        View name = null
             View = null
            Model = null

FlashMap:
       Attributes = null

MockHttpServletResponse:
           Status = 500
    Error message = null
          Headers = [Vary:"Origin", "Access-Control-Request-Method", "Access-Control-Request-Headers", Content-Type:"text/plain;charset=UTF-8", Content-Length:"22", X-Content-Type-Options:"nosniff", X-XSS-Protection:"0", Cache-Control:"no-cache, no-store, max-age=0, must-revalidate", Pragma:"no-cache", Expires:"0", X-Frame-Options:"DENY"]
     Content type = text/plain;charset=UTF-8
             Body = Escrow Account missing
    Forwarded URL = null
   Redirected URL = null
          Cookies = []
Hibernate: 
    select
        bt1_0.tx_hash,
        bt1_0.amount_sats,
        bt1_0.confirmations,
        bt1_0.created_at,
        bt1_0.loan_id,
        bt1_0.type 
    from
        bitcoin_transactions bt1_0
Hibernate: 
    select
        ea1_0.loan_id,
        ea1_0.created_at,
        ea1_0.current_balance_sats,
        ea1_0.escrow_address 
    from
        escrow_accounts ea1_0
Hibernate: 
    select
        l1_0.id,
        l1_0.agreement_hash,
        l1_0.borrower_id,
        l1_0.borrower_signature,
        l1_0.collateral_btc_amount,
        l1_0.collateral_value_inr,
        l1_0.created_at,
        l1_0.current_ltv_percent,
        l1_0.disbursement_proof_url,
        l1_0.disbursement_reference,
        l1_0.emi_amount,
        l1_0.emi_count,
        l1_0.expected_ltv_percent,
        l1_0.fiat_disbursed_at,
        l1_0.fiat_received_confirmed_at,
        l1_0.interest_outstanding,
        l1_0.interest_rate,
        l1_0.last_price_update,
        l1_0.lender_id,
        l1_0.lender_signature,
        l1_0.liquidation_ltv_percent,
        l1_0.margin_call_ltv_percent,
        l1_0.offer_id,
        l1_0.principal_amount,
        l1_0.principal_outstanding,
        l1_0.repayment_type,
        l1_0.status,
        l1_0.tenure_days,
        l1_0.total_outstanding,
        l1_0.total_repayment_amount,
        l1_0.updated_at 
    from
        loans l1_0
Hibernate: 
    select
        nm1_0.loan_id,
        nm1_0.id,
        nm1_0.is_system_message,
        nm1_0.message_text,
        nm1_0.sender_id,
        nm1_0.sent_at 
    from
        negotiation_messages nm1_0 
    where
        nm1_0.loan_id=?
Hibernate: 
    delete 
    from
        loans 
    where
        id=?
2026-03-13T13:52:05.369+05:30  WARN 48312 --- [LinkbitMVP] [           main] o.h.engine.jdbc.spi.SqlExceptionHelper   : SQL Error: 23503, SQLState: 23503
2026-03-13T13:52:05.369+05:30 ERROR 48312 --- [LinkbitMVP] [           main] o.h.engine.jdbc.spi.SqlExceptionHelper   : Referential integrity constraint violation: "FKT50CJS2V9PEVWBUPKJD3GK0XP: PUBLIC.LOAN_MARGIN_CALLS FOREIGN KEY(LOAN_ID) REFERENCES PUBLIC.LOANS(ID) (UUID '153cb766-4161-408d-be57-7d677d5e2b71')"; SQL statement:
delete from loans where id=? [23503-224]
Hibernate: 
    select
        bt1_0.tx_hash,
        bt1_0.amount_sats,
        bt1_0.confirmations,
        bt1_0.created_at,
        bt1_0.loan_id,
        bt1_0.type 
    from
        bitcoin_transactions bt1_0
Hibernate: 
    select
        ea1_0.loan_id,
        ea1_0.created_at,
        ea1_0.current_balance_sats,
        ea1_0.escrow_address 
    from
        escrow_accounts ea1_0
Hibernate: 
    select
        l1_0.id,
        l1_0.agreement_hash,
        l1_0.borrower_id,
        l1_0.borrower_signature,
        l1_0.collateral_btc_amount,
        l1_0.collateral_value_inr,
        l1_0.created_at,
        l1_0.current_ltv_percent,
        l1_0.disbursement_proof_url,
        l1_0.disbursement_reference,
        l1_0.emi_amount,
        l1_0.emi_count,
        l1_0.expected_ltv_percent,
        l1_0.fiat_disbursed_at,
        l1_0.fiat_received_confirmed_at,
        l1_0.interest_outstanding,
        l1_0.interest_rate,
        l1_0.last_price_update,
        l1_0.lender_id,
        l1_0.lender_signature,
        l1_0.liquidation_ltv_percent,
        l1_0.margin_call_ltv_percent,
        l1_0.offer_id,
        l1_0.principal_amount,
        l1_0.principal_outstanding,
        l1_0.repayment_type,
        l1_0.status,
        l1_0.tenure_days,
        l1_0.total_outstanding,
        l1_0.total_repayment_amount,
        l1_0.updated_at 
    from
        loans l1_0
Hibernate: 
    select
        nm1_0.loan_id,
        nm1_0.id,
        nm1_0.is_system_message,
        nm1_0.message_text,
        nm1_0.sender_id,
        nm1_0.sent_at 
    from
        negotiation_messages nm1_0 
    where
        nm1_0.loan_id=?
Hibernate: 
    delete 
    from
        loans 
    where
        id=?
2026-03-13T13:52:05.395+05:30  WARN 48312 --- [LinkbitMVP] [           main] o.h.engine.jdbc.spi.SqlExceptionHelper   : SQL Error: 23503, SQLState: 23503
2026-03-13T13:52:05.395+05:30 ERROR 48312 --- [LinkbitMVP] [           main] o.h.engine.jdbc.spi.SqlExceptionHelper   : Referential integrity constraint violation: "FKT50CJS2V9PEVWBUPKJD3GK0XP: PUBLIC.LOAN_MARGIN_CALLS FOREIGN KEY(LOAN_ID) REFERENCES PUBLIC.LOANS(ID) (UUID '153cb766-4161-408d-be57-7d677d5e2b71')"; SQL statement:
delete from loans where id=? [23503-224]
[ERROR] Tests run: 7, Failures: 2, Errors: 2, Skipped: 0, Time elapsed: 12.83 s <<< FAILURE! -- in com.linkbit.mvp.controller.EscrowControllerTest
[ERROR] com.linkbit.mvp.controller.EscrowControllerTest.shouldSubmitTopupSuccessfully -- Time elapsed: 0.288 s <<< FAILURE!
java.lang.AssertionError: Status expected:<202> but was:<500>
	at org.springframework.test.util.AssertionErrors.fail(AssertionErrors.java:59)
	at org.springframework.test.util.AssertionErrors.assertEquals(AssertionErrors.java:122)
	at org.springframework.test.web.servlet.result.StatusResultMatchers.lambda$matcher$9(StatusResultMatchers.java:637)
	at org.springframework.test.web.servlet.MockMvc$1.andExpect(MockMvc.java:214)
	at com.linkbit.mvp.controller.EscrowControllerTest.shouldSubmitTopupSuccessfully(EscrowControllerTest.java:234)
	at java.base/java.lang.reflect.Method.invoke(Method.java:580)
	at java.base/java.util.ArrayList.forEach(ArrayList.java:1596)
	at java.base/java.util.ArrayList.forEach(ArrayList.java:1596)

[ERROR] com.linkbit.mvp.controller.EscrowControllerTest.shouldVerifyTopupAndResolveMarginCall -- Time elapsed: 0.315 s <<< FAILURE!
java.lang.AssertionError: Status expected:<200> but was:<500>
	at org.springframework.test.util.AssertionErrors.fail(AssertionErrors.java:59)
	at org.springframework.test.util.AssertionErrors.assertEquals(AssertionErrors.java:122)
	at org.springframework.test.web.servlet.result.StatusResultMatchers.lambda$matcher$9(StatusResultMatchers.java:637)
	at org.springframework.test.web.servlet.MockMvc$1.andExpect(MockMvc.java:214)
	at com.linkbit.mvp.controller.EscrowControllerTest.shouldVerifyTopupAndResolveMarginCall(EscrowControllerTest.java:277)
	at java.base/java.lang.reflect.Method.invoke(Method.java:580)
	at java.base/java.util.ArrayList.forEach(ArrayList.java:1596)
	at java.base/java.util.ArrayList.forEach(ArrayList.java:1596)

[ERROR] com.linkbit.mvp.controller.EscrowControllerTest.shouldRejectTopupIfNotInRiskState -- Time elapsed: 0.024 s <<< ERROR!
org.springframework.dao.DataIntegrityViolationException: 
could not execute statement [Referential integrity constraint violation: "FKT50CJS2V9PEVWBUPKJD3GK0XP: PUBLIC.LOAN_MARGIN_CALLS FOREIGN KEY(LOAN_ID) REFERENCES PUBLIC.LOANS(ID) (UUID '153cb766-4161-408d-be57-7d677d5e2b71')"; SQL statement:
delete from loans where id=? [23503-224]] [delete from loans where id=?]; SQL [delete from loans where id=?]; constraint ["FKT50CJS2V9PEVWBUPKJD3GK0XP: PUBLIC.LOAN_MARGIN_CALLS FOREIGN KEY(LOAN_ID) REFERENCES PUBLIC.LOANS(ID) (UUID '153cb766-4161-408d-be57-7d677d5e2b71')"; SQL statement:
delete from loans where id=? [23503-224]]
	at org.springframework.orm.jpa.vendor.HibernateJpaDialect.convertHibernateAccessException(HibernateJpaDialect.java:290)
	at org.springframework.orm.jpa.vendor.HibernateJpaDialect.translateExceptionIfPossible(HibernateJpaDialect.java:241)
	at org.springframework.orm.jpa.JpaTransactionManager.doCommit(JpaTransactionManager.java:565)
	at org.springframework.transaction.support.AbstractPlatformTransactionManager.processCommit(AbstractPlatformTransactionManager.java:794)
	at org.springframework.transaction.support.AbstractPlatformTransactionManager.commit(AbstractPlatformTransactionManager.java:757)
	at org.springframework.transaction.interceptor.TransactionAspectSupport.commitTransactionAfterReturning(TransactionAspectSupport.java:669)
	at org.springframework.transaction.interceptor.TransactionAspectSupport.invokeWithinTransaction(TransactionAspectSupport.java:419)
	at org.springframework.transaction.interceptor.TransactionInterceptor.invoke(TransactionInterceptor.java:119)
	at org.springframework.aop.framework.ReflectiveMethodInvocation.proceed(ReflectiveMethodInvocation.java:184)
	at org.springframework.dao.support.PersistenceExceptionTranslationInterceptor.invoke(PersistenceExceptionTranslationInterceptor.java:137)
	at org.springframework.aop.framework.ReflectiveMethodInvocation.proceed(ReflectiveMethodInvocation.java:184)
	at org.springframework.data.jpa.repository.support.CrudMethodMetadataPostProcessor$CrudMethodMetadataPopulatingMethodInterceptor.invoke(CrudMethodMetadataPostProcessor.java:164)
	at org.springframework.aop.framework.ReflectiveMethodInvocation.proceed(ReflectiveMethodInvocation.java:184)
	at org.springframework.aop.interceptor.ExposeInvocationInterceptor.invoke(ExposeInvocationInterceptor.java:97)
	at org.springframework.aop.framework.ReflectiveMethodInvocation.proceed(ReflectiveMethodInvocation.java:184)
	at org.springframework.aop.framework.JdkDynamicAopProxy.invoke(JdkDynamicAopProxy.java:220)
	at jdk.proxy2/jdk.proxy2.$Proxy176.deleteAll(Unknown Source)
	at com.linkbit.mvp.controller.EscrowControllerTest.setUp(EscrowControllerTest.java:82)
	at java.base/java.lang.reflect.Method.invoke(Method.java:580)
	at java.base/java.util.ArrayList.forEach(ArrayList.java:1596)
	at java.base/java.util.ArrayList.forEach(ArrayList.java:1596)
Caused by: org.hibernate.exception.ConstraintViolationException: could not execute statement [Referential integrity constraint violation: "FKT50CJS2V9PEVWBUPKJD3GK0XP: PUBLIC.LOAN_MARGIN_CALLS FOREIGN KEY(LOAN_ID) REFERENCES PUBLIC.LOANS(ID) (UUID '153cb766-4161-408d-be57-7d677d5e2b71')"; SQL statement:
delete from loans where id=? [23503-224]] [delete from loans where id=?]
	at org.hibernate.exception.internal.SQLExceptionTypeDelegate.convert(SQLExceptionTypeDelegate.java:62)
	at org.hibernate.exception.internal.StandardSQLExceptionConverter.convert(StandardSQLExceptionConverter.java:58)
	at org.hibernate.engine.jdbc.spi.SqlExceptionHelper.convert(SqlExceptionHelper.java:108)
	at org.hibernate.engine.jdbc.internal.ResultSetReturnImpl.executeUpdate(ResultSetReturnImpl.java:197)
	at org.hibernate.engine.jdbc.mutation.internal.AbstractMutationExecutor.performNonBatchedMutation(AbstractMutationExecutor.java:108)
	at org.hibernate.engine.jdbc.mutation.internal.MutationExecutorSingleNonBatched.performNonBatchedOperations(MutationExecutorSingleNonBatched.java:40)
	at org.hibernate.engine.jdbc.mutation.internal.AbstractMutationExecutor.execute(AbstractMutationExecutor.java:52)
	at org.hibernate.persister.entity.mutation.AbstractDeleteCoordinator.doStaticDelete(AbstractDeleteCoordinator.java:279)
	at org.hibernate.persister.entity.mutation.AbstractDeleteCoordinator.coordinateDelete(AbstractDeleteCoordinator.java:87)
	at org.hibernate.persister.entity.AbstractEntityPersister.delete(AbstractEntityPersister.java:2979)
	at org.hibernate.action.internal.EntityDeleteAction.execute(EntityDeleteAction.java:131)
	at org.hibernate.engine.spi.ActionQueue.executeActions(ActionQueue.java:632)
	at org.hibernate.engine.spi.ActionQueue.executeActions(ActionQueue.java:499)
	at org.hibernate.event.internal.AbstractFlushingEventListener.performExecutions(AbstractFlushingEventListener.java:363)
	at org.hibernate.event.internal.DefaultFlushEventListener.onFlush(DefaultFlushEventListener.java:41)
	at org.hibernate.event.service.internal.EventListenerGroupImpl.fireEventOnEachListener(EventListenerGroupImpl.java:127)
	at org.hibernate.internal.SessionImpl.doFlush(SessionImpl.java:1403)
	at org.hibernate.internal.SessionImpl.managedFlush(SessionImpl.java:484)
	at org.hibernate.internal.SessionImpl.flushBeforeTransactionCompletion(SessionImpl.java:2319)
	at org.hibernate.internal.SessionImpl.beforeTransactionCompletion(SessionImpl.java:1976)
	at org.hibernate.engine.jdbc.internal.JdbcCoordinatorImpl.beforeTransactionCompletion(JdbcCoordinatorImpl.java:439)
	at org.hibernate.resource.transaction.backend.jdbc.internal.JdbcResourceLocalTransactionCoordinatorImpl.beforeCompletionCallback(JdbcResourceLocalTransactionCoordinatorImpl.java:169)
	at org.hibernate.resource.transaction.backend.jdbc.internal.JdbcResourceLocalTransactionCoordinatorImpl$TransactionDriverControlImpl.commit(JdbcResourceLocalTransactionCoordinatorImpl.java:267)
	at org.hibernate.engine.transaction.internal.TransactionImpl.commit(TransactionImpl.java:101)
	at org.springframework.orm.jpa.JpaTransactionManager.doCommit(JpaTransactionManager.java:561)
	... 18 more
Caused by: org.h2.jdbc.JdbcSQLIntegrityConstraintViolationException: Referential integrity constraint violation: "FKT50CJS2V9PEVWBUPKJD3GK0XP: PUBLIC.LOAN_MARGIN_CALLS FOREIGN KEY(LOAN_ID) REFERENCES PUBLIC.LOANS(ID) (UUID '153cb766-4161-408d-be57-7d677d5e2b71')"; SQL statement:
delete from loans where id=? [23503-224]
	at org.h2.message.DbException.getJdbcSQLException(DbException.java:520)
	at org.h2.message.DbException.getJdbcSQLException(DbException.java:489)
	at org.h2.message.DbException.get(DbException.java:223)
	at org.h2.message.DbException.get(DbException.java:199)
	at org.h2.constraint.ConstraintReferential.checkRow(ConstraintReferential.java:365)
	at org.h2.constraint.ConstraintReferential.checkRowRefTable(ConstraintReferential.java:382)
	at org.h2.constraint.ConstraintReferential.checkRow(ConstraintReferential.java:256)
	at org.h2.table.Table.fireConstraints(Table.java:1200)
	at org.h2.table.Table.fireAfterRow(Table.java:1218)
	at org.h2.command.dml.Delete.update(Delete.java:92)
	at org.h2.command.dml.DataChangeStatement.update(DataChangeStatement.java:74)
	at org.h2.command.CommandContainer.update(CommandContainer.java:169)
	at org.h2.command.Command.executeUpdate(Command.java:256)
	at org.h2.jdbc.JdbcPreparedStatement.executeUpdateInternal(JdbcPreparedStatement.java:216)
	at org.h2.jdbc.JdbcPreparedStatement.executeUpdate(JdbcPreparedStatement.java:174)
	at com.zaxxer.hikari.pool.ProxyPreparedStatement.executeUpdate(ProxyPreparedStatement.java:61)
	at com.zaxxer.hikari.pool.HikariProxyPreparedStatement.executeUpdate(HikariProxyPreparedStatement.java)
	at org.hibernate.engine.jdbc.internal.ResultSetReturnImpl.executeUpdate(ResultSetReturnImpl.java:194)
	... 39 more

[ERROR] com.linkbit.mvp.controller.EscrowControllerTest.shouldRefuseLockingWhenUndercollateralized -- Time elapsed: 0.011 s <<< ERROR!
org.springframework.dao.DataIntegrityViolationException: 
could not execute statement [Referential integrity constraint violation: "FKT50CJS2V9PEVWBUPKJD3GK0XP: PUBLIC.LOAN_MARGIN_CALLS FOREIGN KEY(LOAN_ID) REFERENCES PUBLIC.LOANS(ID) (UUID '153cb766-4161-408d-be57-7d677d5e2b71')"; SQL statement:
delete from loans where id=? [23503-224]] [delete from loans where id=?]; SQL [delete from loans where id=?]; constraint ["FKT50CJS2V9PEVWBUPKJD3GK0XP: PUBLIC.LOAN_MARGIN_CALLS FOREIGN KEY(LOAN_ID) REFERENCES PUBLIC.LOANS(ID) (UUID '153cb766-4161-408d-be57-7d677d5e2b71')"; SQL statement:
delete from loans where id=? [23503-224]]
	at org.springframework.orm.jpa.vendor.HibernateJpaDialect.convertHibernateAccessException(HibernateJpaDialect.java:290)
	at org.springframework.orm.jpa.vendor.HibernateJpaDialect.translateExceptionIfPossible(HibernateJpaDialect.java:241)
	at org.springframework.orm.jpa.JpaTransactionManager.doCommit(JpaTransactionManager.java:565)
	at org.springframework.transaction.support.AbstractPlatformTransactionManager.processCommit(AbstractPlatformTransactionManager.java:794)
	at org.springframework.transaction.support.AbstractPlatformTransactionManager.commit(AbstractPlatformTransactionManager.java:757)
	at org.springframework.transaction.interceptor.TransactionAspectSupport.commitTransactionAfterReturning(TransactionAspectSupport.java:669)
	at org.springframework.transaction.interceptor.TransactionAspectSupport.invokeWithinTransaction(TransactionAspectSupport.java:419)
	at org.springframework.transaction.interceptor.TransactionInterceptor.invoke(TransactionInterceptor.java:119)
	at org.springframework.aop.framework.ReflectiveMethodInvocation.proceed(ReflectiveMethodInvocation.java:184)
	at org.springframework.dao.support.PersistenceExceptionTranslationInterceptor.invoke(PersistenceExceptionTranslationInterceptor.java:137)
	at org.springframework.aop.framework.ReflectiveMethodInvocation.proceed(ReflectiveMethodInvocation.java:184)
	at org.springframework.data.jpa.repository.support.CrudMethodMetadataPostProcessor$CrudMethodMetadataPopulatingMethodInterceptor.invoke(CrudMethodMetadataPostProcessor.java:164)
	at org.springframework.aop.framework.ReflectiveMethodInvocation.proceed(ReflectiveMethodInvocation.java:184)
	at org.springframework.aop.interceptor.ExposeInvocationInterceptor.invoke(ExposeInvocationInterceptor.java:97)
	at org.springframework.aop.framework.ReflectiveMethodInvocation.proceed(ReflectiveMethodInvocation.java:184)
	at org.springframework.aop.framework.JdkDynamicAopProxy.invoke(JdkDynamicAopProxy.java:220)
	at jdk.proxy2/jdk.proxy2.$Proxy176.deleteAll(Unknown Source)
	at com.linkbit.mvp.controller.EscrowControllerTest.setUp(EscrowControllerTest.java:82)
	at java.base/java.lang.reflect.Method.invoke(Method.java:580)
	at java.base/java.util.ArrayList.forEach(ArrayList.java:1596)
	at java.base/java.util.ArrayList.forEach(ArrayList.java:1596)
Caused by: org.hibernate.exception.ConstraintViolationException: could not execute statement [Referential integrity constraint violation: "FKT50CJS2V9PEVWBUPKJD3GK0XP: PUBLIC.LOAN_MARGIN_CALLS FOREIGN KEY(LOAN_ID) REFERENCES PUBLIC.LOANS(ID) (UUID '153cb766-4161-408d-be57-7d677d5e2b71')"; SQL statement:
delete from loans where id=? [23503-224]] [delete from loans where id=?]
	at org.hibernate.exception.internal.SQLExceptionTypeDelegate.convert(SQLExceptionTypeDelegate.java:62)
	at org.hibernate.exception.internal.StandardSQLExceptionConverter.convert(StandardSQLExceptionConverter.java:58)
	at org.hibernate.engine.jdbc.spi.SqlExceptionHelper.convert(SqlExceptionHelper.java:108)
	at org.hibernate.engine.jdbc.internal.ResultSetReturnImpl.executeUpdate(ResultSetReturnImpl.java:197)
	at org.hibernate.engine.jdbc.mutation.internal.AbstractMutationExecutor.performNonBatchedMutation(AbstractMutationExecutor.java:108)
	at org.hibernate.engine.jdbc.mutation.internal.MutationExecutorSingleNonBatched.performNonBatchedOperations(MutationExecutorSingleNonBatched.java:40)
	at org.hibernate.engine.jdbc.mutation.internal.AbstractMutationExecutor.execute(AbstractMutationExecutor.java:52)
	at org.hibernate.persister.entity.mutation.AbstractDeleteCoordinator.doStaticDelete(AbstractDeleteCoordinator.java:279)
	at org.hibernate.persister.entity.mutation.AbstractDeleteCoordinator.coordinateDelete(AbstractDeleteCoordinator.java:87)
	at org.hibernate.persister.entity.AbstractEntityPersister.delete(AbstractEntityPersister.java:2979)
	at org.hibernate.action.internal.EntityDeleteAction.execute(EntityDeleteAction.java:131)
	at org.hibernate.engine.spi.ActionQueue.executeActions(ActionQueue.java:632)
	at org.hibernate.engine.spi.ActionQueue.executeActions(ActionQueue.java:499)
	at org.hibernate.event.internal.AbstractFlushingEventListener.performExecutions(AbstractFlushingEventListener.java:363)
	at org.hibernate.event.internal.DefaultFlushEventListener.onFlush(DefaultFlushEventListener.java:41)
	at org.hibernate.event.service.internal.EventListenerGroupImpl.fireEventOnEachListener(EventListenerGroupImpl.java:127)
	at org.hibernate.internal.SessionImpl.doFlush(SessionImpl.java:1403)
	at org.hibernate.internal.SessionImpl.managedFlush(SessionImpl.java:484)
	at org.hibernate.internal.SessionImpl.flushBeforeTransactionCompletion(SessionImpl.java:2319)
	at org.hibernate.internal.SessionImpl.beforeTransactionCompletion(SessionImpl.java:1976)
	at org.hibernate.engine.jdbc.internal.JdbcCoordinatorImpl.beforeTransactionCompletion(JdbcCoordinatorImpl.java:439)
	at org.hibernate.resource.transaction.backend.jdbc.internal.JdbcResourceLocalTransactionCoordinatorImpl.beforeCompletionCallback(JdbcResourceLocalTransactionCoordinatorImpl.java:169)
	at org.hibernate.resource.transaction.backend.jdbc.internal.JdbcResourceLocalTransactionCoordinatorImpl$TransactionDriverControlImpl.commit(JdbcResourceLocalTransactionCoordinatorImpl.java:267)
	at org.hibernate.engine.transaction.internal.TransactionImpl.commit(TransactionImpl.java:101)
	at org.springframework.orm.jpa.JpaTransactionManager.doCommit(JpaTransactionManager.java:561)
	... 18 more
Caused by: org.h2.jdbc.JdbcSQLIntegrityConstraintViolationException: Referential integrity constraint violation: "FKT50CJS2V9PEVWBUPKJD3GK0XP: PUBLIC.LOAN_MARGIN_CALLS FOREIGN KEY(LOAN_ID) REFERENCES PUBLIC.LOANS(ID) (UUID '153cb766-4161-408d-be57-7d677d5e2b71')"; SQL statement:
delete from loans where id=? [23503-224]
	at org.h2.message.DbException.getJdbcSQLException(DbException.java:520)
	at org.h2.message.DbException.getJdbcSQLException(DbException.java:489)
	at org.h2.message.DbException.get(DbException.java:223)
	at org.h2.message.DbException.get(DbException.java:199)
	at org.h2.constraint.ConstraintReferential.checkRow(ConstraintReferential.java:365)
	at org.h2.constraint.ConstraintReferential.checkRowRefTable(ConstraintReferential.java:382)
	at org.h2.constraint.ConstraintReferential.checkRow(ConstraintReferential.java:256)
	at org.h2.table.Table.fireConstraints(Table.java:1200)
	at org.h2.table.Table.fireAfterRow(Table.java:1218)
	at org.h2.command.dml.Delete.update(Delete.java:92)
	at org.h2.command.dml.DataChangeStatement.update(DataChangeStatement.java:74)
	at org.h2.command.CommandContainer.update(CommandContainer.java:169)
	at org.h2.command.Command.executeUpdate(Command.java:256)
	at org.h2.jdbc.JdbcPreparedStatement.executeUpdateInternal(JdbcPreparedStatement.java:216)
	at org.h2.jdbc.JdbcPreparedStatement.executeUpdate(JdbcPreparedStatement.java:174)
	at com.zaxxer.hikari.pool.ProxyPreparedStatement.executeUpdate(ProxyPreparedStatement.java:61)
	at com.zaxxer.hikari.pool.HikariProxyPreparedStatement.executeUpdate(HikariProxyPreparedStatement.java)
	at org.hibernate.engine.jdbc.internal.ResultSetReturnImpl.executeUpdate(ResultSetReturnImpl.java:194)
	... 39 more

[INFO] Running com.linkbit.mvp.service.LtvMonitoringWorkerTest
2026-03-13T13:52:05.408+05:30  INFO 48312 --- [LinkbitMVP] [           main] t.c.s.AnnotationConfigContextLoaderUtils : Could not detect default configuration classes for test class [com.linkbit.mvp.service.LtvMonitoringWorkerTest]: LtvMonitoringWorkerTest does not declare any static, non-private, non-final, nested classes annotated with @Configuration.
2026-03-13T13:52:05.432+05:30  INFO 48312 --- [LinkbitMVP] [           main] .b.t.c.SpringBootTestContextBootstrapper : Found @SpringBootConfiguration com.linkbit.mvp.MvpApplication for test class com.linkbit.mvp.service.LtvMonitoringWorkerTest
2026-03-13T13:52:05.434+05:30  INFO 48312 --- [LinkbitMVP] [           main] o.s.b.d.r.RestartApplicationListener     : Restart disabled due to context in which it is running

  .   ____          _            __ _ _
 /\\ / ___'_ __ _ _(_)_ __  __ _ \ \ \ \
( ( )\___ | '_ | '_| | '_ \/ _` | \ \ \ \
 \\/  ___)| |_)| | | | | || (_| |  ) ) ) )
  '  |____| .__|_| |_|_| |_\__, | / / / /
 =========|_|==============|___/=/_/_/_/
 :: Spring Boot ::                (v3.2.3)

2026-03-13T13:52:05.471+05:30  INFO 48312 --- [LinkbitMVP] [           main] c.l.mvp.service.LtvMonitoringWorkerTest  : Starting LtvMonitoringWorkerTest using Java 21 with PID 48312 (started by Aksha in D:\LB\mvp)
2026-03-13T13:52:05.471+05:30  INFO 48312 --- [LinkbitMVP] [           main] c.l.mvp.service.LtvMonitoringWorkerTest  : The following 1 profile is active: "test"
2026-03-13T13:52:05.839+05:30  INFO 48312 --- [LinkbitMVP] [           main] .s.d.r.c.RepositoryConfigurationDelegate : Bootstrapping Spring Data JPA repositories in DEFAULT mode.
2026-03-13T13:52:05.872+05:30  INFO 48312 --- [LinkbitMVP] [           main] .s.d.r.c.RepositoryConfigurationDelegate : Finished Spring Data repository scanning in 33 ms. Found 14 JPA repository interfaces.
2026-03-13T13:52:05.995+05:30  INFO 48312 --- [LinkbitMVP] [           main] o.hibernate.jpa.internal.util.LogHelper  : HHH000204: Processing PersistenceUnitInfo [name: default]
2026-03-13T13:52:05.995+05:30  INFO 48312 --- [LinkbitMVP] [           main] o.h.c.internal.RegionFactoryInitiator    : HHH000026: Second-level cache disabled
2026-03-13T13:52:06.004+05:30  INFO 48312 --- [LinkbitMVP] [           main] o.s.o.j.p.SpringPersistenceUnitInfo      : No LoadTimeWeaver setup: ignoring JPA class transformer
2026-03-13T13:52:06.004+05:30  INFO 48312 --- [LinkbitMVP] [           main] com.zaxxer.hikari.HikariDataSource       : HikariPool-2 - Starting...
2026-03-13T13:52:06.007+05:30  INFO 48312 --- [LinkbitMVP] [           main] com.zaxxer.hikari.pool.HikariPool        : HikariPool-2 - Added connection conn10: url=jdbc:h2:mem:testdb user=SA
2026-03-13T13:52:06.007+05:30  INFO 48312 --- [LinkbitMVP] [           main] com.zaxxer.hikari.HikariDataSource       : HikariPool-2 - Start completed.
2026-03-13T13:52:06.007+05:30  WARN 48312 --- [LinkbitMVP] [           main] org.hibernate.orm.deprecation            : HHH90000025: H2Dialect does not need to be specified explicitly using 'hibernate.dialect' (remove the property setting and it will be selected by default)
2026-03-13T13:52:06.265+05:30  INFO 48312 --- [LinkbitMVP] [           main] o.h.e.t.j.p.i.JtaPlatformInitiator       : HHH000489: No JTA platform available (set 'hibernate.transaction.jta.platform' to enable JTA platform integration)
Hibernate: 
    drop table if exists bitcoin_transactions cascade 
Hibernate: 
    drop table if exists escrow_accounts cascade 
Hibernate: 
    drop table if exists loan_emis cascade 
Hibernate: 
    drop table if exists loan_ledger cascade 
Hibernate: 
    drop table if exists loan_ltv_history cascade 
Hibernate: 
    drop table if exists loan_margin_calls cascade 
Hibernate: 
    drop table if exists loan_offers cascade 
Hibernate: 
    drop table if exists loan_repayments cascade 
Hibernate: 
    drop table if exists loans cascade 
Hibernate: 
    drop table if exists negotiation_messages cascade 
Hibernate: 
    drop table if exists password_reset_token cascade 
Hibernate: 
    drop table if exists platform_fees cascade 
Hibernate: 
    drop table if exists user_kyc_details cascade 
Hibernate: 
    drop table if exists users cascade 
Hibernate: 
    create table bitcoin_transactions (
        confirmations integer not null,
        amount_sats bigint not null,
        created_at timestamp(6) not null,
        loan_id uuid not null,
        tx_hash varchar(255) not null,
        type varchar(255) not null check (type in ('DEPOSIT','COLLATERAL_TOPUP')),
        primary key (tx_hash)
    )
Hibernate: 
    create table escrow_accounts (
        created_at timestamp(6) not null,
        current_balance_sats bigint not null,
        loan_id uuid not null,
        escrow_address varchar(255) not null,
        primary key (loan_id)
    )
Hibernate: 
    create table loan_emis (
        amount_paid numeric(38,2) not null,
        due_date date not null,
        emi_amount numeric(38,2) not null,
        emi_number integer not null,
        created_at timestamp(6) not null,
        id uuid not null,
        loan_id uuid not null,
        status varchar(255) not null check (status in ('PENDING','PARTIAL','PAID','OVERDUE')),
        primary key (id)
    )
Hibernate: 
    create table loan_ledger (
        amount_inr numeric(38,2) not null,
        created_at timestamp(6) not null,
        id uuid not null,
        loan_id uuid not null,
        entry_type varchar(255) not null check (entry_type in ('FIAT_DISBURSEMENT','BORROWER_REPAYMENT','INTEREST_ACCRUAL','COLLATERAL_RELEASE')),
        notes TEXT,
        primary key (id)
    )
Hibernate: 
    create table loan_ltv_history (
        btc_price_inr numeric(38,2) not null,
        collateral_value_inr numeric(38,2) not null,
        ltv_percent numeric(38,2) not null,
        recorded_at timestamp(6) not null,
        id uuid not null,
        loan_id uuid not null,
        primary key (id)
    )
Hibernate: 
    create table loan_margin_calls (
        resolved_at timestamp(6),
        triggered_at timestamp(6) not null,
        id uuid not null,
        loan_id uuid not null,
        status varchar(255) not null check (status in ('OPEN','RESOLVED','ESCALATED')),
        primary key (id)
    )
Hibernate: 
    create table loan_offers (
        expected_ltv_percent integer not null,
        interest_rate numeric(38,2) not null,
        loan_amount_inr numeric(38,2) not null,
        tenure_days integer not null,
        created_at timestamp(6),
        updated_at timestamp(6),
        id uuid not null,
        lender_id uuid not null,
        status varchar(255) not null check (status in ('OPEN','PAUSED','CLOSED')),
        primary key (id)
    )
Hibernate: 
    create table loan_repayments (
        amount_inr numeric(38,2) not null,
        created_at timestamp(6) not null,
        id uuid not null,
        loan_id uuid not null,
        proof_url varchar(255) not null,
        status varchar(255) not null check (status in ('PENDING','VERIFIED','REJECTED')),
        transaction_reference varchar(255) not null,
        primary key (id)
    )
Hibernate: 
    create table loans (
        collateral_btc_amount numeric(38,2),
        collateral_value_inr numeric(38,2),
        current_ltv_percent numeric(38,2),
        emi_amount numeric(38,2),
        emi_count integer,
        expected_ltv_percent integer,
        interest_outstanding numeric(38,2),
        interest_rate numeric(38,2) not null,
        liquidation_ltv_percent integer,
        margin_call_ltv_percent integer,
        principal_amount numeric(38,2) not null,
        principal_outstanding numeric(38,2),
        tenure_days integer not null,
        total_outstanding numeric(38,2),
        total_repayment_amount numeric(38,2),
        created_at timestamp(6),
        fiat_disbursed_at timestamp(6),
        fiat_received_confirmed_at timestamp(6),
        last_price_update timestamp(6),
        updated_at timestamp(6),
        borrower_id uuid not null,
        id uuid not null,
        lender_id uuid not null,
        offer_id uuid not null,
        agreement_hash varchar(255),
        borrower_signature TEXT,
        disbursement_proof_url varchar(255),
        disbursement_reference varchar(255),
        lender_signature TEXT,
        repayment_type varchar(255) check (repayment_type in ('EMI','BULLET')),
        status varchar(255) not null check (status in ('NEGOTIATING','AWAITING_SIGNATURES','AWAITING_FEE','AWAITING_COLLATERAL','COLLATERAL_LOCKED','AGREED','ACTIVE','DEFAULTED','CLOSED','CANCELLED','DISPUTE_OPEN','LIQUIDATED','REPAID','MARGIN_CALL','LIQUIDATION_ELIGIBLE')),
        primary key (id)
    )
Hibernate: 
    create table negotiation_messages (
        is_system_message boolean not null,
        id bigint generated by default as identity,
        sent_at timestamp(6),
        loan_id uuid not null,
        sender_id uuid not null,
        message_text TEXT not null,
        primary key (id)
    )
Hibernate: 
    create table password_reset_token (
        expiry_date timestamp(6) not null,
        id uuid not null,
        user_id uuid not null,
        token varchar(255) not null,
        primary key (id)
    )
Hibernate: 
    create table platform_fees (
        amount_inr numeric(19,2) not null,
        created_at timestamp(6) not null,
        id uuid not null,
        loan_id uuid not null,
        payment_gateway_ref varchar(255),
        status varchar(255) not null check (status in ('PENDING','SUCCESS','FAILED','REFUNDED')),
        primary key (id)
    )
Hibernate: 
    create table user_kyc_details (
        created_at timestamp(6),
        user_id uuid not null,
        bank_account_number varchar(255),
        full_legal_name varchar(255),
        ifsc varchar(255),
        national_id_hash varchar(255),
        upi_id varchar(255),
        primary key (user_id)
    )
Hibernate: 
    create table users (
        created_at timestamp(6),
        updated_at timestamp(6),
        id uuid not null,
        email varchar(255) not null unique,
        kyc_status varchar(255) not null check (kyc_status in ('PENDING','VERIFIED','REJECTED')),
        password_hash varchar(255) not null,
        phone_number varchar(255),
        pseudonym varchar(255),
        primary key (id)
    )
Hibernate: 
    alter table if exists bitcoin_transactions 
       add constraint FKca6ucwxb2tm820i2je6ru7rei 
       foreign key (loan_id) 
       references loans
Hibernate: 
    alter table if exists loan_emis 
       add constraint FKh462fjxneqe778bqr2f4dbj96 
       foreign key (loan_id) 
       references loans
Hibernate: 
    alter table if exists loan_ledger 
       add constraint FKbhbin7df7db1oi65mf1mf8m1r 
       foreign key (loan_id) 
       references loans
Hibernate: 
    alter table if exists loan_ltv_history 
       add constraint FK709pdjducvwqynaukdq6liy72 
       foreign key (loan_id) 
       references loans
Hibernate: 
    alter table if exists loan_margin_calls 
       add constraint FKt50cjs2v9pevwbupkjd3gk0xp 
       foreign key (loan_id) 
       references loans
Hibernate: 
    alter table if exists loan_offers 
       add constraint FKotlnboct209ag5oe1f6jjdkcg 
       foreign key (lender_id) 
       references users
Hibernate: 
    alter table if exists loan_repayments 
       add constraint FKmvfjvk48bhsvwbdis0s9uwn1t 
       foreign key (loan_id) 
       references loans
Hibernate: 
    alter table if exists loans 
       add constraint FK2r7bo1dhntarh4c125saxyva4 
       foreign key (borrower_id) 
       references users
Hibernate: 
    alter table if exists loans 
       add constraint FKmncmom5b7vctpc4tmi5gj2qn8 
       foreign key (lender_id) 
       references users
Hibernate: 
    alter table if exists loans 
       add constraint FK1rrd03inw38lttlgt4d2vro1i 
       foreign key (offer_id) 
       references loan_offers
Hibernate: 
    alter table if exists negotiation_messages 
       add constraint FKkxstmoa7f57xwrykx3lainbsu 
       foreign key (loan_id) 
       references loans
Hibernate: 
    alter table if exists negotiation_messages 
       add constraint FKci8x3mbo26vy68ooxvryig0xa 
       foreign key (sender_id) 
       references users
Hibernate: 
    alter table if exists password_reset_token 
       add constraint FK83nsrttkwkb6ym0anu051mtxn 
       foreign key (user_id) 
       references users
Hibernate: 
    alter table if exists platform_fees 
       add constraint FK9uv5l1k1la1wdtq3p0focdimy 
       foreign key (loan_id) 
       references loans
Hibernate: 
    alter table if exists user_kyc_details 
       add constraint FKkyg0ht716i8c79ovettpt9ljy 
       foreign key (user_id) 
       references users
2026-03-13T13:52:06.311+05:30  INFO 48312 --- [LinkbitMVP] [           main] j.LocalContainerEntityManagerFactoryBean : Initialized JPA EntityManagerFactory for persistence unit 'default'
2026-03-13T13:52:06.572+05:30  WARN 48312 --- [LinkbitMVP] [           main] JpaBaseConfiguration$JpaWebConfiguration : spring.jpa.open-in-view is enabled by default. Therefore, database queries may be performed during view rendering. Explicitly configure spring.jpa.open-in-view to disable this warning
2026-03-13T13:52:06.636+05:30  INFO 48312 --- [LinkbitMVP] [           main] o.s.s.web.DefaultSecurityFilterChain     : Will secure any request with [org.springframework.security.web.session.DisableEncodeUrlFilter@60bf2a90, org.springframework.security.web.context.request.async.WebAsyncManagerIntegrationFilter@6180afa9, org.springframework.security.web.context.SecurityContextHolderFilter@77746f46, org.springframework.security.web.header.HeaderWriterFilter@18e26ed4, org.springframework.web.filter.CorsFilter@7a6cec15, org.springframework.security.web.authentication.logout.LogoutFilter@1642ef89, com.linkbit.mvp.config.JwtAuthenticationFilter@32c2f3ee, org.springframework.security.web.savedrequest.RequestCacheAwareFilter@6a6ee06d, org.springframework.security.web.servletapi.SecurityContextHolderAwareRequestFilter@6171b73a, org.springframework.security.web.authentication.AnonymousAuthenticationFilter@281c1f99, org.springframework.security.web.session.SessionManagementFilter@31725710, org.springframework.security.web.access.ExceptionTranslationFilter@11f18ed3, org.springframework.security.web.access.intercept.AuthorizationFilter@6796a69f]
2026-03-13T13:52:06.762+05:30  INFO 48312 --- [LinkbitMVP] [           main] o.s.m.s.b.SimpleBrokerMessageHandler     : Starting...
2026-03-13T13:52:06.762+05:30  INFO 48312 --- [LinkbitMVP] [           main] o.s.m.s.b.SimpleBrokerMessageHandler     : BrokerAvailabilityEvent[available=true, SimpleBrokerMessageHandler [org.springframework.messaging.simp.broker.DefaultSubscriptionRegistry@3b69bffe]]
2026-03-13T13:52:06.762+05:30  INFO 48312 --- [LinkbitMVP] [           main] o.s.m.s.b.SimpleBrokerMessageHandler     : Started.
2026-03-13T13:52:06.763+05:30  INFO 48312 --- [LinkbitMVP] [           main] c.l.mvp.service.LtvMonitoringWorkerTest  : Started LtvMonitoringWorkerTest in 1.329 seconds (process running for 15.265)
Hibernate: 
    select
        lmc1_0.id,
        lmc1_0.loan_id,
        lmc1_0.resolved_at,
        lmc1_0.status,
        lmc1_0.triggered_at 
    from
        loan_margin_calls lmc1_0
Hibernate: 
    select
        llh1_0.id,
        llh1_0.btc_price_inr,
        llh1_0.collateral_value_inr,
        llh1_0.loan_id,
        llh1_0.ltv_percent,
        llh1_0.recorded_at 
    from
        loan_ltv_history llh1_0
Hibernate: 
    select
        l1_0.id,
        l1_0.agreement_hash,
        l1_0.borrower_id,
        l1_0.borrower_signature,
        l1_0.collateral_btc_amount,
        l1_0.collateral_value_inr,
        l1_0.created_at,
        l1_0.current_ltv_percent,
        l1_0.disbursement_proof_url,
        l1_0.disbursement_reference,
        l1_0.emi_amount,
        l1_0.emi_count,
        l1_0.expected_ltv_percent,
        l1_0.fiat_disbursed_at,
        l1_0.fiat_received_confirmed_at,
        l1_0.interest_outstanding,
        l1_0.interest_rate,
        l1_0.last_price_update,
        l1_0.lender_id,
        l1_0.lender_signature,
        l1_0.liquidation_ltv_percent,
        l1_0.margin_call_ltv_percent,
        l1_0.offer_id,
        l1_0.principal_amount,
        l1_0.principal_outstanding,
        l1_0.repayment_type,
        l1_0.status,
        l1_0.tenure_days,
        l1_0.total_outstanding,
        l1_0.total_repayment_amount,
        l1_0.updated_at 
    from
        loans l1_0
Hibernate: 
    select
        lo1_0.id,
        lo1_0.created_at,
        lo1_0.expected_ltv_percent,
        lo1_0.interest_rate,
        lo1_0.lender_id,
        lo1_0.loan_amount_inr,
        lo1_0.status,
        lo1_0.tenure_days,
        lo1_0.updated_at 
    from
        loan_offers lo1_0
Hibernate: 
    select
        u1_0.id,
        u1_0.created_at,
        u1_0.email,
        u1_0.kyc_status,
        u1_0.password_hash,
        u1_0.phone_number,
        u1_0.pseudonym,
        u1_0.updated_at 
    from
        users u1_0
Hibernate: 
    insert 
    into
        users
        (created_at, email, kyc_status, password_hash, phone_number, pseudonym, updated_at, id) 
    values
        (?, ?, ?, ?, ?, ?, ?, ?)
Hibernate: 
    insert 
    into
        users
        (created_at, email, kyc_status, password_hash, phone_number, pseudonym, updated_at, id) 
    values
        (?, ?, ?, ?, ?, ?, ?, ?)
Hibernate: 
    insert 
    into
        loan_offers
        (created_at, expected_ltv_percent, interest_rate, lender_id, loan_amount_inr, status, tenure_days, updated_at, id) 
    values
        (?, ?, ?, ?, ?, ?, ?, ?, ?)
Hibernate: 
    insert 
    into
        loans
        (agreement_hash, borrower_id, borrower_signature, collateral_btc_amount, collateral_value_inr, created_at, current_ltv_percent, disbursement_proof_url, disbursement_reference, emi_amount, emi_count, expected_ltv_percent, fiat_disbursed_at, fiat_received_confirmed_at, interest_outstanding, interest_rate, last_price_update, lender_id, lender_signature, liquidation_ltv_percent, margin_call_ltv_percent, offer_id, principal_amount, principal_outstanding, repayment_type, status, tenure_days, total_outstanding, total_repayment_amount, updated_at, id) 
    values
        (?, ?, ?, ?, ?, ?, ?, ?, ?, ?, ?, ?, ?, ?, ?, ?, ?, ?, ?, ?, ?, ?, ?, ?, ?, ?, ?, ?, ?, ?, ?)
Hibernate: 
    select
        l1_0.id,
        l1_0.agreement_hash,
        l1_0.borrower_id,
        l1_0.borrower_signature,
        l1_0.collateral_btc_amount,
        l1_0.collateral_value_inr,
        l1_0.created_at,
        l1_0.current_ltv_percent,
        l1_0.disbursement_proof_url,
        l1_0.disbursement_reference,
        l1_0.emi_amount,
        l1_0.emi_count,
        l1_0.expected_ltv_percent,
        l1_0.fiat_disbursed_at,
        l1_0.fiat_received_confirmed_at,
        l1_0.interest_outstanding,
        l1_0.interest_rate,
        l1_0.last_price_update,
        l1_0.lender_id,
        l1_0.lender_signature,
        l1_0.liquidation_ltv_percent,
        l1_0.margin_call_ltv_percent,
        l1_0.offer_id,
        l1_0.principal_amount,
        l1_0.principal_outstanding,
        l1_0.repayment_type,
        l1_0.status,
        l1_0.tenure_days,
        l1_0.total_outstanding,
        l1_0.total_repayment_amount,
        l1_0.updated_at 
    from
        loans l1_0 
    where
        l1_0.status in (?, ?, ?)
2026-03-13T13:52:06.795+05:30  INFO 48312 --- [LinkbitMVP] [           main] c.l.mvp.service.LtvMonitoringWorker      : Loan 01b27e4d-776a-4209-8371-245b1050c099 state changed from ACTIVE to LIQUIDATION_ELIGIBLE due to BTC price 5000000.00
Hibernate: 
    select
        lmc1_0.id,
        lmc1_0.loan_id,
        lmc1_0.resolved_at,
        lmc1_0.status,
        lmc1_0.triggered_at 
    from
        loan_margin_calls lmc1_0 
    where
        lmc1_0.loan_id=? 
        and lmc1_0.status=? 
    order by
        lmc1_0.triggered_at desc 
    fetch
        first ? rows only
Hibernate: 
    insert 
    into
        loan_ltv_history
        (btc_price_inr, collateral_value_inr, loan_id, ltv_percent, recorded_at, id) 
    values
        (?, ?, ?, ?, ?, ?)
Hibernate: 
    update
        loans 
    set
        agreement_hash=?,
        borrower_id=?,
        borrower_signature=?,
        collateral_btc_amount=?,
        collateral_value_inr=?,
        current_ltv_percent=?,
        disbursement_proof_url=?,
        disbursement_reference=?,
        emi_amount=?,
        emi_count=?,
        expected_ltv_percent=?,
        fiat_disbursed_at=?,
        fiat_received_confirmed_at=?,
        interest_outstanding=?,
        interest_rate=?,
        last_price_update=?,
        lender_id=?,
        lender_signature=?,
        liquidation_ltv_percent=?,
        margin_call_ltv_percent=?,
        offer_id=?,
        principal_amount=?,
        principal_outstanding=?,
        repayment_type=?,
        status=?,
        tenure_days=?,
        total_outstanding=?,
        total_repayment_amount=?,
        updated_at=? 
    where
        id=?
Hibernate: 
    select
        llh1_0.id,
        llh1_0.btc_price_inr,
        llh1_0.collateral_value_inr,
        llh1_0.loan_id,
        llh1_0.ltv_percent,
        llh1_0.recorded_at 
    from
        loan_ltv_history llh1_0
Hibernate: 
    select
        lmc1_0.id,
        lmc1_0.loan_id,
        lmc1_0.resolved_at,
        lmc1_0.status,
        lmc1_0.triggered_at 
    from
        loan_margin_calls lmc1_0
Hibernate: 
    select
        llh1_0.id,
        llh1_0.btc_price_inr,
        llh1_0.collateral_value_inr,
        llh1_0.loan_id,
        llh1_0.ltv_percent,
        llh1_0.recorded_at 
    from
        loan_ltv_history llh1_0
Hibernate: 
    select
        l1_0.id,
        l1_0.agreement_hash,
        l1_0.borrower_id,
        l1_0.borrower_signature,
        l1_0.collateral_btc_amount,
        l1_0.collateral_value_inr,
        l1_0.created_at,
        l1_0.current_ltv_percent,
        l1_0.disbursement_proof_url,
        l1_0.disbursement_reference,
        l1_0.emi_amount,
        l1_0.emi_count,
        l1_0.expected_ltv_percent,
        l1_0.fiat_disbursed_at,
        l1_0.fiat_received_confirmed_at,
        l1_0.interest_outstanding,
        l1_0.interest_rate,
        l1_0.last_price_update,
        l1_0.lender_id,
        l1_0.lender_signature,
        l1_0.liquidation_ltv_percent,
        l1_0.margin_call_ltv_percent,
        l1_0.offer_id,
        l1_0.principal_amount,
        l1_0.principal_outstanding,
        l1_0.repayment_type,
        l1_0.status,
        l1_0.tenure_days,
        l1_0.total_outstanding,
        l1_0.total_repayment_amount,
        l1_0.updated_at 
    from
        loans l1_0
Hibernate: 
    select
        lo1_0.id,
        lo1_0.created_at,
        lo1_0.expected_ltv_percent,
        lo1_0.interest_rate,
        lo1_0.lender_id,
        lo1_0.loan_amount_inr,
        lo1_0.status,
        lo1_0.tenure_days,
        lo1_0.updated_at 
    from
        loan_offers lo1_0
Hibernate: 
    select
        u1_0.id,
        u1_0.created_at,
        u1_0.email,
        u1_0.kyc_status,
        u1_0.password_hash,
        u1_0.phone_number,
        u1_0.pseudonym,
        u1_0.updated_at 
    from
        users u1_0
Hibernate: 
    insert 
    into
        users
        (created_at, email, kyc_status, password_hash, phone_number, pseudonym, updated_at, id) 
    values
        (?, ?, ?, ?, ?, ?, ?, ?)
Hibernate: 
    insert 
    into
        users
        (created_at, email, kyc_status, password_hash, phone_number, pseudonym, updated_at, id) 
    values
        (?, ?, ?, ?, ?, ?, ?, ?)
Hibernate: 
    insert 
    into
        loan_offers
        (created_at, expected_ltv_percent, interest_rate, lender_id, loan_amount_inr, status, tenure_days, updated_at, id) 
    values
        (?, ?, ?, ?, ?, ?, ?, ?, ?)
Hibernate: 
    insert 
    into
        loans
        (agreement_hash, borrower_id, borrower_signature, collateral_btc_amount, collateral_value_inr, created_at, current_ltv_percent, disbursement_proof_url, disbursement_reference, emi_amount, emi_count, expected_ltv_percent, fiat_disbursed_at, fiat_received_confirmed_at, interest_outstanding, interest_rate, last_price_update, lender_id, lender_signature, liquidation_ltv_percent, margin_call_ltv_percent, offer_id, principal_amount, principal_outstanding, repayment_type, status, tenure_days, total_outstanding, total_repayment_amount, updated_at, id) 
    values
        (?, ?, ?, ?, ?, ?, ?, ?, ?, ?, ?, ?, ?, ?, ?, ?, ?, ?, ?, ?, ?, ?, ?, ?, ?, ?, ?, ?, ?, ?, ?)
Hibernate: 
    update
        loans 
    set
        agreement_hash=?,
        borrower_id=?,
        borrower_signature=?,
        collateral_btc_amount=?,
        collateral_value_inr=?,
        current_ltv_percent=?,
        disbursement_proof_url=?,
        disbursement_reference=?,
        emi_amount=?,
        emi_count=?,
        expected_ltv_percent=?,
        fiat_disbursed_at=?,
        fiat_received_confirmed_at=?,
        interest_outstanding=?,
        interest_rate=?,
        last_price_update=?,
        lender_id=?,
        lender_signature=?,
        liquidation_ltv_percent=?,
        margin_call_ltv_percent=?,
        offer_id=?,
        principal_amount=?,
        principal_outstanding=?,
        repayment_type=?,
        status=?,
        tenure_days=?,
        total_outstanding=?,
        total_repayment_amount=?,
        updated_at=? 
    where
        id=?
Hibernate: 
    select
        l1_0.id,
        l1_0.agreement_hash,
        l1_0.borrower_id,
        l1_0.borrower_signature,
        l1_0.collateral_btc_amount,
        l1_0.collateral_value_inr,
        l1_0.created_at,
        l1_0.current_ltv_percent,
        l1_0.disbursement_proof_url,
        l1_0.disbursement_reference,
        l1_0.emi_amount,
        l1_0.emi_count,
        l1_0.expected_ltv_percent,
        l1_0.fiat_disbursed_at,
        l1_0.fiat_received_confirmed_at,
        l1_0.interest_outstanding,
        l1_0.interest_rate,
        l1_0.last_price_update,
        l1_0.lender_id,
        l1_0.lender_signature,
        l1_0.liquidation_ltv_percent,
        l1_0.margin_call_ltv_percent,
        l1_0.offer_id,
        l1_0.principal_amount,
        l1_0.principal_outstanding,
        l1_0.repayment_type,
        l1_0.status,
        l1_0.tenure_days,
        l1_0.total_outstanding,
        l1_0.total_repayment_amount,
        l1_0.updated_at 
    from
        loans l1_0 
    where
        l1_0.status in (?, ?, ?)
2026-03-13T13:52:06.910+05:30  INFO 48312 --- [LinkbitMVP] [           main] c.l.mvp.service.LtvMonitoringWorker      : Loan 9ad6ad4b-136c-4eba-a1b6-67c7f5450944 state changed from MARGIN_CALL to ACTIVE due to BTC price 8000000.00
Hibernate: 
    select
        lmc1_0.id,
        lmc1_0.loan_id,
        lmc1_0.resolved_at,
        lmc1_0.status,
        lmc1_0.triggered_at 
    from
        loan_margin_calls lmc1_0 
    where
        lmc1_0.loan_id=? 
        and lmc1_0.status in (?, ?)
Hibernate: 
    select
        lmc1_0.id,
        lmc1_0.loan_id,
        lmc1_0.resolved_at,
        lmc1_0.status,
        lmc1_0.triggered_at 
    from
        loan_margin_calls lmc1_0
Hibernate: 
    select
        llh1_0.id,
        llh1_0.btc_price_inr,
        llh1_0.collateral_value_inr,
        llh1_0.loan_id,
        llh1_0.ltv_percent,
        llh1_0.recorded_at 
    from
        loan_ltv_history llh1_0
Hibernate: 
    select
        l1_0.id,
        l1_0.agreement_hash,
        l1_0.borrower_id,
        l1_0.borrower_signature,
        l1_0.collateral_btc_amount,
        l1_0.collateral_value_inr,
        l1_0.created_at,
        l1_0.current_ltv_percent,
        l1_0.disbursement_proof_url,
        l1_0.disbursement_reference,
        l1_0.emi_amount,
        l1_0.emi_count,
        l1_0.expected_ltv_percent,
        l1_0.fiat_disbursed_at,
        l1_0.fiat_received_confirmed_at,
        l1_0.interest_outstanding,
        l1_0.interest_rate,
        l1_0.last_price_update,
        l1_0.lender_id,
        l1_0.lender_signature,
        l1_0.liquidation_ltv_percent,
        l1_0.margin_call_ltv_percent,
        l1_0.offer_id,
        l1_0.principal_amount,
        l1_0.principal_outstanding,
        l1_0.repayment_type,
        l1_0.status,
        l1_0.tenure_days,
        l1_0.total_outstanding,
        l1_0.total_repayment_amount,
        l1_0.updated_at 
    from
        loans l1_0
Hibernate: 
    select
        lo1_0.id,
        lo1_0.created_at,
        lo1_0.expected_ltv_percent,
        lo1_0.interest_rate,
        lo1_0.lender_id,
        lo1_0.loan_amount_inr,
        lo1_0.status,
        lo1_0.tenure_days,
        lo1_0.updated_at 
    from
        loan_offers lo1_0
Hibernate: 
    select
        u1_0.id,
        u1_0.created_at,
        u1_0.email,
        u1_0.kyc_status,
        u1_0.password_hash,
        u1_0.phone_number,
        u1_0.pseudonym,
        u1_0.updated_at 
    from
        users u1_0
Hibernate: 
    insert 
    into
        users
        (created_at, email, kyc_status, password_hash, phone_number, pseudonym, updated_at, id) 
    values
        (?, ?, ?, ?, ?, ?, ?, ?)
Hibernate: 
    insert 
    into
        users
        (created_at, email, kyc_status, password_hash, phone_number, pseudonym, updated_at, id) 
    values
        (?, ?, ?, ?, ?, ?, ?, ?)
Hibernate: 
    insert 
    into
        loan_offers
        (created_at, expected_ltv_percent, interest_rate, lender_id, loan_amount_inr, status, tenure_days, updated_at, id) 
    values
        (?, ?, ?, ?, ?, ?, ?, ?, ?)
Hibernate: 
    insert 
    into
        loans
        (agreement_hash, borrower_id, borrower_signature, collateral_btc_amount, collateral_value_inr, created_at, current_ltv_percent, disbursement_proof_url, disbursement_reference, emi_amount, emi_count, expected_ltv_percent, fiat_disbursed_at, fiat_received_confirmed_at, interest_outstanding, interest_rate, last_price_update, lender_id, lender_signature, liquidation_ltv_percent, margin_call_ltv_percent, offer_id, principal_amount, principal_outstanding, repayment_type, status, tenure_days, total_outstanding, total_repayment_amount, updated_at, id) 
    values
        (?, ?, ?, ?, ?, ?, ?, ?, ?, ?, ?, ?, ?, ?, ?, ?, ?, ?, ?, ?, ?, ?, ?, ?, ?, ?, ?, ?, ?, ?, ?)
Hibernate: 
    select
        l1_0.id,
        l1_0.agreement_hash,
        l1_0.borrower_id,
        l1_0.borrower_signature,
        l1_0.collateral_btc_amount,
        l1_0.collateral_value_inr,
        l1_0.created_at,
        l1_0.current_ltv_percent,
        l1_0.disbursement_proof_url,
        l1_0.disbursement_reference,
        l1_0.emi_amount,
        l1_0.emi_count,
        l1_0.expected_ltv_percent,
        l1_0.fiat_disbursed_at,
        l1_0.fiat_received_confirmed_at,
        l1_0.interest_outstanding,
        l1_0.interest_rate,
        l1_0.last_price_update,
        l1_0.lender_id,
        l1_0.lender_signature,
        l1_0.liquidation_ltv_percent,
        l1_0.margin_call_ltv_percent,
        l1_0.offer_id,
        l1_0.principal_amount,
        l1_0.principal_outstanding,
        l1_0.repayment_type,
        l1_0.status,
        l1_0.tenure_days,
        l1_0.total_outstanding,
        l1_0.total_repayment_amount,
        l1_0.updated_at 
    from
        loans l1_0 
    where
        l1_0.status in (?, ?, ?)
2026-03-13T13:52:06.932+05:30  INFO 48312 --- [LinkbitMVP] [           main] c.l.mvp.service.LtvMonitoringWorker      : Loan 5de7027e-573f-42c4-9e75-d99585a060db state changed from ACTIVE to MARGIN_CALL due to BTC price 6000000.00
Hibernate: 
    insert 
    into
        loan_ltv_history
        (btc_price_inr, collateral_value_inr, loan_id, ltv_percent, recorded_at, id) 
    values
        (?, ?, ?, ?, ?, ?)
Hibernate: 
    insert 
    into
        loan_margin_calls
        (loan_id, resolved_at, status, triggered_at, id) 
    values
        (?, ?, ?, ?, ?)
Hibernate: 
    update
        loans 
    set
        agreement_hash=?,
        borrower_id=?,
        borrower_signature=?,
        collateral_btc_amount=?,
        collateral_value_inr=?,
        current_ltv_percent=?,
        disbursement_proof_url=?,
        disbursement_reference=?,
        emi_amount=?,
        emi_count=?,
        expected_ltv_percent=?,
        fiat_disbursed_at=?,
        fiat_received_confirmed_at=?,
        interest_outstanding=?,
        interest_rate=?,
        last_price_update=?,
        lender_id=?,
        lender_signature=?,
        liquidation_ltv_percent=?,
        margin_call_ltv_percent=?,
        offer_id=?,
        principal_amount=?,
        principal_outstanding=?,
        repayment_type=?,
        status=?,
        tenure_days=?,
        total_outstanding=?,
        total_repayment_amount=?,
        updated_at=? 
    where
        id=?
Hibernate: 
    select
        llh1_0.id,
        llh1_0.btc_price_inr,
        llh1_0.collateral_value_inr,
        llh1_0.loan_id,
        llh1_0.ltv_percent,
        llh1_0.recorded_at 
    from
        loan_ltv_history llh1_0
Hibernate: 
    select
        lmc1_0.id,
        lmc1_0.loan_id,
        lmc1_0.resolved_at,
        lmc1_0.status,
        lmc1_0.triggered_at 
    from
        loan_margin_calls lmc1_0
Hibernate: 
    select
        llh1_0.id,
        llh1_0.btc_price_inr,
        llh1_0.collateral_value_inr,
        llh1_0.loan_id,
        llh1_0.ltv_percent,
        llh1_0.recorded_at 
    from
        loan_ltv_history llh1_0
Hibernate: 
    select
        l1_0.id,
        l1_0.agreement_hash,
        l1_0.borrower_id,
        l1_0.borrower_signature,
        l1_0.collateral_btc_amount,
        l1_0.collateral_value_inr,
        l1_0.created_at,
        l1_0.current_ltv_percent,
        l1_0.disbursement_proof_url,
        l1_0.disbursement_reference,
        l1_0.emi_amount,
        l1_0.emi_count,
        l1_0.expected_ltv_percent,
        l1_0.fiat_disbursed_at,
        l1_0.fiat_received_confirmed_at,
        l1_0.interest_outstanding,
        l1_0.interest_rate,
        l1_0.last_price_update,
        l1_0.lender_id,
        l1_0.lender_signature,
        l1_0.liquidation_ltv_percent,
        l1_0.margin_call_ltv_percent,
        l1_0.offer_id,
        l1_0.principal_amount,
        l1_0.principal_outstanding,
        l1_0.repayment_type,
        l1_0.status,
        l1_0.tenure_days,
        l1_0.total_outstanding,
        l1_0.total_repayment_amount,
        l1_0.updated_at 
    from
        loans l1_0
Hibernate: 
    select
        lo1_0.id,
        lo1_0.created_at,
        lo1_0.expected_ltv_percent,
        lo1_0.interest_rate,
        lo1_0.lender_id,
        lo1_0.loan_amount_inr,
        lo1_0.status,
        lo1_0.tenure_days,
        lo1_0.updated_at 
    from
        loan_offers lo1_0
Hibernate: 
    select
        u1_0.id,
        u1_0.created_at,
        u1_0.email,
        u1_0.kyc_status,
        u1_0.password_hash,
        u1_0.phone_number,
        u1_0.pseudonym,
        u1_0.updated_at 
    from
        users u1_0
Hibernate: 
    insert 
    into
        users
        (created_at, email, kyc_status, password_hash, phone_number, pseudonym, updated_at, id) 
    values
        (?, ?, ?, ?, ?, ?, ?, ?)
Hibernate: 
    insert 
    into
        users
        (created_at, email, kyc_status, password_hash, phone_number, pseudonym, updated_at, id) 
    values
        (?, ?, ?, ?, ?, ?, ?, ?)
Hibernate: 
    insert 
    into
        loan_offers
        (created_at, expected_ltv_percent, interest_rate, lender_id, loan_amount_inr, status, tenure_days, updated_at, id) 
    values
        (?, ?, ?, ?, ?, ?, ?, ?, ?)
Hibernate: 
    insert 
    into
        loans
        (agreement_hash, borrower_id, borrower_signature, collateral_btc_amount, collateral_value_inr, created_at, current_ltv_percent, disbursement_proof_url, disbursement_reference, emi_amount, emi_count, expected_ltv_percent, fiat_disbursed_at, fiat_received_confirmed_at, interest_outstanding, interest_rate, last_price_update, lender_id, lender_signature, liquidation_ltv_percent, margin_call_ltv_percent, offer_id, principal_amount, principal_outstanding, repayment_type, status, tenure_days, total_outstanding, total_repayment_amount, updated_at, id) 
    values
        (?, ?, ?, ?, ?, ?, ?, ?, ?, ?, ?, ?, ?, ?, ?, ?, ?, ?, ?, ?, ?, ?, ?, ?, ?, ?, ?, ?, ?, ?, ?)
Hibernate: 
    select
        l1_0.id,
        l1_0.agreement_hash,
        l1_0.borrower_id,
        l1_0.borrower_signature,
        l1_0.collateral_btc_amount,
        l1_0.collateral_value_inr,
        l1_0.created_at,
        l1_0.current_ltv_percent,
        l1_0.disbursement_proof_url,
        l1_0.disbursement_reference,
        l1_0.emi_amount,
        l1_0.emi_count,
        l1_0.expected_ltv_percent,
        l1_0.fiat_disbursed_at,
        l1_0.fiat_received_confirmed_at,
        l1_0.interest_outstanding,
        l1_0.interest_rate,
        l1_0.last_price_update,
        l1_0.lender_id,
        l1_0.lender_signature,
        l1_0.liquidation_ltv_percent,
        l1_0.margin_call_ltv_percent,
        l1_0.offer_id,
        l1_0.principal_amount,
        l1_0.principal_outstanding,
        l1_0.repayment_type,
        l1_0.status,
        l1_0.tenure_days,
        l1_0.total_outstanding,
        l1_0.total_repayment_amount,
        l1_0.updated_at 
    from
        loans l1_0 
    where
        l1_0.status in (?, ?, ?)
Hibernate: 
    select
        llh1_0.id,
        llh1_0.btc_price_inr,
        llh1_0.collateral_value_inr,
        llh1_0.loan_id,
        llh1_0.ltv_percent,
        llh1_0.recorded_at 
    from
        loan_ltv_history llh1_0
[INFO] Tests run: 4, Failures: 0, Errors: 0, Skipped: 0, Time elapsed: 1.559 s -- in com.linkbit.mvp.service.LtvMonitoringWorkerTest
[INFO] 
[INFO] Results:
[INFO] 
[ERROR] Failures: 
[ERROR]   EscrowControllerTest.shouldSubmitTopupSuccessfully:234 Status expected:<202> but was:<500>
[ERROR]   EscrowControllerTest.shouldVerifyTopupAndResolveMarginCall:277 Status expected:<200> but was:<500>
[ERROR] Errors: 
[ERROR]   EscrowControllerTest.setUp:82 ╗ DataIntegrityViolation could not execute statement [Referential integrity constraint violation: "FKT50CJS2V9PEVWBUPKJD3GK0XP: PUBLIC.LOAN_MARGIN_CALLS FOREIGN KEY(LOAN_ID) REFERENCES PUBLIC.LOANS(ID) (UUID '153cb766-4161-408d-be57-7d677d5e2b71')"; SQL statement:
delete from loans where id=? [23503-224]] [delete from loans where id=?]; SQL [delete from loans where id=?]; constraint ["FKT50CJS2V9PEVWBUPKJD3GK0XP: PUBLIC.LOAN_MARGIN_CALLS FOREIGN KEY(LOAN_ID) REFERENCES PUBLIC.LOANS(ID) (UUID '153cb766-4161-408d-be57-7d677d5e2b71')"; SQL statement:
delete from loans where id=? [23503-224]]
[ERROR]   EscrowControllerTest.setUp:82 ╗ DataIntegrityViolation could not execute statement [Referential integrity constraint violation: "FKT50CJS2V9PEVWBUPKJD3GK0XP: PUBLIC.LOAN_MARGIN_CALLS FOREIGN KEY(LOAN_ID) REFERENCES PUBLIC.LOANS(ID) (UUID '153cb766-4161-408d-be57-7d677d5e2b71')"; SQL statement:
delete from loans where id=? [23503-224]] [delete from loans where id=?]; SQL [delete from loans where id=?]; constraint ["FKT50CJS2V9PEVWBUPKJD3GK0XP: PUBLIC.LOAN_MARGIN_CALLS FOREIGN KEY(LOAN_ID) REFERENCES PUBLIC.LOANS(ID) (UUID '153cb766-4161-408d-be57-7d677d5e2b71')"; SQL statement:
delete from loans where id=? [23503-224]]
[INFO] 
[ERROR] Tests run: 11, Failures: 2, Errors: 2, Skipped: 0
[INFO] 
[INFO] ------------------------------------------------------------------------
[INFO] BUILD FAILURE
[INFO] ------------------------------------------------------------------------
[INFO] Total time:  18.853 s
[INFO] Finished at: 2026-03-13T13:52:07+05:30
[INFO] ------------------------------------------------------------------------
[ERROR] Failed to execute goal org.apache.maven.plugins:maven-surefire-plugin:3.1.2:test (default-test) on project mvp: There are test failures.
[ERROR] 
[ERROR] Please refer to D:\LB\mvp\target\surefire-reports for the individual test results.
[ERROR] Please refer to dump files (if any exist) [date].dump, [date]-jvmRun[N].dump and [date].dumpstream.
[ERROR] -> [Help 1]
[ERROR] 
[ERROR] To see the full stack trace of the errors, re-run Maven with the -e switch.
[ERROR] Re-run Maven using the -X switch to enable full debug logging.
[ERROR] 
[ERROR] For more information about the errors and possible solutions, please read the following articles:
[ERROR] [Help 1] http://cwiki.apache.org/confluence/display/MAVEN/MojoFailureException
