[INFO] Scanning for projects...
[INFO] 
[INFO] --------------------------< com.linkbit:mvp >---------------------------
[INFO] Building mvp 0.0.1-SNAPSHOT
[INFO]   from pom.xml
[INFO] --------------------------------[ jar ]---------------------------------
[INFO] 
[INFO] --- resources:3.3.1:resources (default-resources) @ mvp ---
[INFO] Copying 2 resources from src\main\resources to target\classes
[INFO] Copying 15 resources from src\main\resources to target\classes
[INFO] 
[INFO] --- compiler:3.11.0:compile (default-compile) @ mvp ---
[INFO] Nothing to compile - all classes are up to date
[INFO] 
[INFO] --- resources:3.3.1:testResources (default-testResources) @ mvp ---
[INFO] Copying 1 resource from src\test\resources to target\test-classes
[INFO] 
[INFO] --- compiler:3.11.0:testCompile (default-testCompile) @ mvp ---
[INFO] Changes detected - recompiling the module! :source
[INFO] Compiling 14 source files with javac [debug release 21] to target\test-classes
[INFO] Annotation processing is enabled because one or more processors were found
  on the class path. A future release of javac may disable annotation processing
  unless at least one processor is specified by name (-processor), or a search
  path is specified (--processor-path, --processor-module-path), or annotation
  processing is enabled explicitly (-proc:only, -proc:full).
  Use -Xlint:-options to suppress this message.
  Use -proc:none to disable annotation processing.
[INFO] 
[INFO] --- surefire:3.1.2:test (default-test) @ mvp ---
[INFO] Using auto detected provider org.apache.maven.surefire.junitplatform.JUnitPlatformProvider
[INFO] 
[INFO] -------------------------------------------------------
[INFO]  T E S T S
[INFO] -------------------------------------------------------
[INFO] Running com.linkbit.mvp.security.SecurityAuthorizationTest
03:07:55.254 [main] INFO org.springframework.test.context.support.AnnotationConfigContextLoaderUtils -- Could not detect default configuration classes for test class [com.linkbit.mvp.security.SecurityAuthorizationTest]: SecurityAuthorizationTest does not declare any static, non-private, non-final, nested classes annotated with @Configuration.
03:07:55.362 [main] INFO org.springframework.boot.test.context.SpringBootTestContextBootstrapper -- Found @SpringBootConfiguration com.linkbit.mvp.MvpApplication for test class com.linkbit.mvp.security.SecurityAuthorizationTest
03:07:55.558 [main] INFO org.springframework.boot.devtools.restart.RestartApplicationListener -- Restart disabled due to context in which it is running

  .   ____          _            __ _ _
 /\\ / ___'_ __ _ _(_)_ __  __ _ \ \ \ \
( ( )\___ | '_ | '_| | '_ \/ _` | \ \ \ \
 \\/  ___)| |_)| | | | | || (_| |  ) ) ) )
  '  |____| .__|_| |_|_| |_\__, | / / / /
 =========|_|==============|___/=/_/_/_/
 :: Spring Boot ::                (v3.2.3)

2026-03-20T03:07:55.840+05:30  INFO 49060 --- [LinkbitMVP] [           main] c.l.m.s.SecurityAuthorizationTest        : Starting SecurityAuthorizationTest using Java 21 with PID 49060 (started by Aksha in D:\LB\mvp)
2026-03-20T03:07:55.843+05:30  INFO 49060 --- [LinkbitMVP] [           main] c.l.m.s.SecurityAuthorizationTest        : The following 1 profile is active: "test"
2026-03-20T03:07:57.065+05:30  INFO 49060 --- [LinkbitMVP] [           main] .s.d.r.c.RepositoryConfigurationDelegate : Bootstrapping Spring Data JPA repositories in DEFAULT mode.
2026-03-20T03:07:57.243+05:30  INFO 49060 --- [LinkbitMVP] [           main] .s.d.r.c.RepositoryConfigurationDelegate : Finished Spring Data repository scanning in 161 ms. Found 17 JPA repository interfaces.
2026-03-20T03:07:58.104+05:30  INFO 49060 --- [LinkbitMVP] [           main] o.hibernate.jpa.internal.util.LogHelper  : HHH000204: Processing PersistenceUnitInfo [name: default]
2026-03-20T03:07:58.204+05:30  INFO 49060 --- [LinkbitMVP] [           main] org.hibernate.Version                    : HHH000412: Hibernate ORM core version 6.4.4.Final
2026-03-20T03:07:58.240+05:30  INFO 49060 --- [LinkbitMVP] [           main] o.h.c.internal.RegionFactoryInitiator    : HHH000026: Second-level cache disabled
2026-03-20T03:07:58.579+05:30  INFO 49060 --- [LinkbitMVP] [           main] o.s.o.j.p.SpringPersistenceUnitInfo      : No LoadTimeWeaver setup: ignoring JPA class transformer
2026-03-20T03:07:58.620+05:30  INFO 49060 --- [LinkbitMVP] [           main] com.zaxxer.hikari.HikariDataSource       : HikariPool-1 - Starting...
2026-03-20T03:07:58.826+05:30  INFO 49060 --- [LinkbitMVP] [           main] com.zaxxer.hikari.pool.HikariPool        : HikariPool-1 - Added connection conn0: url=jdbc:h2:mem:testdb user=SA
2026-03-20T03:07:58.829+05:30  INFO 49060 --- [LinkbitMVP] [           main] com.zaxxer.hikari.HikariDataSource       : HikariPool-1 - Start completed.
2026-03-20T03:07:58.865+05:30  WARN 49060 --- [LinkbitMVP] [           main] org.hibernate.orm.deprecation            : HHH90000025: H2Dialect does not need to be specified explicitly using 'hibernate.dialect' (remove the property setting and it will be selected by default)
2026-03-20T03:08:00.339+05:30  INFO 49060 --- [LinkbitMVP] [           main] o.h.e.t.j.p.i.JtaPlatformInitiator       : HHH000489: No JTA platform available (set 'hibernate.transaction.jta.platform' to enable JTA platform integration)
Hibernate: 
    drop table if exists bitcoin_transactions cascade 
Hibernate: 
    drop table if exists collateral_releases cascade 
Hibernate: 
    drop table if exists escrow_accounts cascade 
Hibernate: 
    drop table if exists loan_audit_log cascade 
Hibernate: 
    drop table if exists loan_emis cascade 
Hibernate: 
    drop table if exists loan_ledger cascade 
Hibernate: 
    drop table if exists loan_liquidations cascade 
Hibernate: 
    drop table if exists loan_ltv_history cascade 
Hibernate: 
    drop table if exists loan_margin_calls cascade 
Hibernate: 
    drop table if exists loan_offers cascade 
Hibernate: 
    drop table if exists loan_repayments cascade 
Hibernate: 
    drop table if exists loans cascade 
Hibernate: 
    drop table if exists negotiation_messages cascade 
Hibernate: 
    drop table if exists password_reset_token cascade 
Hibernate: 
    drop table if exists platform_fees cascade 
Hibernate: 
    drop table if exists user_kyc_details cascade 
Hibernate: 
    drop table if exists users cascade 
Hibernate: 
    create table bitcoin_transactions (
        confirmations integer not null,
        amount_sats bigint not null,
        created_at timestamp(6) not null,
        id uuid not null,
        loan_id uuid not null,
        status varchar(255),
        tx_hash varchar(255),
        type varchar(255) not null check (type in ('DEPOSIT','COLLATERAL_TOPUP')),
        primary key (id)
    )
Hibernate: 
    create table collateral_releases (
        released_btc numeric(38,2) not null,
        executed_at timestamp(6) not null,
        executed_by uuid,
        id uuid not null,
        loan_id uuid not null,
        primary key (id)
    )
Hibernate: 
    create table escrow_accounts (
        created_at timestamp(6) not null,
        current_balance_sats bigint not null,
        loan_id uuid not null,
        escrow_address varchar(255) not null,
        primary key (loan_id)
    )
Hibernate: 
    create table loan_audit_log (
        timestamp timestamp(6),
        id uuid not null,
        loan_id uuid not null,
        action varchar(255) not null check (action in ('FINALIZE_CONTRACT','SIGN_CONTRACT','CANCEL_NEGOTIATION','PAY_FEE','DEPOSIT_COLLATERAL','DISBURSE_FIAT','MARK_DISPUTE','RESOLVE_DISPUTE','LTV_DROP_MARGIN_CALL','LTV_DROP_LIQUIDATION','LTV_RECOVERED','EXECUTE_LIQUIDATION','REPAY_LOAN','RELEASE_COLLATERAL','ADMIN_OVERRIDE')),
        actor varchar(255) not null check (actor in ('BORROWER','LENDER','ADMIN','SYSTEM')),
        new_state varchar(255) not null check (new_state in ('NEGOTIATING','AWAITING_SIGNATURES','AWAITING_FEE','AWAITING_COLLATERAL','COLLATERAL_LOCKED','AGREED','ACTIVE','DEFAULTED','CLOSED','CANCELLED','DISPUTE_OPEN','LIQUIDATED','REPAID','MARGIN_CALL','LIQUIDATION_ELIGIBLE')),
        previous_state varchar(255) check (previous_state in ('NEGOTIATING','AWAITING_SIGNATURES','AWAITING_FEE','AWAITING_COLLATERAL','COLLATERAL_LOCKED','AGREED','ACTIVE','DEFAULTED','CLOSED','CANCELLED','DISPUTE_OPEN','LIQUIDATED','REPAID','MARGIN_CALL','LIQUIDATION_ELIGIBLE')),
        primary key (id)
    )
Hibernate: 
    create table loan_emis (
        amount_paid numeric(38,2) not null,
        due_date date not null,
        emi_amount numeric(38,2) not null,
        emi_number integer not null,
        created_at timestamp(6) not null,
        id uuid not null,
        loan_id uuid not null,
        status varchar(255) not null check (status in ('PENDING','PARTIAL','PAID','OVERDUE')),
        primary key (id)
    )
Hibernate: 
    create table loan_ledger (
        amount_inr numeric(38,2) not null,
        created_at timestamp(6) not null,
        id uuid not null,
        loan_id uuid not null,
        entry_type varchar(255) not null check (entry_type in ('FIAT_DISBURSEMENT','BORROWER_REPAYMENT','INTEREST_ACCRUAL','COLLATERAL_RELEASE','COLLATERAL_TOPUP','LIQUIDATION_EXECUTED','LENDER_REPAID','LIQUIDATION_PENALTY','BORROWER_COLLATERAL_RETURN','COLLATERAL_RELEASED','ESCROW_CLOSED')),
        notes TEXT,
        primary key (id)
    )
Hibernate: 
    create table loan_liquidations (
        borrower_returned numeric(38,2) not null,
        btc_price_inr numeric(38,2) not null,
        collateral_value_inr numeric(38,2) not null,
        lender_repaid numeric(38,2) not null,
        liquidation_penalty numeric(38,2) not null,
        executed_at timestamp(6) not null,
        id uuid not null,
        loan_id uuid not null,
        primary key (id)
    )
Hibernate: 
    create table loan_ltv_history (
        btc_price_inr numeric(38,2) not null,
        collateral_value_inr numeric(38,2) not null,
        ltv_percent numeric(38,2) not null,
        recorded_at timestamp(6) not null,
        id uuid not null,
        loan_id uuid not null,
        primary key (id)
    )
Hibernate: 
    create table loan_margin_calls (
        resolved_at timestamp(6),
        triggered_at timestamp(6) not null,
        id uuid not null,
        loan_id uuid not null,
        status varchar(255) not null check (status in ('OPEN','RESOLVED','ESCALATED')),
        primary key (id)
    )
Hibernate: 
    create table loan_offers (
        expected_ltv_percent integer not null,
        interest_rate numeric(38,2) not null,
        loan_amount_inr numeric(38,2) not null,
        tenure_days integer not null,
        created_at timestamp(6),
        updated_at timestamp(6),
        id uuid not null,
        lender_id uuid not null,
        status varchar(255) not null check (status in ('OPEN','PAUSED','CLOSED')),
        primary key (id)
    )
Hibernate: 
    create table loan_repayments (
        amount_inr numeric(38,2) not null,
        created_at timestamp(6) not null,
        id uuid not null,
        loan_id uuid not null,
        proof_url varchar(255) not null,
        status varchar(255) not null check (status in ('PENDING','VERIFIED','REJECTED')),
        transaction_reference varchar(255) not null,
        primary key (id)
    )
Hibernate: 
    create table loans (
        borrower_return_amount numeric(38,2),
        collateral_btc_amount numeric(38,2),
        collateral_released_btc numeric(38,2),
        collateral_value_inr numeric(38,2),
        current_ltv_percent numeric(38,2),
        emi_amount numeric(38,2),
        emi_count integer,
        expected_ltv_percent integer,
        interest_outstanding numeric(38,2),
        interest_rate numeric(38,2) not null,
        lender_repayment_amount numeric(38,2),
        liquidation_ltv_percent integer,
        liquidation_penalty_amount numeric(38,2),
        liquidation_price_inr numeric(38,2),
        margin_call_ltv_percent integer,
        principal_amount numeric(38,2) not null,
        principal_outstanding numeric(38,2),
        tenure_days integer not null,
        total_outstanding numeric(38,2),
        total_repayment_amount numeric(38,2),
        agreement_finalized_at timestamp(6),
        collateral_released_at timestamp(6),
        created_at timestamp(6),
        fiat_disbursed_at timestamp(6),
        fiat_received_confirmed_at timestamp(6),
        last_price_update timestamp(6),
        liquidation_executed_at timestamp(6),
        updated_at timestamp(6),
        version bigint,
        borrower_id uuid not null,
        id uuid not null,
        lender_id uuid not null,
        offer_id uuid not null,
        agreement_hash varchar(255),
        borrower_signature TEXT,
        disbursement_proof_url varchar(255),
        disbursement_reference varchar(255),
        lender_signature TEXT,
        repayment_type varchar(255) check (repayment_type in ('EMI','BULLET')),
        status varchar(255) not null check (status in ('NEGOTIATING','AWAITING_SIGNATURES','AWAITING_FEE','AWAITING_COLLATERAL','COLLATERAL_LOCKED','AGREED','ACTIVE','DEFAULTED','CLOSED','CANCELLED','DISPUTE_OPEN','LIQUIDATED','REPAID','MARGIN_CALL','LIQUIDATION_ELIGIBLE')),
        primary key (id)
    )
Hibernate: 
    create table negotiation_messages (
        is_system_message boolean not null,
        id bigint generated by default as identity,
        sent_at timestamp(6),
        loan_id uuid not null,
        sender_id uuid,
        message_text TEXT not null,
        primary key (id)
    )
Hibernate: 
    create table password_reset_token (
        expiry_date timestamp(6) not null,
        id uuid not null,
        user_id uuid not null,
        token varchar(255) not null,
        primary key (id)
    )
Hibernate: 
    create table platform_fees (
        amount_inr numeric(19,2) not null,
        created_at timestamp(6) not null,
        id uuid not null,
        loan_id uuid not null,
        payment_gateway_ref varchar(255),
        status varchar(255) not null check (status in ('PENDING','SUCCESS','FAILED','REFUNDED')),
        primary key (id)
    )
Hibernate: 
    create table user_kyc_details (
        created_at timestamp(6),
        user_id uuid not null,
        bank_account_number varchar(255),
        full_legal_name varchar(255),
        ifsc varchar(255),
        national_id_hash varchar(255),
        upi_id varchar(255),
        primary key (user_id)
    )
Hibernate: 
    create table users (
        created_at timestamp(6),
        updated_at timestamp(6),
        id uuid not null,
        email varchar(255) not null unique,
        kyc_status varchar(255) not null check (kyc_status in ('PENDING','VERIFIED','REJECTED')),
        password_hash varchar(255) not null,
        phone_number varchar(255),
        pseudonym varchar(255),
        primary key (id)
    )
Hibernate: 
    alter table if exists bitcoin_transactions 
       add constraint FKca6ucwxb2tm820i2je6ru7rei 
       foreign key (loan_id) 
       references loans 
       on delete cascade
Hibernate: 
    alter table if exists collateral_releases 
       add constraint FKdr021l3sa1yi4g3axxsm3ovds 
       foreign key (loan_id) 
       references loans 
       on delete cascade
Hibernate: 
    alter table if exists loan_emis 
       add constraint FKh462fjxneqe778bqr2f4dbj96 
       foreign key (loan_id) 
       references loans 
       on delete cascade
Hibernate: 
    alter table if exists loan_ledger 
       add constraint FKbhbin7df7db1oi65mf1mf8m1r 
       foreign key (loan_id) 
       references loans 
       on delete cascade
Hibernate: 
    alter table if exists loan_liquidations 
       add constraint FKgbo5cdjyqht5b4ga7omvi78j4 
       foreign key (loan_id) 
       references loans 
       on delete cascade
Hibernate: 
    alter table if exists loan_ltv_history 
       add constraint FK709pdjducvwqynaukdq6liy72 
       foreign key (loan_id) 
       references loans 
       on delete cascade
Hibernate: 
    alter table if exists loan_margin_calls 
       add constraint FKt50cjs2v9pevwbupkjd3gk0xp 
       foreign key (loan_id) 
       references loans 
       on delete cascade
Hibernate: 
    alter table if exists loan_offers 
       add constraint FKotlnboct209ag5oe1f6jjdkcg 
       foreign key (lender_id) 
       references users
Hibernate: 
    alter table if exists loan_repayments 
       add constraint FKmvfjvk48bhsvwbdis0s9uwn1t 
       foreign key (loan_id) 
       references loans 
       on delete cascade
Hibernate: 
    alter table if exists loans 
       add constraint FK2r7bo1dhntarh4c125saxyva4 
       foreign key (borrower_id) 
       references users
Hibernate: 
    alter table if exists loans 
       add constraint FKmncmom5b7vctpc4tmi5gj2qn8 
       foreign key (lender_id) 
       references users
Hibernate: 
    alter table if exists loans 
       add constraint FK1rrd03inw38lttlgt4d2vro1i 
       foreign key (offer_id) 
       references loan_offers
Hibernate: 
    alter table if exists negotiation_messages 
       add constraint FKkxstmoa7f57xwrykx3lainbsu 
       foreign key (loan_id) 
       references loans 
       on delete cascade
Hibernate: 
    alter table if exists negotiation_messages 
       add constraint FKci8x3mbo26vy68ooxvryig0xa 
       foreign key (sender_id) 
       references users
Hibernate: 
    alter table if exists password_reset_token 
       add constraint FK83nsrttkwkb6ym0anu051mtxn 
       foreign key (user_id) 
       references users
Hibernate: 
    alter table if exists platform_fees 
       add constraint FK9uv5l1k1la1wdtq3p0focdimy 
       foreign key (loan_id) 
       references loans 
       on delete cascade
Hibernate: 
    alter table if exists user_kyc_details 
       add constraint FKkyg0ht716i8c79ovettpt9ljy 
       foreign key (user_id) 
       references users
2026-03-20T03:08:00.426+05:30  INFO 49060 --- [LinkbitMVP] [           main] j.LocalContainerEntityManagerFactoryBean : Initialized JPA EntityManagerFactory for persistence unit 'default'
2026-03-20T03:08:01.036+05:30  INFO 49060 --- [LinkbitMVP] [           main] o.s.d.j.r.query.QueryEnhancerFactory     : Hibernate is in classpath; If applicable, HQL parser will be used.
2026-03-20T03:08:02.549+05:30  WARN 49060 --- [LinkbitMVP] [           main] JpaBaseConfiguration$JpaWebConfiguration : spring.jpa.open-in-view is enabled by default. Therefore, database queries may be performed during view rendering. Explicitly configure spring.jpa.open-in-view to disable this warning
2026-03-20T03:08:02.996+05:30  INFO 49060 --- [LinkbitMVP] [           main] o.s.s.web.DefaultSecurityFilterChain     : Will secure any request with [org.springframework.security.web.session.DisableEncodeUrlFilter@76982efa, org.springframework.security.web.context.request.async.WebAsyncManagerIntegrationFilter@79571cc5, org.springframework.security.web.context.SecurityContextHolderFilter@1a445b5, org.springframework.security.web.header.HeaderWriterFilter@e8fabad, org.springframework.web.filter.CorsFilter@7b83476f, org.springframework.security.web.authentication.logout.LogoutFilter@6c82ecbe, com.linkbit.mvp.config.JwtAuthenticationFilter@198a653, org.springframework.security.web.savedrequest.RequestCacheAwareFilter@72c9576a, org.springframework.security.web.servletapi.SecurityContextHolderAwareRequestFilter@2b4bcd6e, org.springframework.security.web.authentication.AnonymousAuthenticationFilter@7f1bf2db, org.springframework.security.web.session.SessionManagementFilter@357e6334, org.springframework.security.web.access.ExceptionTranslationFilter@2ef4e7f3, org.springframework.security.web.access.intercept.AuthorizationFilter@c207c10]
2026-03-20T03:08:03.619+05:30  INFO 49060 --- [LinkbitMVP] [           main] o.s.b.a.h2.H2ConsoleAutoConfiguration    : H2 console available at '/h2-console'. Database available at 'jdbc:h2:mem:testdb'
2026-03-20T03:08:03.696+05:30  INFO 49060 --- [LinkbitMVP] [           main] o.s.b.t.m.w.SpringBootMockServletContext : Initializing Spring TestDispatcherServlet ''
2026-03-20T03:08:03.696+05:30  INFO 49060 --- [LinkbitMVP] [           main] o.s.t.web.servlet.TestDispatcherServlet  : Initializing Servlet ''
2026-03-20T03:08:03.696+05:30  INFO 49060 --- [LinkbitMVP] [           main] o.s.t.web.servlet.TestDispatcherServlet  : Completed initialization in 0 ms
2026-03-20T03:08:03.720+05:30  INFO 49060 --- [LinkbitMVP] [           main] o.s.m.s.b.SimpleBrokerMessageHandler     : Starting...
2026-03-20T03:08:03.721+05:30  INFO 49060 --- [LinkbitMVP] [           main] o.s.m.s.b.SimpleBrokerMessageHandler     : BrokerAvailabilityEvent[available=true, SimpleBrokerMessageHandler [org.springframework.messaging.simp.broker.DefaultSubscriptionRegistry@418b946b]]
2026-03-20T03:08:03.721+05:30  INFO 49060 --- [LinkbitMVP] [           main] o.s.m.s.b.SimpleBrokerMessageHandler     : Started.
2026-03-20T03:08:03.733+05:30  INFO 49060 --- [LinkbitMVP] [           main] c.l.m.s.SecurityAuthorizationTest        : Started SecurityAuthorizationTest in 8.192 seconds (process running for 10.98)
2026-03-20T03:08:03.765+05:30  INFO 49060 --- [LinkbitMVP] [           main] o.s.m.s.b.SimpleBrokerMessageHandler     : Stopping...
2026-03-20T03:08:03.765+05:30  INFO 49060 --- [LinkbitMVP] [           main] o.s.m.s.b.SimpleBrokerMessageHandler     : BrokerAvailabilityEvent[available=false, SimpleBrokerMessageHandler [org.springframework.messaging.simp.broker.DefaultSubscriptionRegistry@418b946b]]
2026-03-20T03:08:03.765+05:30  INFO 49060 --- [LinkbitMVP] [           main] o.s.m.s.b.SimpleBrokerMessageHandler     : Stopped.
Hibernate: 
    select
        l1_0.id,
        l1_0.agreement_finalized_at,
        l1_0.agreement_hash,
        l1_0.borrower_id,
        l1_0.borrower_return_amount,
        l1_0.borrower_signature,
        l1_0.collateral_btc_amount,
        l1_0.collateral_released_at,
        l1_0.collateral_released_btc,
        l1_0.collateral_value_inr,
        l1_0.created_at,
        l1_0.current_ltv_percent,
        l1_0.disbursement_proof_url,
        l1_0.disbursement_reference,
        l1_0.emi_amount,
        l1_0.emi_count,
        l1_0.expected_ltv_percent,
        l1_0.fiat_disbursed_at,
        l1_0.fiat_received_confirmed_at,
        l1_0.interest_outstanding,
        l1_0.interest_rate,
        l1_0.last_price_update,
        l1_0.lender_id,
        l1_0.lender_repayment_amount,
        l1_0.lender_signature,
        l1_0.liquidation_executed_at,
        l1_0.liquidation_ltv_percent,
        l1_0.liquidation_penalty_amount,
        l1_0.liquidation_price_inr,
        l1_0.margin_call_ltv_percent,
        l1_0.offer_id,
        l1_0.principal_amount,
        l1_0.principal_outstanding,
        l1_0.repayment_type,
        l1_0.status,
        l1_0.tenure_days,
        l1_0.total_outstanding,
        l1_0.total_repayment_amount,
        l1_0.updated_at,
        l1_0.version 
    from
        loans l1_0 
    where
        l1_0.status in (?, ?, ?)
2026-03-20T03:08:04.296+05:30  INFO 49060 --- [LinkbitMVP] [           main] j.LocalContainerEntityManagerFactoryBean : Closing JPA EntityManagerFactory for persistence unit 'default'
Hibernate: 
    drop table if exists bitcoin_transactions cascade 
Hibernate: 
    drop table if exists collateral_releases cascade 
Hibernate: 
    drop table if exists escrow_accounts cascade 
Hibernate: 
    drop table if exists loan_audit_log cascade 
Hibernate: 
    drop table if exists loan_emis cascade 
Hibernate: 
    drop table if exists loan_ledger cascade 
Hibernate: 
    drop table if exists loan_liquidations cascade 
Hibernate: 
    drop table if exists loan_ltv_history cascade 
Hibernate: 
    drop table if exists loan_margin_calls cascade 
Hibernate: 
    drop table if exists loan_offers cascade 
Hibernate: 
    drop table if exists loan_repayments cascade 
Hibernate: 
    drop table if exists loans cascade 
Hibernate: 
    drop table if exists negotiation_messages cascade 
Hibernate: 
    drop table if exists password_reset_token cascade 
Hibernate: 
    drop table if exists platform_fees cascade 
Hibernate: 
    drop table if exists user_kyc_details cascade 
Hibernate: 
    drop table if exists users cascade 
2026-03-20T03:08:04.308+05:30  INFO 49060 --- [LinkbitMVP] [           main] com.zaxxer.hikari.HikariDataSource       : HikariPool-1 - Shutdown initiated...
2026-03-20T03:08:04.312+05:30  INFO 49060 --- [LinkbitMVP] [           main] com.zaxxer.hikari.HikariDataSource       : HikariPool-1 - Shutdown completed.
2026-03-20T03:08:04.315+05:30  INFO 49060 --- [LinkbitMVP] [           main] o.s.b.d.r.RestartApplicationListener     : Restart disabled due to context in which it is running

  .   ____          _            __ _ _
 /\\ / ___'_ __ _ _(_)_ __  __ _ \ \ \ \
( ( )\___ | '_ | '_| | '_ \/ _` | \ \ \ \
 \\/  ___)| |_)| | | | | || (_| |  ) ) ) )
  '  |____| .__|_| |_|_| |_\__, | / / / /
 =========|_|==============|___/=/_/_/_/
 :: Spring Boot ::                (v3.2.3)

2026-03-20T03:08:04.358+05:30  INFO 49060 --- [LinkbitMVP] [           main] c.l.m.s.SecurityAuthorizationTest        : Starting SecurityAuthorizationTest using Java 21 with PID 49060 (started by Aksha in D:\LB\mvp)
2026-03-20T03:08:04.358+05:30  INFO 49060 --- [LinkbitMVP] [           main] c.l.m.s.SecurityAuthorizationTest        : The following 1 profile is active: "test"
2026-03-20T03:08:04.690+05:30  INFO 49060 --- [LinkbitMVP] [           main] .s.d.r.c.RepositoryConfigurationDelegate : Bootstrapping Spring Data JPA repositories in DEFAULT mode.
2026-03-20T03:08:04.722+05:30  INFO 49060 --- [LinkbitMVP] [           main] .s.d.r.c.RepositoryConfigurationDelegate : Finished Spring Data repository scanning in 29 ms. Found 17 JPA repository interfaces.
2026-03-20T03:08:04.844+05:30  INFO 49060 --- [LinkbitMVP] [           main] o.hibernate.jpa.internal.util.LogHelper  : HHH000204: Processing PersistenceUnitInfo [name: default]
2026-03-20T03:08:04.849+05:30  INFO 49060 --- [LinkbitMVP] [           main] o.h.c.internal.RegionFactoryInitiator    : HHH000026: Second-level cache disabled
2026-03-20T03:08:04.853+05:30  INFO 49060 --- [LinkbitMVP] [           main] o.s.o.j.p.SpringPersistenceUnitInfo      : No LoadTimeWeaver setup: ignoring JPA class transformer
2026-03-20T03:08:04.854+05:30  INFO 49060 --- [LinkbitMVP] [           main] com.zaxxer.hikari.HikariDataSource       : HikariPool-2 - Starting...
2026-03-20T03:08:04.854+05:30  INFO 49060 --- [LinkbitMVP] [           main] com.zaxxer.hikari.pool.HikariPool        : HikariPool-2 - Added connection conn10: url=jdbc:h2:mem:testdb user=SA
2026-03-20T03:08:04.854+05:30  INFO 49060 --- [LinkbitMVP] [           main] com.zaxxer.hikari.HikariDataSource       : HikariPool-2 - Start completed.
2026-03-20T03:08:04.854+05:30  WARN 49060 --- [LinkbitMVP] [           main] org.hibernate.orm.deprecation            : HHH90000025: H2Dialect does not need to be specified explicitly using 'hibernate.dialect' (remove the property setting and it will be selected by default)
2026-03-20T03:08:05.136+05:30  INFO 49060 --- [LinkbitMVP] [           main] o.h.e.t.j.p.i.JtaPlatformInitiator       : HHH000489: No JTA platform available (set 'hibernate.transaction.jta.platform' to enable JTA platform integration)
Hibernate: 
    drop table if exists bitcoin_transactions cascade 
Hibernate: 
    drop table if exists collateral_releases cascade 
Hibernate: 
    drop table if exists escrow_accounts cascade 
Hibernate: 
    drop table if exists loan_audit_log cascade 
Hibernate: 
    drop table if exists loan_emis cascade 
Hibernate: 
    drop table if exists loan_ledger cascade 
Hibernate: 
    drop table if exists loan_liquidations cascade 
Hibernate: 
    drop table if exists loan_ltv_history cascade 
Hibernate: 
    drop table if exists loan_margin_calls cascade 
Hibernate: 
    drop table if exists loan_offers cascade 
Hibernate: 
    drop table if exists loan_repayments cascade 
Hibernate: 
    drop table if exists loans cascade 
Hibernate: 
    drop table if exists negotiation_messages cascade 
Hibernate: 
    drop table if exists password_reset_token cascade 
Hibernate: 
    drop table if exists platform_fees cascade 
Hibernate: 
    drop table if exists user_kyc_details cascade 
Hibernate: 
    drop table if exists users cascade 
Hibernate: 
    create table bitcoin_transactions (
        confirmations integer not null,
        amount_sats bigint not null,
        created_at timestamp(6) not null,
        id uuid not null,
        loan_id uuid not null,
        status varchar(255),
        tx_hash varchar(255),
        type varchar(255) not null check (type in ('DEPOSIT','COLLATERAL_TOPUP')),
        primary key (id)
    )
Hibernate: 
    create table collateral_releases (
        released_btc numeric(38,2) not null,
        executed_at timestamp(6) not null,
        executed_by uuid,
        id uuid not null,
        loan_id uuid not null,
        primary key (id)
    )
Hibernate: 
    create table escrow_accounts (
        created_at timestamp(6) not null,
        current_balance_sats bigint not null,
        loan_id uuid not null,
        escrow_address varchar(255) not null,
        primary key (loan_id)
    )
Hibernate: 
    create table loan_audit_log (
        timestamp timestamp(6),
        id uuid not null,
        loan_id uuid not null,
        action varchar(255) not null check (action in ('FINALIZE_CONTRACT','SIGN_CONTRACT','CANCEL_NEGOTIATION','PAY_FEE','DEPOSIT_COLLATERAL','DISBURSE_FIAT','MARK_DISPUTE','RESOLVE_DISPUTE','LTV_DROP_MARGIN_CALL','LTV_DROP_LIQUIDATION','LTV_RECOVERED','EXECUTE_LIQUIDATION','REPAY_LOAN','RELEASE_COLLATERAL','ADMIN_OVERRIDE')),
        actor varchar(255) not null check (actor in ('BORROWER','LENDER','ADMIN','SYSTEM')),
        new_state varchar(255) not null check (new_state in ('NEGOTIATING','AWAITING_SIGNATURES','AWAITING_FEE','AWAITING_COLLATERAL','COLLATERAL_LOCKED','AGREED','ACTIVE','DEFAULTED','CLOSED','CANCELLED','DISPUTE_OPEN','LIQUIDATED','REPAID','MARGIN_CALL','LIQUIDATION_ELIGIBLE')),
        previous_state varchar(255) check (previous_state in ('NEGOTIATING','AWAITING_SIGNATURES','AWAITING_FEE','AWAITING_COLLATERAL','COLLATERAL_LOCKED','AGREED','ACTIVE','DEFAULTED','CLOSED','CANCELLED','DISPUTE_OPEN','LIQUIDATED','REPAID','MARGIN_CALL','LIQUIDATION_ELIGIBLE')),
        primary key (id)
    )
Hibernate: 
    create table loan_emis (
        amount_paid numeric(38,2) not null,
        due_date date not null,
        emi_amount numeric(38,2) not null,
        emi_number integer not null,
        created_at timestamp(6) not null,
        id uuid not null,
        loan_id uuid not null,
        status varchar(255) not null check (status in ('PENDING','PARTIAL','PAID','OVERDUE')),
        primary key (id)
    )
Hibernate: 
    create table loan_ledger (
        amount_inr numeric(38,2) not null,
        created_at timestamp(6) not null,
        id uuid not null,
        loan_id uuid not null,
        entry_type varchar(255) not null check (entry_type in ('FIAT_DISBURSEMENT','BORROWER_REPAYMENT','INTEREST_ACCRUAL','COLLATERAL_RELEASE','COLLATERAL_TOPUP','LIQUIDATION_EXECUTED','LENDER_REPAID','LIQUIDATION_PENALTY','BORROWER_COLLATERAL_RETURN','COLLATERAL_RELEASED','ESCROW_CLOSED')),
        notes TEXT,
        primary key (id)
    )
Hibernate: 
    create table loan_liquidations (
        borrower_returned numeric(38,2) not null,
        btc_price_inr numeric(38,2) not null,
        collateral_value_inr numeric(38,2) not null,
        lender_repaid numeric(38,2) not null,
        liquidation_penalty numeric(38,2) not null,
        executed_at timestamp(6) not null,
        id uuid not null,
        loan_id uuid not null,
        primary key (id)
    )
Hibernate: 
    create table loan_ltv_history (
        btc_price_inr numeric(38,2) not null,
        collateral_value_inr numeric(38,2) not null,
        ltv_percent numeric(38,2) not null,
        recorded_at timestamp(6) not null,
        id uuid not null,
        loan_id uuid not null,
        primary key (id)
    )
Hibernate: 
    create table loan_margin_calls (
        resolved_at timestamp(6),
        triggered_at timestamp(6) not null,
        id uuid not null,
        loan_id uuid not null,
        status varchar(255) not null check (status in ('OPEN','RESOLVED','ESCALATED')),
        primary key (id)
    )
Hibernate: 
    create table loan_offers (
        expected_ltv_percent integer not null,
        interest_rate numeric(38,2) not null,
        loan_amount_inr numeric(38,2) not null,
        tenure_days integer not null,
        created_at timestamp(6),
        updated_at timestamp(6),
        id uuid not null,
        lender_id uuid not null,
        status varchar(255) not null check (status in ('OPEN','PAUSED','CLOSED')),
        primary key (id)
    )
Hibernate: 
    create table loan_repayments (
        amount_inr numeric(38,2) not null,
        created_at timestamp(6) not null,
        id uuid not null,
        loan_id uuid not null,
        proof_url varchar(255) not null,
        status varchar(255) not null check (status in ('PENDING','VERIFIED','REJECTED')),
        transaction_reference varchar(255) not null,
        primary key (id)
    )
Hibernate: 
    create table loans (
        borrower_return_amount numeric(38,2),
        collateral_btc_amount numeric(38,2),
        collateral_released_btc numeric(38,2),
        collateral_value_inr numeric(38,2),
        current_ltv_percent numeric(38,2),
        emi_amount numeric(38,2),
        emi_count integer,
        expected_ltv_percent integer,
        interest_outstanding numeric(38,2),
        interest_rate numeric(38,2) not null,
        lender_repayment_amount numeric(38,2),
        liquidation_ltv_percent integer,
        liquidation_penalty_amount numeric(38,2),
        liquidation_price_inr numeric(38,2),
        margin_call_ltv_percent integer,
        principal_amount numeric(38,2) not null,
        principal_outstanding numeric(38,2),
        tenure_days integer not null,
        total_outstanding numeric(38,2),
        total_repayment_amount numeric(38,2),
        agreement_finalized_at timestamp(6),
        collateral_released_at timestamp(6),
        created_at timestamp(6),
        fiat_disbursed_at timestamp(6),
        fiat_received_confirmed_at timestamp(6),
        last_price_update timestamp(6),
        liquidation_executed_at timestamp(6),
        updated_at timestamp(6),
        version bigint,
        borrower_id uuid not null,
        id uuid not null,
        lender_id uuid not null,
        offer_id uuid not null,
        agreement_hash varchar(255),
        borrower_signature TEXT,
        disbursement_proof_url varchar(255),
        disbursement_reference varchar(255),
        lender_signature TEXT,
        repayment_type varchar(255) check (repayment_type in ('EMI','BULLET')),
        status varchar(255) not null check (status in ('NEGOTIATING','AWAITING_SIGNATURES','AWAITING_FEE','AWAITING_COLLATERAL','COLLATERAL_LOCKED','AGREED','ACTIVE','DEFAULTED','CLOSED','CANCELLED','DISPUTE_OPEN','LIQUIDATED','REPAID','MARGIN_CALL','LIQUIDATION_ELIGIBLE')),
        primary key (id)
    )
Hibernate: 
    create table negotiation_messages (
        is_system_message boolean not null,
        id bigint generated by default as identity,
        sent_at timestamp(6),
        loan_id uuid not null,
        sender_id uuid,
        message_text TEXT not null,
        primary key (id)
    )
Hibernate: 
    create table password_reset_token (
        expiry_date timestamp(6) not null,
        id uuid not null,
        user_id uuid not null,
        token varchar(255) not null,
        primary key (id)
    )
Hibernate: 
    create table platform_fees (
        amount_inr numeric(19,2) not null,
        created_at timestamp(6) not null,
        id uuid not null,
        loan_id uuid not null,
        payment_gateway_ref varchar(255),
        status varchar(255) not null check (status in ('PENDING','SUCCESS','FAILED','REFUNDED')),
        primary key (id)
    )
Hibernate: 
    create table user_kyc_details (
        created_at timestamp(6),
        user_id uuid not null,
        bank_account_number varchar(255),
        full_legal_name varchar(255),
        ifsc varchar(255),
        national_id_hash varchar(255),
        upi_id varchar(255),
        primary key (user_id)
    )
Hibernate: 
    create table users (
        created_at timestamp(6),
        updated_at timestamp(6),
        id uuid not null,
        email varchar(255) not null unique,
        kyc_status varchar(255) not null check (kyc_status in ('PENDING','VERIFIED','REJECTED')),
        password_hash varchar(255) not null,
        phone_number varchar(255),
        pseudonym varchar(255),
        primary key (id)
    )
Hibernate: 
    alter table if exists bitcoin_transactions 
       add constraint FKca6ucwxb2tm820i2je6ru7rei 
       foreign key (loan_id) 
       references loans 
       on delete cascade
Hibernate: 
    alter table if exists collateral_releases 
       add constraint FKdr021l3sa1yi4g3axxsm3ovds 
       foreign key (loan_id) 
       references loans 
       on delete cascade
Hibernate: 
    alter table if exists loan_emis 
       add constraint FKh462fjxneqe778bqr2f4dbj96 
       foreign key (loan_id) 
       references loans 
       on delete cascade
Hibernate: 
    alter table if exists loan_ledger 
       add constraint FKbhbin7df7db1oi65mf1mf8m1r 
       foreign key (loan_id) 
       references loans 
       on delete cascade
Hibernate: 
    alter table if exists loan_liquidations 
       add constraint FKgbo5cdjyqht5b4ga7omvi78j4 
       foreign key (loan_id) 
       references loans 
       on delete cascade
Hibernate: 
    alter table if exists loan_ltv_history 
       add constraint FK709pdjducvwqynaukdq6liy72 
       foreign key (loan_id) 
       references loans 
       on delete cascade
Hibernate: 
    alter table if exists loan_margin_calls 
       add constraint FKt50cjs2v9pevwbupkjd3gk0xp 
       foreign key (loan_id) 
       references loans 
       on delete cascade
Hibernate: 
    alter table if exists loan_offers 
       add constraint FKotlnboct209ag5oe1f6jjdkcg 
       foreign key (lender_id) 
       references users
Hibernate: 
    alter table if exists loan_repayments 
       add constraint FKmvfjvk48bhsvwbdis0s9uwn1t 
       foreign key (loan_id) 
       references loans 
       on delete cascade
Hibernate: 
    alter table if exists loans 
       add constraint FK2r7bo1dhntarh4c125saxyva4 
       foreign key (borrower_id) 
       references users
Hibernate: 
    alter table if exists loans 
       add constraint FKmncmom5b7vctpc4tmi5gj2qn8 
       foreign key (lender_id) 
       references users
Hibernate: 
    alter table if exists loans 
       add constraint FK1rrd03inw38lttlgt4d2vro1i 
       foreign key (offer_id) 
       references loan_offers
Hibernate: 
    alter table if exists negotiation_messages 
       add constraint FKkxstmoa7f57xwrykx3lainbsu 
       foreign key (loan_id) 
       references loans 
       on delete cascade
Hibernate: 
    alter table if exists negotiation_messages 
       add constraint FKci8x3mbo26vy68ooxvryig0xa 
       foreign key (sender_id) 
       references users
Hibernate: 
    alter table if exists password_reset_token 
       add constraint FK83nsrttkwkb6ym0anu051mtxn 
       foreign key (user_id) 
       references users
Hibernate: 
    alter table if exists platform_fees 
       add constraint FK9uv5l1k1la1wdtq3p0focdimy 
       foreign key (loan_id) 
       references loans 
       on delete cascade
Hibernate: 
    alter table if exists user_kyc_details 
       add constraint FKkyg0ht716i8c79ovettpt9ljy 
       foreign key (user_id) 
       references users
2026-03-20T03:08:05.169+05:30  INFO 49060 --- [LinkbitMVP] [           main] j.LocalContainerEntityManagerFactoryBean : Initialized JPA EntityManagerFactory for persistence unit 'default'
2026-03-20T03:08:05.504+05:30  WARN 49060 --- [LinkbitMVP] [           main] JpaBaseConfiguration$JpaWebConfiguration : spring.jpa.open-in-view is enabled by default. Therefore, database queries may be performed during view rendering. Explicitly configure spring.jpa.open-in-view to disable this warning
2026-03-20T03:08:05.563+05:30  INFO 49060 --- [LinkbitMVP] [           main] o.s.s.web.DefaultSecurityFilterChain     : Will secure any request with [org.springframework.security.web.session.DisableEncodeUrlFilter@62e53557, org.springframework.security.web.context.request.async.WebAsyncManagerIntegrationFilter@54b7bfbe, org.springframework.security.web.context.SecurityContextHolderFilter@40151a6b, org.springframework.security.web.header.HeaderWriterFilter@15a09ddc, org.springframework.web.filter.CorsFilter@70b14988, org.springframework.security.web.authentication.logout.LogoutFilter@2032dad7, com.linkbit.mvp.config.JwtAuthenticationFilter@2e7011b5, org.springframework.security.web.savedrequest.RequestCacheAwareFilter@747fa2b5, org.springframework.security.web.servletapi.SecurityContextHolderAwareRequestFilter@65209f9b, org.springframework.security.web.authentication.AnonymousAuthenticationFilter@59f0cf66, org.springframework.security.web.session.SessionManagementFilter@46fd6d87, org.springframework.security.web.access.ExceptionTranslationFilter@6fab6ea2, org.springframework.security.web.access.intercept.AuthorizationFilter@486c3088]
2026-03-20T03:08:05.666+05:30  INFO 49060 --- [LinkbitMVP] [           main] o.s.b.a.h2.H2ConsoleAutoConfiguration    : H2 console available at '/h2-console'. Database available at 'jdbc:h2:mem:testdb'
2026-03-20T03:08:05.682+05:30  INFO 49060 --- [LinkbitMVP] [           main] o.s.b.t.m.w.SpringBootMockServletContext : Initializing Spring TestDispatcherServlet ''
2026-03-20T03:08:05.682+05:30  INFO 49060 --- [LinkbitMVP] [           main] o.s.t.web.servlet.TestDispatcherServlet  : Initializing Servlet ''
2026-03-20T03:08:05.682+05:30  INFO 49060 --- [LinkbitMVP] [           main] o.s.t.web.servlet.TestDispatcherServlet  : Completed initialization in 0 ms
2026-03-20T03:08:05.689+05:30  INFO 49060 --- [LinkbitMVP] [           main] o.s.m.s.b.SimpleBrokerMessageHandler     : Starting...
2026-03-20T03:08:05.690+05:30  INFO 49060 --- [LinkbitMVP] [           main] o.s.m.s.b.SimpleBrokerMessageHandler     : BrokerAvailabilityEvent[available=true, SimpleBrokerMessageHandler [org.springframework.messaging.simp.broker.DefaultSubscriptionRegistry@2eb20fa7]]
2026-03-20T03:08:05.690+05:30  INFO 49060 --- [LinkbitMVP] [           main] o.s.m.s.b.SimpleBrokerMessageHandler     : Started.
2026-03-20T03:08:05.693+05:30  INFO 49060 --- [LinkbitMVP] [           main] c.l.m.s.SecurityAuthorizationTest        : Started SecurityAuthorizationTest in 1.378 seconds (process running for 12.941)
Hibernate: 
    select
        l1_0.id,
        l1_0.agreement_finalized_at,
        l1_0.agreement_hash,
        l1_0.borrower_id,
        l1_0.borrower_return_amount,
        l1_0.borrower_signature,
        l1_0.collateral_btc_amount,
        l1_0.collateral_released_at,
        l1_0.collateral_released_btc,
        l1_0.collateral_value_inr,
        l1_0.created_at,
        l1_0.current_ltv_percent,
        l1_0.disbursement_proof_url,
        l1_0.disbursement_reference,
        l1_0.emi_amount,
        l1_0.emi_count,
        l1_0.expected_ltv_percent,
        l1_0.fiat_disbursed_at,
        l1_0.fiat_received_confirmed_at,
        l1_0.interest_outstanding,
        l1_0.interest_rate,
        l1_0.last_price_update,
        l1_0.lender_id,
        l1_0.lender_repayment_amount,
        l1_0.lender_signature,
        l1_0.liquidation_executed_at,
        l1_0.liquidation_ltv_percent,
        l1_0.liquidation_penalty_amount,
        l1_0.liquidation_price_inr,
        l1_0.margin_call_ltv_percent,
        l1_0.offer_id,
        l1_0.principal_amount,
        l1_0.principal_outstanding,
        l1_0.repayment_type,
        l1_0.status,
        l1_0.tenure_days,
        l1_0.total_outstanding,
        l1_0.total_repayment_amount,
        l1_0.updated_at,
        l1_0.version 
    from
        loans l1_0 
    where
        l1_0.status in (?, ?, ?)
mvn : WARNING: A Java agent has been loaded dynamically 
(C:\Users\Aksha\.m2\repository\net\bytebuddy\byte-buddy-agent\1.14.12\byte-buddy-agent-1.14.12.jar)
At line:1 char:1
+ mvn test -Dtest=SecurityAuthorizationTest > test_output.txt 2>&1
+ ~~~~~~~~~~~~~~~~~~~~~~~~~~~~~~~~~~~~~~~~~~~~~~~~~~~~~~~~~~~~~~~~
    + CategoryInfo          : NotSpecified: (WARNING: A Java...nt-1.14.12.jar):String) [], RemoteException
    + FullyQualifiedErrorId : NativeCommandError
 
WARNING: If a serviceability tool is in use, please run with -XX:+EnableDynamicAgentLoading to hide this warning
WARNING: If a serviceability tool is not in use, please run with -Djdk.instrument.traceUsage for more information
WARNING: Dynamic loading of agents will be disallowed by default in a future release
OpenJDK 64-Bit Server VM warning: Sharing is only supported for boot loader classes because bootstrap classpath has 
been appended
Hibernate: 
    select
        l1_0.id,
        l1_0.agreement_finalized_at,
        l1_0.agreement_hash,
        l1_0.borrower_id,
        l1_0.borrower_return_amount,
        l1_0.borrower_signature,
        l1_0.collateral_btc_amount,
        l1_0.collateral_released_at,
        l1_0.collateral_released_btc,
        l1_0.collateral_value_inr,
        l1_0.created_at,
        l1_0.current_ltv_percent,
        l1_0.disbursement_proof_url,
        l1_0.disbursement_reference,
        l1_0.emi_amount,
        l1_0.emi_count,
        l1_0.expected_ltv_percent,
        l1_0.fiat_disbursed_at,
        l1_0.fiat_received_confirmed_at,
        l1_0.interest_outstanding,
        l1_0.interest_rate,
        l1_0.last_price_update,
        l1_0.lender_id,
        l1_0.lender_repayment_amount,
        l1_0.lender_signature,
        l1_0.liquidation_executed_at,
        l1_0.liquidation_ltv_percent,
        l1_0.liquidation_penalty_amount,
        l1_0.liquidation_price_inr,
        l1_0.margin_call_ltv_percent,
        l1_0.offer_id,
        l1_0.principal_amount,
        l1_0.principal_outstanding,
        l1_0.repayment_type,
        l1_0.status,
        l1_0.tenure_days,
        l1_0.total_outstanding,
        l1_0.total_repayment_amount,
        l1_0.updated_at,
        l1_0.version 
    from
        loans l1_0
Hibernate: 
    select
        lo1_0.id,
        lo1_0.created_at,
        lo1_0.expected_ltv_percent,
        lo1_0.interest_rate,
        lo1_0.lender_id,
        lo1_0.loan_amount_inr,
        lo1_0.status,
        lo1_0.tenure_days,
        lo1_0.updated_at 
    from
        loan_offers lo1_0
Hibernate: 
    select
        u1_0.id,
        u1_0.created_at,
        u1_0.email,
        u1_0.kyc_status,
        u1_0.password_hash,
        u1_0.phone_number,
        u1_0.pseudonym,
        u1_0.updated_at 
    from
        users u1_0
Hibernate: 
    insert 
    into
        users
        (created_at, email, kyc_status, password_hash, phone_number, pseudonym, updated_at, id) 
    values
        (?, ?, ?, ?, ?, ?, ?, ?)
Hibernate: 
    insert 
    into
        users
        (created_at, email, kyc_status, password_hash, phone_number, pseudonym, updated_at, id) 
    values
        (?, ?, ?, ?, ?, ?, ?, ?)
Hibernate: 
    insert 
    into
        users
        (created_at, email, kyc_status, password_hash, phone_number, pseudonym, updated_at, id) 
    values
        (?, ?, ?, ?, ?, ?, ?, ?)
Hibernate: 
    insert 
    into
        loan_offers
        (created_at, expected_ltv_percent, interest_rate, lender_id, loan_amount_inr, status, tenure_days, updated_at, id) 
    values
        (?, ?, ?, ?, ?, ?, ?, ?, ?)
Hibernate: 
    insert 
    into
        loans
        (agreement_finalized_at, agreement_hash, borrower_id, borrower_return_amount, borrower_signature, collateral_btc_amount, collateral_released_at, collateral_released_btc, collateral_value_inr, created_at, current_ltv_percent, disbursement_proof_url, disbursement_reference, emi_amount, emi_count, expected_ltv_percent, fiat_disbursed_at, fiat_received_confirmed_at, interest_outstanding, interest_rate, last_price_update, lender_id, lender_repayment_amount, lender_signature, liquidation_executed_at, liquidation_ltv_percent, liquidation_penalty_amount, liquidation_price_inr, margin_call_ltv_percent, offer_id, principal_amount, principal_outstanding, repayment_type, status, tenure_days, total_outstanding, total_repayment_amount, updated_at, version, id) 
    values
        (?, ?, ?, ?, ?, ?, ?, ?, ?, ?, ?, ?, ?, ?, ?, ?, ?, ?, ?, ?, ?, ?, ?, ?, ?, ?, ?, ?, ?, ?, ?, ?, ?, ?, ?, ?, ?, ?, ?, ?)
Hibernate: 
    select
        u1_0.id,
        u1_0.created_at,
        u1_0.email,
        u1_0.kyc_status,
        u1_0.password_hash,
        u1_0.phone_number,
        u1_0.pseudonym,
        u1_0.updated_at 
    from
        users u1_0 
    where
        u1_0.email=?
Hibernate: 
    select
        ukd1_0.user_id,
        ukd1_0.bank_account_number,
        ukd1_0.created_at,
        ukd1_0.full_legal_name,
        ukd1_0.ifsc,
        ukd1_0.national_id_hash,
        ukd1_0.upi_id,
        u1_0.id,
        u1_0.created_at,
        u1_0.email,
        u1_0.kyc_status,
        u1_0.password_hash,
        u1_0.phone_number,
        u1_0.pseudonym,
        u1_0.updated_at 
    from
        user_kyc_details ukd1_0 
    join
        users u1_0 
            on u1_0.id=ukd1_0.user_id 
    where
        ukd1_0.user_id=?
Hibernate: 
    select
        l1_0.id,
        l1_0.agreement_finalized_at,
        l1_0.agreement_hash,
        l1_0.borrower_id,
        l1_0.borrower_return_amount,
        l1_0.borrower_signature,
        l1_0.collateral_btc_amount,
        l1_0.collateral_released_at,
        l1_0.collateral_released_btc,
        l1_0.collateral_value_inr,
        l1_0.created_at,
        l1_0.current_ltv_percent,
        l1_0.disbursement_proof_url,
        l1_0.disbursement_reference,
        l1_0.emi_amount,
        l1_0.emi_count,
        l1_0.expected_ltv_percent,
        l1_0.fiat_disbursed_at,
        l1_0.fiat_received_confirmed_at,
        l1_0.interest_outstanding,
        l1_0.interest_rate,
        l1_0.last_price_update,
        l1_0.lender_id,
        l1_0.lender_repayment_amount,
        l1_0.lender_signature,
        l1_0.liquidation_executed_at,
        l1_0.liquidation_ltv_percent,
        l1_0.liquidation_penalty_amount,
        l1_0.liquidation_price_inr,
        l1_0.margin_call_ltv_percent,
        l1_0.offer_id,
        l1_0.principal_amount,
        l1_0.principal_outstanding,
        l1_0.repayment_type,
        l1_0.status,
        l1_0.tenure_days,
        l1_0.total_outstanding,
        l1_0.total_repayment_amount,
        l1_0.updated_at,
        l1_0.version 
    from
        loans l1_0 
    where
        l1_0.id=?
Hibernate: 
    select
        ea1_0.loan_id,
        ea1_0.created_at,
        ea1_0.current_balance_sats,
        ea1_0.escrow_address 
    from
        escrow_accounts ea1_0 
    where
        ea1_0.loan_id=?
Hibernate: 
    select
        pf1_0.id,
        pf1_0.amount_inr,
        pf1_0.created_at,
        pf1_0.loan_id,
        pf1_0.payment_gateway_ref,
        pf1_0.status 
    from
        platform_fees pf1_0 
    left join
        loans l1_0 
            on l1_0.id=pf1_0.loan_id 
    where
        l1_0.id=? 
        and pf1_0.status in (?) 
    order by
        pf1_0.created_at desc 
    fetch
        first ? rows only
Hibernate: 
    select
        lr1_0.id,
        lr1_0.amount_inr,
        lr1_0.created_at,
        lr1_0.loan_id,
        lr1_0.proof_url,
        lr1_0.status,
        lr1_0.transaction_reference 
    from
        loan_repayments lr1_0 
    left join
        loans l1_0 
            on l1_0.id=lr1_0.loan_id 
    where
        l1_0.id=? 
    order by
        lr1_0.created_at desc
Hibernate: 
    select
        u1_0.id,
        u1_0.created_at,
        u1_0.email,
        u1_0.kyc_status,
        u1_0.password_hash,
        u1_0.phone_number,
        u1_0.pseudonym,
        u1_0.updated_at 
    from
        users u1_0 
    where
        u1_0.id=?
Hibernate: 
    select
        ukd1_0.user_id,
        ukd1_0.bank_account_number,
        ukd1_0.created_at,
        ukd1_0.full_legal_name,
        ukd1_0.ifsc,
        ukd1_0.national_id_hash,
        ukd1_0.upi_id,
        u1_0.id,
        u1_0.created_at,
        u1_0.email,
        u1_0.kyc_status,
        u1_0.password_hash,
        u1_0.phone_number,
        u1_0.pseudonym,
        u1_0.updated_at 
    from
        user_kyc_details ukd1_0 
    join
        users u1_0 
            on u1_0.id=ukd1_0.user_id 
    where
        ukd1_0.user_id=?

MockHttpServletRequest:
      HTTP Method = GET
      Request URI = /loans/861d002e-5956-411e-911e-cd380644d1a0/details
       Parameters = {}
          Headers = []
             Body = null
    Session Attrs = {}

Handler:
             Type = com.linkbit.mvp.controller.DashboardController
           Method = com.linkbit.mvp.controller.DashboardController#getLoanDetails(Authentication, UUID)

Async:
    Async started = false
     Async result = null

Resolved Exception:
             Type = null

ModelAndView:
        View name = null
             View = null
            Model = null

FlashMap:
       Attributes = null

MockHttpServletResponse:
           Status = 200
    Error message = null
          Headers = [Vary:"Origin", "Access-Control-Request-Method", "Access-Control-Request-Headers", Content-Type:"application/json", X-Content-Type-Options:"nosniff", X-XSS-Protection:"0", Cache-Control:"no-cache, no-store, max-age=0, must-revalidate", Pragma:"no-cache", Expires:"0", X-Frame-Options:"DENY"]
     Content type = application/json
             Body = {"loanId":"861d002e-5956-411e-911e-cd380644d1a0","role":"BORROWER","status":"NEGOTIATING","borrowerPseudonym":"Borrower","lenderPseudonym":"Lender","principalAmount":10000.00,"interestRate":10.00,"tenureDays":30,"repaymentType":null,"emiCount":null,"emiAmount":null,"totalRepaymentAmount":10000.00,"principalOutstanding":10000.00,"interestOutstanding":0.00,"totalOutstanding":10000.00,"expectedLtvPercent":50,"marginCallLtvPercent":null,"liquidationLtvPercent":null,"collateralBtcAmount":0.01,"collateralValueInr":20000.00,"currentLtvPercent":50.00,"agreementHash":null,"agreementFinalizedAt":null,"createdAt":"2026-03-20T03:08:06.346401","updatedAt":"2026-03-20T03:08:06.346401","fiatDisbursedAt":null,"fiatReceivedConfirmedAt":null,"disbursementReference":null,"disbursementProofUrl":null,"collateralReleasedBtc":null,"collateralReleasedAt":null,"escrowAddress":null,"escrowBalanceSats":null,"pendingFee":null,"pendingRepayments":[]}
    Forwarded URL = null
   Redirected URL = null
          Cookies = []
2026-03-20T03:08:06.521+05:30  INFO 49060 --- [LinkbitMVP] [           main] o.s.m.s.b.SimpleBrokerMessageHandler     : Stopping...
2026-03-20T03:08:06.521+05:30  INFO 49060 --- [LinkbitMVP] [           main] o.s.m.s.b.SimpleBrokerMessageHandler     : BrokerAvailabilityEvent[available=false, SimpleBrokerMessageHandler [org.springframework.messaging.simp.broker.DefaultSubscriptionRegistry@2eb20fa7]]
2026-03-20T03:08:06.521+05:30  INFO 49060 --- [LinkbitMVP] [           main] o.s.m.s.b.SimpleBrokerMessageHandler     : Stopped.
2026-03-20T03:08:06.525+05:30  INFO 49060 --- [LinkbitMVP] [           main] j.LocalContainerEntityManagerFactoryBean : Closing JPA EntityManagerFactory for persistence unit 'default'
Hibernate: 
    drop table if exists bitcoin_transactions cascade 
Hibernate: 
    drop table if exists collateral_releases cascade 
Hibernate: 
    drop table if exists escrow_accounts cascade 
Hibernate: 
    drop table if exists loan_audit_log cascade 
Hibernate: 
    drop table if exists loan_emis cascade 
Hibernate: 
    drop table if exists loan_ledger cascade 
Hibernate: 
    drop table if exists loan_liquidations cascade 
Hibernate: 
    drop table if exists loan_ltv_history cascade 
Hibernate: 
    drop table if exists loan_margin_calls cascade 
Hibernate: 
    drop table if exists loan_offers cascade 
Hibernate: 
    drop table if exists loan_repayments cascade 
Hibernate: 
    drop table if exists loans cascade 
Hibernate: 
    drop table if exists negotiation_messages cascade 
Hibernate: 
    drop table if exists password_reset_token cascade 
Hibernate: 
    drop table if exists platform_fees cascade 
Hibernate: 
    drop table if exists user_kyc_details cascade 
Hibernate: 
    drop table if exists users cascade 
2026-03-20T03:08:06.531+05:30  INFO 49060 --- [LinkbitMVP] [           main] com.zaxxer.hikari.HikariDataSource       : HikariPool-2 - Shutdown initiated...
2026-03-20T03:08:06.531+05:30  INFO 49060 --- [LinkbitMVP] [           main] com.zaxxer.hikari.HikariDataSource       : HikariPool-2 - Shutdown completed.
2026-03-20T03:08:06.534+05:30  INFO 49060 --- [LinkbitMVP] [           main] o.s.b.d.r.RestartApplicationListener     : Restart disabled due to context in which it is running

  .   ____          _            __ _ _
 /\\ / ___'_ __ _ _(_)_ __  __ _ \ \ \ \
( ( )\___ | '_ | '_| | '_ \/ _` | \ \ \ \
 \\/  ___)| |_)| | | | | || (_| |  ) ) ) )
  '  |____| .__|_| |_|_| |_\__, | / / / /
 =========|_|==============|___/=/_/_/_/
 :: Spring Boot ::                (v3.2.3)

2026-03-20T03:08:06.557+05:30  INFO 49060 --- [LinkbitMVP] [           main] c.l.m.s.SecurityAuthorizationTest        : Starting SecurityAuthorizationTest using Java 21 with PID 49060 (started by Aksha in D:\LB\mvp)
2026-03-20T03:08:06.557+05:30  INFO 49060 --- [LinkbitMVP] [           main] c.l.m.s.SecurityAuthorizationTest        : The following 1 profile is active: "test"
2026-03-20T03:08:06.840+05:30  INFO 49060 --- [LinkbitMVP] [           main] .s.d.r.c.RepositoryConfigurationDelegate : Bootstrapping Spring Data JPA repositories in DEFAULT mode.
2026-03-20T03:08:06.868+05:30  INFO 49060 --- [LinkbitMVP] [           main] .s.d.r.c.RepositoryConfigurationDelegate : Finished Spring Data repository scanning in 24 ms. Found 17 JPA repository interfaces.
2026-03-20T03:08:06.954+05:30  INFO 49060 --- [LinkbitMVP] [           main] o.hibernate.jpa.internal.util.LogHelper  : HHH000204: Processing PersistenceUnitInfo [name: default]
2026-03-20T03:08:06.959+05:30  INFO 49060 --- [LinkbitMVP] [           main] o.h.c.internal.RegionFactoryInitiator    : HHH000026: Second-level cache disabled
2026-03-20T03:08:06.965+05:30  INFO 49060 --- [LinkbitMVP] [           main] o.s.o.j.p.SpringPersistenceUnitInfo      : No LoadTimeWeaver setup: ignoring JPA class transformer
2026-03-20T03:08:06.965+05:30  INFO 49060 --- [LinkbitMVP] [           main] com.zaxxer.hikari.HikariDataSource       : HikariPool-3 - Starting...
2026-03-20T03:08:06.965+05:30  INFO 49060 --- [LinkbitMVP] [           main] com.zaxxer.hikari.pool.HikariPool        : HikariPool-3 - Added connection conn20: url=jdbc:h2:mem:testdb user=SA
2026-03-20T03:08:06.965+05:30  INFO 49060 --- [LinkbitMVP] [           main] com.zaxxer.hikari.HikariDataSource       : HikariPool-3 - Start completed.
2026-03-20T03:08:06.965+05:30  WARN 49060 --- [LinkbitMVP] [           main] org.hibernate.orm.deprecation            : HHH90000025: H2Dialect does not need to be specified explicitly using 'hibernate.dialect' (remove the property setting and it will be selected by default)
2026-03-20T03:08:07.226+05:30  INFO 49060 --- [LinkbitMVP] [           main] o.h.e.t.j.p.i.JtaPlatformInitiator       : HHH000489: No JTA platform available (set 'hibernate.transaction.jta.platform' to enable JTA platform integration)
Hibernate: 
    drop table if exists bitcoin_transactions cascade 
Hibernate: 
    drop table if exists collateral_releases cascade 
Hibernate: 
    drop table if exists escrow_accounts cascade 
Hibernate: 
    drop table if exists loan_audit_log cascade 
Hibernate: 
    drop table if exists loan_emis cascade 
Hibernate: 
    drop table if exists loan_ledger cascade 
Hibernate: 
    drop table if exists loan_liquidations cascade 
Hibernate: 
    drop table if exists loan_ltv_history cascade 
Hibernate: 
    drop table if exists loan_margin_calls cascade 
Hibernate: 
    drop table if exists loan_offers cascade 
Hibernate: 
    drop table if exists loan_repayments cascade 
Hibernate: 
    drop table if exists loans cascade 
Hibernate: 
    drop table if exists negotiation_messages cascade 
Hibernate: 
    drop table if exists password_reset_token cascade 
Hibernate: 
    drop table if exists platform_fees cascade 
Hibernate: 
    drop table if exists user_kyc_details cascade 
Hibernate: 
    drop table if exists users cascade 
Hibernate: 
    create table bitcoin_transactions (
        confirmations integer not null,
        amount_sats bigint not null,
        created_at timestamp(6) not null,
        id uuid not null,
        loan_id uuid not null,
        status varchar(255),
        tx_hash varchar(255),
        type varchar(255) not null check (type in ('DEPOSIT','COLLATERAL_TOPUP')),
        primary key (id)
    )
Hibernate: 
    create table collateral_releases (
        released_btc numeric(38,2) not null,
        executed_at timestamp(6) not null,
        executed_by uuid,
        id uuid not null,
        loan_id uuid not null,
        primary key (id)
    )
Hibernate: 
    create table escrow_accounts (
        created_at timestamp(6) not null,
        current_balance_sats bigint not null,
        loan_id uuid not null,
        escrow_address varchar(255) not null,
        primary key (loan_id)
    )
Hibernate: 
    create table loan_audit_log (
        timestamp timestamp(6),
        id uuid not null,
        loan_id uuid not null,
        action varchar(255) not null check (action in ('FINALIZE_CONTRACT','SIGN_CONTRACT','CANCEL_NEGOTIATION','PAY_FEE','DEPOSIT_COLLATERAL','DISBURSE_FIAT','MARK_DISPUTE','RESOLVE_DISPUTE','LTV_DROP_MARGIN_CALL','LTV_DROP_LIQUIDATION','LTV_RECOVERED','EXECUTE_LIQUIDATION','REPAY_LOAN','RELEASE_COLLATERAL','ADMIN_OVERRIDE')),
        actor varchar(255) not null check (actor in ('BORROWER','LENDER','ADMIN','SYSTEM')),
        new_state varchar(255) not null check (new_state in ('NEGOTIATING','AWAITING_SIGNATURES','AWAITING_FEE','AWAITING_COLLATERAL','COLLATERAL_LOCKED','AGREED','ACTIVE','DEFAULTED','CLOSED','CANCELLED','DISPUTE_OPEN','LIQUIDATED','REPAID','MARGIN_CALL','LIQUIDATION_ELIGIBLE')),
        previous_state varchar(255) check (previous_state in ('NEGOTIATING','AWAITING_SIGNATURES','AWAITING_FEE','AWAITING_COLLATERAL','COLLATERAL_LOCKED','AGREED','ACTIVE','DEFAULTED','CLOSED','CANCELLED','DISPUTE_OPEN','LIQUIDATED','REPAID','MARGIN_CALL','LIQUIDATION_ELIGIBLE')),
        primary key (id)
    )
Hibernate: 
    create table loan_emis (
        amount_paid numeric(38,2) not null,
        due_date date not null,
        emi_amount numeric(38,2) not null,
        emi_number integer not null,
        created_at timestamp(6) not null,
        id uuid not null,
        loan_id uuid not null,
        status varchar(255) not null check (status in ('PENDING','PARTIAL','PAID','OVERDUE')),
        primary key (id)
    )
Hibernate: 
    create table loan_ledger (
        amount_inr numeric(38,2) not null,
        created_at timestamp(6) not null,
        id uuid not null,
        loan_id uuid not null,
        entry_type varchar(255) not null check (entry_type in ('FIAT_DISBURSEMENT','BORROWER_REPAYMENT','INTEREST_ACCRUAL','COLLATERAL_RELEASE','COLLATERAL_TOPUP','LIQUIDATION_EXECUTED','LENDER_REPAID','LIQUIDATION_PENALTY','BORROWER_COLLATERAL_RETURN','COLLATERAL_RELEASED','ESCROW_CLOSED')),
        notes TEXT,
        primary key (id)
    )
Hibernate: 
    create table loan_liquidations (
        borrower_returned numeric(38,2) not null,
        btc_price_inr numeric(38,2) not null,
        collateral_value_inr numeric(38,2) not null,
        lender_repaid numeric(38,2) not null,
        liquidation_penalty numeric(38,2) not null,
        executed_at timestamp(6) not null,
        id uuid not null,
        loan_id uuid not null,
        primary key (id)
    )
Hibernate: 
    create table loan_ltv_history (
        btc_price_inr numeric(38,2) not null,
        collateral_value_inr numeric(38,2) not null,
        ltv_percent numeric(38,2) not null,
        recorded_at timestamp(6) not null,
        id uuid not null,
        loan_id uuid not null,
        primary key (id)
    )
Hibernate: 
    create table loan_margin_calls (
        resolved_at timestamp(6),
        triggered_at timestamp(6) not null,
        id uuid not null,
        loan_id uuid not null,
        status varchar(255) not null check (status in ('OPEN','RESOLVED','ESCALATED')),
        primary key (id)
    )
Hibernate: 
    create table loan_offers (
        expected_ltv_percent integer not null,
        interest_rate numeric(38,2) not null,
        loan_amount_inr numeric(38,2) not null,
        tenure_days integer not null,
        created_at timestamp(6),
        updated_at timestamp(6),
        id uuid not null,
        lender_id uuid not null,
        status varchar(255) not null check (status in ('OPEN','PAUSED','CLOSED')),
        primary key (id)
    )
Hibernate: 
    create table loan_repayments (
        amount_inr numeric(38,2) not null,
        created_at timestamp(6) not null,
        id uuid not null,
        loan_id uuid not null,
        proof_url varchar(255) not null,
        status varchar(255) not null check (status in ('PENDING','VERIFIED','REJECTED')),
        transaction_reference varchar(255) not null,
        primary key (id)
    )
Hibernate: 
    create table loans (
        borrower_return_amount numeric(38,2),
        collateral_btc_amount numeric(38,2),
        collateral_released_btc numeric(38,2),
        collateral_value_inr numeric(38,2),
        current_ltv_percent numeric(38,2),
        emi_amount numeric(38,2),
        emi_count integer,
        expected_ltv_percent integer,
        interest_outstanding numeric(38,2),
        interest_rate numeric(38,2) not null,
        lender_repayment_amount numeric(38,2),
        liquidation_ltv_percent integer,
        liquidation_penalty_amount numeric(38,2),
        liquidation_price_inr numeric(38,2),
        margin_call_ltv_percent integer,
        principal_amount numeric(38,2) not null,
        principal_outstanding numeric(38,2),
        tenure_days integer not null,
        total_outstanding numeric(38,2),
        total_repayment_amount numeric(38,2),
        agreement_finalized_at timestamp(6),
        collateral_released_at timestamp(6),
        created_at timestamp(6),
        fiat_disbursed_at timestamp(6),
        fiat_received_confirmed_at timestamp(6),
        last_price_update timestamp(6),
        liquidation_executed_at timestamp(6),
        updated_at timestamp(6),
        version bigint,
        borrower_id uuid not null,
        id uuid not null,
        lender_id uuid not null,
        offer_id uuid not null,
        agreement_hash varchar(255),
        borrower_signature TEXT,
        disbursement_proof_url varchar(255),
        disbursement_reference varchar(255),
        lender_signature TEXT,
        repayment_type varchar(255) check (repayment_type in ('EMI','BULLET')),
        status varchar(255) not null check (status in ('NEGOTIATING','AWAITING_SIGNATURES','AWAITING_FEE','AWAITING_COLLATERAL','COLLATERAL_LOCKED','AGREED','ACTIVE','DEFAULTED','CLOSED','CANCELLED','DISPUTE_OPEN','LIQUIDATED','REPAID','MARGIN_CALL','LIQUIDATION_ELIGIBLE')),
        primary key (id)
    )
Hibernate: 
    create table negotiation_messages (
        is_system_message boolean not null,
        id bigint generated by default as identity,
        sent_at timestamp(6),
        loan_id uuid not null,
        sender_id uuid,
        message_text TEXT not null,
        primary key (id)
    )
Hibernate: 
    create table password_reset_token (
        expiry_date timestamp(6) not null,
        id uuid not null,
        user_id uuid not null,
        token varchar(255) not null,
        primary key (id)
    )
Hibernate: 
    create table platform_fees (
        amount_inr numeric(19,2) not null,
        created_at timestamp(6) not null,
        id uuid not null,
        loan_id uuid not null,
        payment_gateway_ref varchar(255),
        status varchar(255) not null check (status in ('PENDING','SUCCESS','FAILED','REFUNDED')),
        primary key (id)
    )
Hibernate: 
    create table user_kyc_details (
        created_at timestamp(6),
        user_id uuid not null,
        bank_account_number varchar(255),
        full_legal_name varchar(255),
        ifsc varchar(255),
        national_id_hash varchar(255),
        upi_id varchar(255),
        primary key (user_id)
    )
Hibernate: 
    create table users (
        created_at timestamp(6),
        updated_at timestamp(6),
        id uuid not null,
        email varchar(255) not null unique,
        kyc_status varchar(255) not null check (kyc_status in ('PENDING','VERIFIED','REJECTED')),
        password_hash varchar(255) not null,
        phone_number varchar(255),
        pseudonym varchar(255),
        primary key (id)
    )
Hibernate: 
    alter table if exists bitcoin_transactions 
       add constraint FKca6ucwxb2tm820i2je6ru7rei 
       foreign key (loan_id) 
       references loans 
       on delete cascade
Hibernate: 
    alter table if exists collateral_releases 
       add constraint FKdr021l3sa1yi4g3axxsm3ovds 
       foreign key (loan_id) 
       references loans 
       on delete cascade
Hibernate: 
    alter table if exists loan_emis 
       add constraint FKh462fjxneqe778bqr2f4dbj96 
       foreign key (loan_id) 
       references loans 
       on delete cascade
Hibernate: 
    alter table if exists loan_ledger 
       add constraint FKbhbin7df7db1oi65mf1mf8m1r 
       foreign key (loan_id) 
       references loans 
       on delete cascade
Hibernate: 
    alter table if exists loan_liquidations 
       add constraint FKgbo5cdjyqht5b4ga7omvi78j4 
       foreign key (loan_id) 
       references loans 
       on delete cascade
Hibernate: 
    alter table if exists loan_ltv_history 
       add constraint FK709pdjducvwqynaukdq6liy72 
       foreign key (loan_id) 
       references loans 
       on delete cascade
Hibernate: 
    alter table if exists loan_margin_calls 
       add constraint FKt50cjs2v9pevwbupkjd3gk0xp 
       foreign key (loan_id) 
       references loans 
       on delete cascade
Hibernate: 
    alter table if exists loan_offers 
       add constraint FKotlnboct209ag5oe1f6jjdkcg 
       foreign key (lender_id) 
       references users
Hibernate: 
    alter table if exists loan_repayments 
       add constraint FKmvfjvk48bhsvwbdis0s9uwn1t 
       foreign key (loan_id) 
       references loans 
       on delete cascade
Hibernate: 
    alter table if exists loans 
       add constraint FK2r7bo1dhntarh4c125saxyva4 
       foreign key (borrower_id) 
       references users
Hibernate: 
    alter table if exists loans 
       add constraint FKmncmom5b7vctpc4tmi5gj2qn8 
       foreign key (lender_id) 
       references users
Hibernate: 
    alter table if exists loans 
       add constraint FK1rrd03inw38lttlgt4d2vro1i 
       foreign key (offer_id) 
       references loan_offers
Hibernate: 
    alter table if exists negotiation_messages 
       add constraint FKkxstmoa7f57xwrykx3lainbsu 
       foreign key (loan_id) 
       references loans 
       on delete cascade
Hibernate: 
    alter table if exists negotiation_messages 
       add constraint FKci8x3mbo26vy68ooxvryig0xa 
       foreign key (sender_id) 
       references users
Hibernate: 
    alter table if exists password_reset_token 
       add constraint FK83nsrttkwkb6ym0anu051mtxn 
       foreign key (user_id) 
       references users
Hibernate: 
    alter table if exists platform_fees 
       add constraint FK9uv5l1k1la1wdtq3p0focdimy 
       foreign key (loan_id) 
       references loans 
       on delete cascade
Hibernate: 
    alter table if exists user_kyc_details 
       add constraint FKkyg0ht716i8c79ovettpt9ljy 
       foreign key (user_id) 
       references users
2026-03-20T03:08:07.263+05:30  INFO 49060 --- [LinkbitMVP] [           main] j.LocalContainerEntityManagerFactoryBean : Initialized JPA EntityManagerFactory for persistence unit 'default'
2026-03-20T03:08:07.554+05:30  WARN 49060 --- [LinkbitMVP] [           main] JpaBaseConfiguration$JpaWebConfiguration : spring.jpa.open-in-view is enabled by default. Therefore, database queries may be performed during view rendering. Explicitly configure spring.jpa.open-in-view to disable this warning
2026-03-20T03:08:07.600+05:30  INFO 49060 --- [LinkbitMVP] [           main] o.s.s.web.DefaultSecurityFilterChain     : Will secure any request with [org.springframework.security.web.session.DisableEncodeUrlFilter@1fb31dfb, org.springframework.security.web.context.request.async.WebAsyncManagerIntegrationFilter@6b311ce5, org.springframework.security.web.context.SecurityContextHolderFilter@754326ca, org.springframework.security.web.header.HeaderWriterFilter@1496a4ca, org.springframework.web.filter.CorsFilter@19020767, org.springframework.security.web.authentication.logout.LogoutFilter@6452048c, com.linkbit.mvp.config.JwtAuthenticationFilter@146e29e9, org.springframework.security.web.savedrequest.RequestCacheAwareFilter@507099cc, org.springframework.security.web.servletapi.SecurityContextHolderAwareRequestFilter@71e1c7fc, org.springframework.security.web.authentication.AnonymousAuthenticationFilter@1b1e42f0, org.springframework.security.web.session.SessionManagementFilter@78702475, org.springframework.security.web.access.ExceptionTranslationFilter@76ea6f89, org.springframework.security.web.access.intercept.AuthorizationFilter@4f99b0ff]
2026-03-20T03:08:07.689+05:30  INFO 49060 --- [LinkbitMVP] [           main] o.s.b.a.h2.H2ConsoleAutoConfiguration    : H2 console available at '/h2-console'. Database available at 'jdbc:h2:mem:testdb'
2026-03-20T03:08:07.696+05:30  INFO 49060 --- [LinkbitMVP] [           main] o.s.b.t.m.w.SpringBootMockServletContext : Initializing Spring TestDispatcherServlet ''
2026-03-20T03:08:07.696+05:30  INFO 49060 --- [LinkbitMVP] [           main] o.s.t.web.servlet.TestDispatcherServlet  : Initializing Servlet ''
2026-03-20T03:08:07.696+05:30  INFO 49060 --- [LinkbitMVP] [           main] o.s.t.web.servlet.TestDispatcherServlet  : Completed initialization in 0 ms
2026-03-20T03:08:07.704+05:30  INFO 49060 --- [LinkbitMVP] [           main] o.s.m.s.b.SimpleBrokerMessageHandler     : Starting...
2026-03-20T03:08:07.704+05:30  INFO 49060 --- [LinkbitMVP] [           main] o.s.m.s.b.SimpleBrokerMessageHandler     : BrokerAvailabilityEvent[available=true, SimpleBrokerMessageHandler [org.springframework.messaging.simp.broker.DefaultSubscriptionRegistry@731d34d]]
2026-03-20T03:08:07.704+05:30  INFO 49060 --- [LinkbitMVP] [           main] o.s.m.s.b.SimpleBrokerMessageHandler     : Started.
2026-03-20T03:08:07.708+05:30  INFO 49060 --- [LinkbitMVP] [           main] c.l.m.s.SecurityAuthorizationTest        : Started SecurityAuthorizationTest in 1.174 seconds (process running for 14.957)
Hibernate: 
    select
        l1_0.id,
        l1_0.agreement_finalized_at,
        l1_0.agreement_hash,
        l1_0.borrower_id,
        l1_0.borrower_return_amount,
        l1_0.borrower_signature,
        l1_0.collateral_btc_amount,
        l1_0.collateral_released_at,
        l1_0.collateral_released_btc,
        l1_0.collateral_value_inr,
        l1_0.created_at,
        l1_0.current_ltv_percent,
        l1_0.disbursement_proof_url,
        l1_0.disbursement_reference,
        l1_0.emi_amount,
        l1_0.emi_count,
        l1_0.expected_ltv_percent,
        l1_0.fiat_disbursed_at,
        l1_0.fiat_received_confirmed_at,
        l1_0.interest_outstanding,
        l1_0.interest_rate,
        l1_0.last_price_update,
        l1_0.lender_id,
        l1_0.lender_repayment_amount,
        l1_0.lender_signature,
        l1_0.liquidation_executed_at,
        l1_0.liquidation_ltv_percent,
        l1_0.liquidation_penalty_amount,
        l1_0.liquidation_price_inr,
        l1_0.margin_call_ltv_percent,
        l1_0.offer_id,
        l1_0.principal_amount,
        l1_0.principal_outstanding,
        l1_0.repayment_type,
        l1_0.status,
        l1_0.tenure_days,
        l1_0.total_outstanding,
        l1_0.total_repayment_amount,
        l1_0.updated_at,
        l1_0.version 
    from
        loans l1_0 
    where
        l1_0.status in (?, ?, ?)
Hibernate: 
    select
        l1_0.id,
        l1_0.agreement_finalized_at,
        l1_0.agreement_hash,
        l1_0.borrower_id,
        l1_0.borrower_return_amount,
        l1_0.borrower_signature,
        l1_0.collateral_btc_amount,
        l1_0.collateral_released_at,
        l1_0.collateral_released_btc,
        l1_0.collateral_value_inr,
        l1_0.created_at,
        l1_0.current_ltv_percent,
        l1_0.disbursement_proof_url,
        l1_0.disbursement_reference,
        l1_0.emi_amount,
        l1_0.emi_count,
        l1_0.expected_ltv_percent,
        l1_0.fiat_disbursed_at,
        l1_0.fiat_received_confirmed_at,
        l1_0.interest_outstanding,
        l1_0.interest_rate,
        l1_0.last_price_update,
        l1_0.lender_id,
        l1_0.lender_repayment_amount,
        l1_0.lender_signature,
        l1_0.liquidation_executed_at,
        l1_0.liquidation_ltv_percent,
        l1_0.liquidation_penalty_amount,
        l1_0.liquidation_price_inr,
        l1_0.margin_call_ltv_percent,
        l1_0.offer_id,
        l1_0.principal_amount,
        l1_0.principal_outstanding,
        l1_0.repayment_type,
        l1_0.status,
        l1_0.tenure_days,
        l1_0.total_outstanding,
        l1_0.total_repayment_amount,
        l1_0.updated_at,
        l1_0.version 
    from
        loans l1_0
Hibernate: 
    select
        lo1_0.id,
        lo1_0.created_at,
        lo1_0.expected_ltv_percent,
        lo1_0.interest_rate,
        lo1_0.lender_id,
        lo1_0.loan_amount_inr,
        lo1_0.status,
        lo1_0.tenure_days,
        lo1_0.updated_at 
    from
        loan_offers lo1_0
Hibernate: 
    select
        u1_0.id,
        u1_0.created_at,
        u1_0.email,
        u1_0.kyc_status,
        u1_0.password_hash,
        u1_0.phone_number,
        u1_0.pseudonym,
        u1_0.updated_at 
    from
        users u1_0
Hibernate: 
    insert 
    into
        users
        (created_at, email, kyc_status, password_hash, phone_number, pseudonym, updated_at, id) 
    values
        (?, ?, ?, ?, ?, ?, ?, ?)
Hibernate: 
    insert 
    into
        users
        (created_at, email, kyc_status, password_hash, phone_number, pseudonym, updated_at, id) 
    values
        (?, ?, ?, ?, ?, ?, ?, ?)
Hibernate: 
    insert 
    into
        users
        (created_at, email, kyc_status, password_hash, phone_number, pseudonym, updated_at, id) 
    values
        (?, ?, ?, ?, ?, ?, ?, ?)
Hibernate: 
    insert 
    into
        loan_offers
        (created_at, expected_ltv_percent, interest_rate, lender_id, loan_amount_inr, status, tenure_days, updated_at, id) 
    values
        (?, ?, ?, ?, ?, ?, ?, ?, ?)
Hibernate: 
    insert 
    into
        loans
        (agreement_finalized_at, agreement_hash, borrower_id, borrower_return_amount, borrower_signature, collateral_btc_amount, collateral_released_at, collateral_released_btc, collateral_value_inr, created_at, current_ltv_percent, disbursement_proof_url, disbursement_reference, emi_amount, emi_count, expected_ltv_percent, fiat_disbursed_at, fiat_received_confirmed_at, interest_outstanding, interest_rate, last_price_update, lender_id, lender_repayment_amount, lender_signature, liquidation_executed_at, liquidation_ltv_percent, liquidation_penalty_amount, liquidation_price_inr, margin_call_ltv_percent, offer_id, principal_amount, principal_outstanding, repayment_type, status, tenure_days, total_outstanding, total_repayment_amount, updated_at, version, id) 
    values
        (?, ?, ?, ?, ?, ?, ?, ?, ?, ?, ?, ?, ?, ?, ?, ?, ?, ?, ?, ?, ?, ?, ?, ?, ?, ?, ?, ?, ?, ?, ?, ?, ?, ?, ?, ?, ?, ?, ?, ?)
Hibernate: 
    select
        l1_0.id,
        l1_0.agreement_finalized_at,
        l1_0.agreement_hash,
        l1_0.borrower_id,
        l1_0.borrower_return_amount,
        l1_0.borrower_signature,
        l1_0.collateral_btc_amount,
        l1_0.collateral_released_at,
        l1_0.collateral_released_btc,
        l1_0.collateral_value_inr,
        l1_0.created_at,
        l1_0.current_ltv_percent,
        l1_0.disbursement_proof_url,
        l1_0.disbursement_reference,
        l1_0.emi_amount,
        l1_0.emi_count,
        l1_0.expected_ltv_percent,
        l1_0.fiat_disbursed_at,
        l1_0.fiat_received_confirmed_at,
        l1_0.interest_outstanding,
        l1_0.interest_rate,
        l1_0.last_price_update,
        l1_0.lender_id,
        l1_0.lender_repayment_amount,
        l1_0.lender_signature,
        l1_0.liquidation_executed_at,
        l1_0.liquidation_ltv_percent,
        l1_0.liquidation_penalty_amount,
        l1_0.liquidation_price_inr,
        l1_0.margin_call_ltv_percent,
        l1_0.offer_id,
        l1_0.principal_amount,
        l1_0.principal_outstanding,
        l1_0.repayment_type,
        l1_0.status,
        l1_0.tenure_days,
        l1_0.total_outstanding,
        l1_0.total_repayment_amount,
        l1_0.updated_at,
        l1_0.version 
    from
        loans l1_0 
    where
        l1_0.id=?
Hibernate: 
    select
        u1_0.id,
        u1_0.created_at,
        u1_0.email,
        u1_0.kyc_status,
        u1_0.password_hash,
        u1_0.phone_number,
        u1_0.pseudonym,
        u1_0.updated_at 
    from
        users u1_0 
    where
        u1_0.email=?
Hibernate: 
    select
        ukd1_0.user_id,
        ukd1_0.bank_account_number,
        ukd1_0.created_at,
        ukd1_0.full_legal_name,
        ukd1_0.ifsc,
        ukd1_0.national_id_hash,
        ukd1_0.upi_id,
        u1_0.id,
        u1_0.created_at,
        u1_0.email,
        u1_0.kyc_status,
        u1_0.password_hash,
        u1_0.phone_number,
        u1_0.pseudonym,
        u1_0.updated_at 
    from
        user_kyc_details ukd1_0 
    join
        users u1_0 
            on u1_0.id=ukd1_0.user_id 
    where
        ukd1_0.user_id=?

MockHttpServletRequest:
      HTTP Method = GET
      Request URI = /loans/e2e1ea30-8f1b-4421-ba6a-36451cee1c4e/collateral
       Parameters = {}
          Headers = []
             Body = null
    Session Attrs = {}

Handler:
             Type = com.linkbit.mvp.controller.CollateralReleaseController
           Method = com.linkbit.mvp.controller.CollateralReleaseController#getCollateralBalance(UUID, Authentication)

Async:
    Async started = false
     Async result = null

Resolved Exception:
             Type = java.lang.RuntimeException

ModelAndView:
        View name = null
             View = null
            Model = null

FlashMap:
       Attributes = null

MockHttpServletResponse:
           Status = 500
    Error message = null
          Headers = [Vary:"Origin", "Access-Control-Request-Method", "Access-Control-Request-Headers", Content-Type:"text/plain;charset=UTF-8", Content-Length:"45", X-Content-Type-Options:"nosniff", X-XSS-Protection:"0", Cache-Control:"no-cache, no-store, max-age=0, must-revalidate", Pragma:"no-cache", Expires:"0", X-Frame-Options:"DENY"]
     Content type = text/plain;charset=UTF-8
             Body = Only participants can view collateral balance
    Forwarded URL = null
   Redirected URL = null
          Cookies = []
2026-03-20T03:08:07.758+05:30  INFO 49060 --- [LinkbitMVP] [           main] o.s.m.s.b.SimpleBrokerMessageHandler     : Stopping...
2026-03-20T03:08:07.758+05:30  INFO 49060 --- [LinkbitMVP] [           main] o.s.m.s.b.SimpleBrokerMessageHandler     : BrokerAvailabilityEvent[available=false, SimpleBrokerMessageHandler [org.springframework.messaging.simp.broker.DefaultSubscriptionRegistry@731d34d]]
2026-03-20T03:08:07.758+05:30  INFO 49060 --- [LinkbitMVP] [           main] o.s.m.s.b.SimpleBrokerMessageHandler     : Stopped.
2026-03-20T03:08:07.848+05:30  INFO 49060 --- [LinkbitMVP] [           main] j.LocalContainerEntityManagerFactoryBean : Closing JPA EntityManagerFactory for persistence unit 'default'
Hibernate: 
    drop table if exists bitcoin_transactions cascade 
Hibernate: 
    drop table if exists collateral_releases cascade 
Hibernate: 
    drop table if exists escrow_accounts cascade 
Hibernate: 
    drop table if exists loan_audit_log cascade 
Hibernate: 
    drop table if exists loan_emis cascade 
Hibernate: 
    drop table if exists loan_ledger cascade 
Hibernate: 
    drop table if exists loan_liquidations cascade 
Hibernate: 
    drop table if exists loan_ltv_history cascade 
Hibernate: 
    drop table if exists loan_margin_calls cascade 
Hibernate: 
    drop table if exists loan_offers cascade 
Hibernate: 
    drop table if exists loan_repayments cascade 
Hibernate: 
    drop table if exists loans cascade 
Hibernate: 
    drop table if exists negotiation_messages cascade 
Hibernate: 
    drop table if exists password_reset_token cascade 
Hibernate: 
    drop table if exists platform_fees cascade 
Hibernate: 
    drop table if exists user_kyc_details cascade 
Hibernate: 
    drop table if exists users cascade 
2026-03-20T03:08:07.858+05:30  INFO 49060 --- [LinkbitMVP] [           main] com.zaxxer.hikari.HikariDataSource       : HikariPool-3 - Shutdown initiated...
2026-03-20T03:08:07.859+05:30  INFO 49060 --- [LinkbitMVP] [           main] com.zaxxer.hikari.HikariDataSource       : HikariPool-3 - Shutdown completed.
2026-03-20T03:08:07.862+05:30  INFO 49060 --- [LinkbitMVP] [           main] o.s.b.d.r.RestartApplicationListener     : Restart disabled due to context in which it is running

  .   ____          _            __ _ _
 /\\ / ___'_ __ _ _(_)_ __  __ _ \ \ \ \
( ( )\___ | '_ | '_| | '_ \/ _` | \ \ \ \
 \\/  ___)| |_)| | | | | || (_| |  ) ) ) )
  '  |____| .__|_| |_|_| |_\__, | / / / /
 =========|_|==============|___/=/_/_/_/
 :: Spring Boot ::                (v3.2.3)

2026-03-20T03:08:07.880+05:30  INFO 49060 --- [LinkbitMVP] [           main] c.l.m.s.SecurityAuthorizationTest        : Starting SecurityAuthorizationTest using Java 21 with PID 49060 (started by Aksha in D:\LB\mvp)
2026-03-20T03:08:07.882+05:30  INFO 49060 --- [LinkbitMVP] [           main] c.l.m.s.SecurityAuthorizationTest        : The following 1 profile is active: "test"
2026-03-20T03:08:08.116+05:30  INFO 49060 --- [LinkbitMVP] [           main] .s.d.r.c.RepositoryConfigurationDelegate : Bootstrapping Spring Data JPA repositories in DEFAULT mode.
2026-03-20T03:08:08.137+05:30  INFO 49060 --- [LinkbitMVP] [           main] .s.d.r.c.RepositoryConfigurationDelegate : Finished Spring Data repository scanning in 20 ms. Found 17 JPA repository interfaces.
2026-03-20T03:08:08.212+05:30  INFO 49060 --- [LinkbitMVP] [           main] o.hibernate.jpa.internal.util.LogHelper  : HHH000204: Processing PersistenceUnitInfo [name: default]
2026-03-20T03:08:08.215+05:30  INFO 49060 --- [LinkbitMVP] [           main] o.h.c.internal.RegionFactoryInitiator    : HHH000026: Second-level cache disabled
2026-03-20T03:08:08.220+05:30  INFO 49060 --- [LinkbitMVP] [           main] o.s.o.j.p.SpringPersistenceUnitInfo      : No LoadTimeWeaver setup: ignoring JPA class transformer
2026-03-20T03:08:08.220+05:30  INFO 49060 --- [LinkbitMVP] [           main] com.zaxxer.hikari.HikariDataSource       : HikariPool-4 - Starting...
2026-03-20T03:08:08.220+05:30  INFO 49060 --- [LinkbitMVP] [           main] com.zaxxer.hikari.pool.HikariPool        : HikariPool-4 - Added connection conn30: url=jdbc:h2:mem:testdb user=SA
2026-03-20T03:08:08.222+05:30  INFO 49060 --- [LinkbitMVP] [           main] com.zaxxer.hikari.HikariDataSource       : HikariPool-4 - Start completed.
2026-03-20T03:08:08.222+05:30  WARN 49060 --- [LinkbitMVP] [           main] org.hibernate.orm.deprecation            : HHH90000025: H2Dialect does not need to be specified explicitly using 'hibernate.dialect' (remove the property setting and it will be selected by default)
2026-03-20T03:08:08.420+05:30  INFO 49060 --- [LinkbitMVP] [           main] o.h.e.t.j.p.i.JtaPlatformInitiator       : HHH000489: No JTA platform available (set 'hibernate.transaction.jta.platform' to enable JTA platform integration)
Hibernate: 
    drop table if exists bitcoin_transactions cascade 
Hibernate: 
    drop table if exists collateral_releases cascade 
Hibernate: 
    drop table if exists escrow_accounts cascade 
Hibernate: 
    drop table if exists loan_audit_log cascade 
Hibernate: 
    drop table if exists loan_emis cascade 
Hibernate: 
    drop table if exists loan_ledger cascade 
Hibernate: 
    drop table if exists loan_liquidations cascade 
Hibernate: 
    drop table if exists loan_ltv_history cascade 
Hibernate: 
    drop table if exists loan_margin_calls cascade 
Hibernate: 
    drop table if exists loan_offers cascade 
Hibernate: 
    drop table if exists loan_repayments cascade 
Hibernate: 
    drop table if exists loans cascade 
Hibernate: 
    drop table if exists negotiation_messages cascade 
Hibernate: 
    drop table if exists password_reset_token cascade 
Hibernate: 
    drop table if exists platform_fees cascade 
Hibernate: 
    drop table if exists user_kyc_details cascade 
Hibernate: 
    drop table if exists users cascade 
Hibernate: 
    create table bitcoin_transactions (
        confirmations integer not null,
        amount_sats bigint not null,
        created_at timestamp(6) not null,
        id uuid not null,
        loan_id uuid not null,
        status varchar(255),
        tx_hash varchar(255),
        type varchar(255) not null check (type in ('DEPOSIT','COLLATERAL_TOPUP')),
        primary key (id)
    )
Hibernate: 
    create table collateral_releases (
        released_btc numeric(38,2) not null,
        executed_at timestamp(6) not null,
        executed_by uuid,
        id uuid not null,
        loan_id uuid not null,
        primary key (id)
    )
Hibernate: 
    create table escrow_accounts (
        created_at timestamp(6) not null,
        current_balance_sats bigint not null,
        loan_id uuid not null,
        escrow_address varchar(255) not null,
        primary key (loan_id)
    )
Hibernate: 
    create table loan_audit_log (
        timestamp timestamp(6),
        id uuid not null,
        loan_id uuid not null,
        action varchar(255) not null check (action in ('FINALIZE_CONTRACT','SIGN_CONTRACT','CANCEL_NEGOTIATION','PAY_FEE','DEPOSIT_COLLATERAL','DISBURSE_FIAT','MARK_DISPUTE','RESOLVE_DISPUTE','LTV_DROP_MARGIN_CALL','LTV_DROP_LIQUIDATION','LTV_RECOVERED','EXECUTE_LIQUIDATION','REPAY_LOAN','RELEASE_COLLATERAL','ADMIN_OVERRIDE')),
        actor varchar(255) not null check (actor in ('BORROWER','LENDER','ADMIN','SYSTEM')),
        new_state varchar(255) not null check (new_state in ('NEGOTIATING','AWAITING_SIGNATURES','AWAITING_FEE','AWAITING_COLLATERAL','COLLATERAL_LOCKED','AGREED','ACTIVE','DEFAULTED','CLOSED','CANCELLED','DISPUTE_OPEN','LIQUIDATED','REPAID','MARGIN_CALL','LIQUIDATION_ELIGIBLE')),
        previous_state varchar(255) check (previous_state in ('NEGOTIATING','AWAITING_SIGNATURES','AWAITING_FEE','AWAITING_COLLATERAL','COLLATERAL_LOCKED','AGREED','ACTIVE','DEFAULTED','CLOSED','CANCELLED','DISPUTE_OPEN','LIQUIDATED','REPAID','MARGIN_CALL','LIQUIDATION_ELIGIBLE')),
        primary key (id)
    )
Hibernate: 
    create table loan_emis (
        amount_paid numeric(38,2) not null,
        due_date date not null,
        emi_amount numeric(38,2) not null,
        emi_number integer not null,
        created_at timestamp(6) not null,
        id uuid not null,
        loan_id uuid not null,
        status varchar(255) not null check (status in ('PENDING','PARTIAL','PAID','OVERDUE')),
        primary key (id)
    )
Hibernate: 
    create table loan_ledger (
        amount_inr numeric(38,2) not null,
        created_at timestamp(6) not null,
        id uuid not null,
        loan_id uuid not null,
        entry_type varchar(255) not null check (entry_type in ('FIAT_DISBURSEMENT','BORROWER_REPAYMENT','INTEREST_ACCRUAL','COLLATERAL_RELEASE','COLLATERAL_TOPUP','LIQUIDATION_EXECUTED','LENDER_REPAID','LIQUIDATION_PENALTY','BORROWER_COLLATERAL_RETURN','COLLATERAL_RELEASED','ESCROW_CLOSED')),
        notes TEXT,
        primary key (id)
    )
Hibernate: 
    create table loan_liquidations (
        borrower_returned numeric(38,2) not null,
        btc_price_inr numeric(38,2) not null,
        collateral_value_inr numeric(38,2) not null,
        lender_repaid numeric(38,2) not null,
        liquidation_penalty numeric(38,2) not null,
        executed_at timestamp(6) not null,
        id uuid not null,
        loan_id uuid not null,
        primary key (id)
    )
Hibernate: 
    create table loan_ltv_history (
        btc_price_inr numeric(38,2) not null,
        collateral_value_inr numeric(38,2) not null,
        ltv_percent numeric(38,2) not null,
        recorded_at timestamp(6) not null,
        id uuid not null,
        loan_id uuid not null,
        primary key (id)
    )
Hibernate: 
    create table loan_margin_calls (
        resolved_at timestamp(6),
        triggered_at timestamp(6) not null,
        id uuid not null,
        loan_id uuid not null,
        status varchar(255) not null check (status in ('OPEN','RESOLVED','ESCALATED')),
        primary key (id)
    )
Hibernate: 
    create table loan_offers (
        expected_ltv_percent integer not null,
        interest_rate numeric(38,2) not null,
        loan_amount_inr numeric(38,2) not null,
        tenure_days integer not null,
        created_at timestamp(6),
        updated_at timestamp(6),
        id uuid not null,
        lender_id uuid not null,
        status varchar(255) not null check (status in ('OPEN','PAUSED','CLOSED')),
        primary key (id)
    )
Hibernate: 
    create table loan_repayments (
        amount_inr numeric(38,2) not null,
        created_at timestamp(6) not null,
        id uuid not null,
        loan_id uuid not null,
        proof_url varchar(255) not null,
        status varchar(255) not null check (status in ('PENDING','VERIFIED','REJECTED')),
        transaction_reference varchar(255) not null,
        primary key (id)
    )
Hibernate: 
    create table loans (
        borrower_return_amount numeric(38,2),
        collateral_btc_amount numeric(38,2),
        collateral_released_btc numeric(38,2),
        collateral_value_inr numeric(38,2),
        current_ltv_percent numeric(38,2),
        emi_amount numeric(38,2),
        emi_count integer,
        expected_ltv_percent integer,
        interest_outstanding numeric(38,2),
        interest_rate numeric(38,2) not null,
        lender_repayment_amount numeric(38,2),
        liquidation_ltv_percent integer,
        liquidation_penalty_amount numeric(38,2),
        liquidation_price_inr numeric(38,2),
        margin_call_ltv_percent integer,
        principal_amount numeric(38,2) not null,
        principal_outstanding numeric(38,2),
        tenure_days integer not null,
        total_outstanding numeric(38,2),
        total_repayment_amount numeric(38,2),
        agreement_finalized_at timestamp(6),
        collateral_released_at timestamp(6),
        created_at timestamp(6),
        fiat_disbursed_at timestamp(6),
        fiat_received_confirmed_at timestamp(6),
        last_price_update timestamp(6),
        liquidation_executed_at timestamp(6),
        updated_at timestamp(6),
        version bigint,
        borrower_id uuid not null,
        id uuid not null,
        lender_id uuid not null,
        offer_id uuid not null,
        agreement_hash varchar(255),
        borrower_signature TEXT,
        disbursement_proof_url varchar(255),
        disbursement_reference varchar(255),
        lender_signature TEXT,
        repayment_type varchar(255) check (repayment_type in ('EMI','BULLET')),
        status varchar(255) not null check (status in ('NEGOTIATING','AWAITING_SIGNATURES','AWAITING_FEE','AWAITING_COLLATERAL','COLLATERAL_LOCKED','AGREED','ACTIVE','DEFAULTED','CLOSED','CANCELLED','DISPUTE_OPEN','LIQUIDATED','REPAID','MARGIN_CALL','LIQUIDATION_ELIGIBLE')),
        primary key (id)
    )
Hibernate: 
    create table negotiation_messages (
        is_system_message boolean not null,
        id bigint generated by default as identity,
        sent_at timestamp(6),
        loan_id uuid not null,
        sender_id uuid,
        message_text TEXT not null,
        primary key (id)
    )
Hibernate: 
    create table password_reset_token (
        expiry_date timestamp(6) not null,
        id uuid not null,
        user_id uuid not null,
        token varchar(255) not null,
        primary key (id)
    )
Hibernate: 
    create table platform_fees (
        amount_inr numeric(19,2) not null,
        created_at timestamp(6) not null,
        id uuid not null,
        loan_id uuid not null,
        payment_gateway_ref varchar(255),
        status varchar(255) not null check (status in ('PENDING','SUCCESS','FAILED','REFUNDED')),
        primary key (id)
    )
Hibernate: 
    create table user_kyc_details (
        created_at timestamp(6),
        user_id uuid not null,
        bank_account_number varchar(255),
        full_legal_name varchar(255),
        ifsc varchar(255),
        national_id_hash varchar(255),
        upi_id varchar(255),
        primary key (user_id)
    )
Hibernate: 
    create table users (
        created_at timestamp(6),
        updated_at timestamp(6),
        id uuid not null,
        email varchar(255) not null unique,
        kyc_status varchar(255) not null check (kyc_status in ('PENDING','VERIFIED','REJECTED')),
        password_hash varchar(255) not null,
        phone_number varchar(255),
        pseudonym varchar(255),
        primary key (id)
    )
Hibernate: 
    alter table if exists bitcoin_transactions 
       add constraint FKca6ucwxb2tm820i2je6ru7rei 
       foreign key (loan_id) 
       references loans 
       on delete cascade
Hibernate: 
    alter table if exists collateral_releases 
       add constraint FKdr021l3sa1yi4g3axxsm3ovds 
       foreign key (loan_id) 
       references loans 
       on delete cascade
Hibernate: 
    alter table if exists loan_emis 
       add constraint FKh462fjxneqe778bqr2f4dbj96 
       foreign key (loan_id) 
       references loans 
       on delete cascade
Hibernate: 
    alter table if exists loan_ledger 
       add constraint FKbhbin7df7db1oi65mf1mf8m1r 
       foreign key (loan_id) 
       references loans 
       on delete cascade
Hibernate: 
    alter table if exists loan_liquidations 
       add constraint FKgbo5cdjyqht5b4ga7omvi78j4 
       foreign key (loan_id) 
       references loans 
       on delete cascade
Hibernate: 
    alter table if exists loan_ltv_history 
       add constraint FK709pdjducvwqynaukdq6liy72 
       foreign key (loan_id) 
       references loans 
       on delete cascade
Hibernate: 
    alter table if exists loan_margin_calls 
       add constraint FKt50cjs2v9pevwbupkjd3gk0xp 
       foreign key (loan_id) 
       references loans 
       on delete cascade
Hibernate: 
    alter table if exists loan_offers 
       add constraint FKotlnboct209ag5oe1f6jjdkcg 
       foreign key (lender_id) 
       references users
Hibernate: 
    alter table if exists loan_repayments 
       add constraint FKmvfjvk48bhsvwbdis0s9uwn1t 
       foreign key (loan_id) 
       references loans 
       on delete cascade
Hibernate: 
    alter table if exists loans 
       add constraint FK2r7bo1dhntarh4c125saxyva4 
       foreign key (borrower_id) 
       references users
Hibernate: 
    alter table if exists loans 
       add constraint FKmncmom5b7vctpc4tmi5gj2qn8 
       foreign key (lender_id) 
       references users
Hibernate: 
    alter table if exists loans 
       add constraint FK1rrd03inw38lttlgt4d2vro1i 
       foreign key (offer_id) 
       references loan_offers
Hibernate: 
    alter table if exists negotiation_messages 
       add constraint FKkxstmoa7f57xwrykx3lainbsu 
       foreign key (loan_id) 
       references loans 
       on delete cascade
Hibernate: 
    alter table if exists negotiation_messages 
       add constraint FKci8x3mbo26vy68ooxvryig0xa 
       foreign key (sender_id) 
       references users
Hibernate: 
    alter table if exists password_reset_token 
       add constraint FK83nsrttkwkb6ym0anu051mtxn 
       foreign key (user_id) 
       references users
Hibernate: 
    alter table if exists platform_fees 
       add constraint FK9uv5l1k1la1wdtq3p0focdimy 
       foreign key (loan_id) 
       references loans 
       on delete cascade
Hibernate: 
    alter table if exists user_kyc_details 
       add constraint FKkyg0ht716i8c79ovettpt9ljy 
       foreign key (user_id) 
       references users
2026-03-20T03:08:08.454+05:30  INFO 49060 --- [LinkbitMVP] [           main] j.LocalContainerEntityManagerFactoryBean : Initialized JPA EntityManagerFactory for persistence unit 'default'
2026-03-20T03:08:08.750+05:30  WARN 49060 --- [LinkbitMVP] [           main] JpaBaseConfiguration$JpaWebConfiguration : spring.jpa.open-in-view is enabled by default. Therefore, database queries may be performed during view rendering. Explicitly configure spring.jpa.open-in-view to disable this warning
2026-03-20T03:08:08.796+05:30  INFO 49060 --- [LinkbitMVP] [           main] o.s.s.web.DefaultSecurityFilterChain     : Will secure any request with [org.springframework.security.web.session.DisableEncodeUrlFilter@b99316f, org.springframework.security.web.context.request.async.WebAsyncManagerIntegrationFilter@4eaada62, org.springframework.security.web.context.SecurityContextHolderFilter@437c5a25, org.springframework.security.web.header.HeaderWriterFilter@3d4fb16e, org.springframework.web.filter.CorsFilter@1f508745, org.springframework.security.web.authentication.logout.LogoutFilter@69159c72, com.linkbit.mvp.config.JwtAuthenticationFilter@6850dec4, org.springframework.security.web.savedrequest.RequestCacheAwareFilter@fc56cf9, org.springframework.security.web.servletapi.SecurityContextHolderAwareRequestFilter@4fc178ae, org.springframework.security.web.authentication.AnonymousAuthenticationFilter@a060d6c, org.springframework.security.web.session.SessionManagementFilter@7dff5404, org.springframework.security.web.access.ExceptionTranslationFilter@182a8bf8, org.springframework.security.web.access.intercept.AuthorizationFilter@9538209]
2026-03-20T03:08:08.869+05:30  INFO 49060 --- [LinkbitMVP] [           main] o.s.b.a.h2.H2ConsoleAutoConfiguration    : H2 console available at '/h2-console'. Database available at 'jdbc:h2:mem:testdb'
2026-03-20T03:08:08.879+05:30  INFO 49060 --- [LinkbitMVP] [           main] o.s.b.t.m.w.SpringBootMockServletContext : Initializing Spring TestDispatcherServlet ''
2026-03-20T03:08:08.879+05:30  INFO 49060 --- [LinkbitMVP] [           main] o.s.t.web.servlet.TestDispatcherServlet  : Initializing Servlet ''
2026-03-20T03:08:08.879+05:30  INFO 49060 --- [LinkbitMVP] [           main] o.s.t.web.servlet.TestDispatcherServlet  : Completed initialization in 0 ms
2026-03-20T03:08:08.880+05:30  INFO 49060 --- [LinkbitMVP] [           main] o.s.m.s.b.SimpleBrokerMessageHandler     : Starting...
2026-03-20T03:08:08.886+05:30  INFO 49060 --- [LinkbitMVP] [           main] o.s.m.s.b.SimpleBrokerMessageHandler     : BrokerAvailabilityEvent[available=true, SimpleBrokerMessageHandler [org.springframework.messaging.simp.broker.DefaultSubscriptionRegistry@208633f9]]
2026-03-20T03:08:08.886+05:30  INFO 49060 --- [LinkbitMVP] [           main] o.s.m.s.b.SimpleBrokerMessageHandler     : Started.
2026-03-20T03:08:08.894+05:30  INFO 49060 --- [LinkbitMVP] [           main] c.l.m.s.SecurityAuthorizationTest        : Started SecurityAuthorizationTest in 1.032 seconds (process running for 16.141)
Hibernate: 
    select
        l1_0.id,
        l1_0.agreement_finalized_at,
        l1_0.agreement_hash,
        l1_0.borrower_id,
        l1_0.borrower_return_amount,
        l1_0.borrower_signature,
        l1_0.collateral_btc_amount,
        l1_0.collateral_released_at,
        l1_0.collateral_released_btc,
        l1_0.collateral_value_inr,
        l1_0.created_at,
        l1_0.current_ltv_percent,
        l1_0.disbursement_proof_url,
        l1_0.disbursement_reference,
        l1_0.emi_amount,
        l1_0.emi_count,
        l1_0.expected_ltv_percent,
        l1_0.fiat_disbursed_at,
        l1_0.fiat_received_confirmed_at,
        l1_0.interest_outstanding,
        l1_0.interest_rate,
        l1_0.last_price_update,
        l1_0.lender_id,
        l1_0.lender_repayment_amount,
        l1_0.lender_signature,
        l1_0.liquidation_executed_at,
        l1_0.liquidation_ltv_percent,
        l1_0.liquidation_penalty_amount,
        l1_0.liquidation_price_inr,
        l1_0.margin_call_ltv_percent,
        l1_0.offer_id,
        l1_0.principal_amount,
        l1_0.principal_outstanding,
        l1_0.repayment_type,
        l1_0.status,
        l1_0.tenure_days,
        l1_0.total_outstanding,
        l1_0.total_repayment_amount,
        l1_0.updated_at,
        l1_0.version 
    from
        loans l1_0 
    where
        l1_0.status in (?, ?, ?)
Hibernate: 
    select
        l1_0.id,
        l1_0.agreement_finalized_at,
        l1_0.agreement_hash,
        l1_0.borrower_id,
        l1_0.borrower_return_amount,
        l1_0.borrower_signature,
        l1_0.collateral_btc_amount,
        l1_0.collateral_released_at,
        l1_0.collateral_released_btc,
        l1_0.collateral_value_inr,
        l1_0.created_at,
        l1_0.current_ltv_percent,
        l1_0.disbursement_proof_url,
        l1_0.disbursement_reference,
        l1_0.emi_amount,
        l1_0.emi_count,
        l1_0.expected_ltv_percent,
        l1_0.fiat_disbursed_at,
        l1_0.fiat_received_confirmed_at,
        l1_0.interest_outstanding,
        l1_0.interest_rate,
        l1_0.last_price_update,
        l1_0.lender_id,
        l1_0.lender_repayment_amount,
        l1_0.lender_signature,
        l1_0.liquidation_executed_at,
        l1_0.liquidation_ltv_percent,
        l1_0.liquidation_penalty_amount,
        l1_0.liquidation_price_inr,
        l1_0.margin_call_ltv_percent,
        l1_0.offer_id,
        l1_0.principal_amount,
        l1_0.principal_outstanding,
        l1_0.repayment_type,
        l1_0.status,
        l1_0.tenure_days,
        l1_0.total_outstanding,
        l1_0.total_repayment_amount,
        l1_0.updated_at,
        l1_0.version 
    from
        loans l1_0
Hibernate: 
    select
        lo1_0.id,
        lo1_0.created_at,
        lo1_0.expected_ltv_percent,
        lo1_0.interest_rate,
        lo1_0.lender_id,
        lo1_0.loan_amount_inr,
        lo1_0.status,
        lo1_0.tenure_days,
        lo1_0.updated_at 
    from
        loan_offers lo1_0
Hibernate: 
    select
        u1_0.id,
        u1_0.created_at,
        u1_0.email,
        u1_0.kyc_status,
        u1_0.password_hash,
        u1_0.phone_number,
        u1_0.pseudonym,
        u1_0.updated_at 
    from
        users u1_0
Hibernate: 
    insert 
    into
        users
        (created_at, email, kyc_status, password_hash, phone_number, pseudonym, updated_at, id) 
    values
        (?, ?, ?, ?, ?, ?, ?, ?)
Hibernate: 
    insert 
    into
        users
        (created_at, email, kyc_status, password_hash, phone_number, pseudonym, updated_at, id) 
    values
        (?, ?, ?, ?, ?, ?, ?, ?)
Hibernate: 
    insert 
    into
        users
        (created_at, email, kyc_status, password_hash, phone_number, pseudonym, updated_at, id) 
    values
        (?, ?, ?, ?, ?, ?, ?, ?)
Hibernate: 
    insert 
    into
        loan_offers
        (created_at, expected_ltv_percent, interest_rate, lender_id, loan_amount_inr, status, tenure_days, updated_at, id) 
    values
        (?, ?, ?, ?, ?, ?, ?, ?, ?)
Hibernate: 
    insert 
    into
        loans
        (agreement_finalized_at, agreement_hash, borrower_id, borrower_return_amount, borrower_signature, collateral_btc_amount, collateral_released_at, collateral_released_btc, collateral_value_inr, created_at, current_ltv_percent, disbursement_proof_url, disbursement_reference, emi_amount, emi_count, expected_ltv_percent, fiat_disbursed_at, fiat_received_confirmed_at, interest_outstanding, interest_rate, last_price_update, lender_id, lender_repayment_amount, lender_signature, liquidation_executed_at, liquidation_ltv_percent, liquidation_penalty_amount, liquidation_price_inr, margin_call_ltv_percent, offer_id, principal_amount, principal_outstanding, repayment_type, status, tenure_days, total_outstanding, total_repayment_amount, updated_at, version, id) 
    values
        (?, ?, ?, ?, ?, ?, ?, ?, ?, ?, ?, ?, ?, ?, ?, ?, ?, ?, ?, ?, ?, ?, ?, ?, ?, ?, ?, ?, ?, ?, ?, ?, ?, ?, ?, ?, ?, ?, ?, ?)

MockHttpServletRequest:
      HTTP Method = GET
      Request URI = /admin/overview
       Parameters = {}
          Headers = []
             Body = null
    Session Attrs = {}

Handler:
             Type = null

Async:
    Async started = false
     Async result = null

Resolved Exception:
             Type = null

ModelAndView:
        View name = null
             View = null
            Model = null

FlashMap:
       Attributes = null

MockHttpServletResponse:
           Status = 403
    Error message = Forbidden
          Headers = [Vary:"Origin", "Access-Control-Request-Method", "Access-Control-Request-Headers", X-Content-Type-Options:"nosniff", X-XSS-Protection:"0", Cache-Control:"no-cache, no-store, max-age=0, must-revalidate", Pragma:"no-cache", Expires:"0", X-Frame-Options:"DENY"]
     Content type = null
             Body = 
    Forwarded URL = null
   Redirected URL = null
          Cookies = []
2026-03-20T03:08:08.926+05:30  INFO 49060 --- [LinkbitMVP] [           main] o.s.m.s.b.SimpleBrokerMessageHandler     : Stopping...
2026-03-20T03:08:08.926+05:30  INFO 49060 --- [LinkbitMVP] [           main] o.s.m.s.b.SimpleBrokerMessageHandler     : BrokerAvailabilityEvent[available=false, SimpleBrokerMessageHandler [org.springframework.messaging.simp.broker.DefaultSubscriptionRegistry@208633f9]]
2026-03-20T03:08:08.926+05:30  INFO 49060 --- [LinkbitMVP] [           main] o.s.m.s.b.SimpleBrokerMessageHandler     : Stopped.
2026-03-20T03:08:09.036+05:30  INFO 49060 --- [LinkbitMVP] [           main] j.LocalContainerEntityManagerFactoryBean : Closing JPA EntityManagerFactory for persistence unit 'default'
Hibernate: 
    drop table if exists bitcoin_transactions cascade 
Hibernate: 
    drop table if exists collateral_releases cascade 
Hibernate: 
    drop table if exists escrow_accounts cascade 
Hibernate: 
    drop table if exists loan_audit_log cascade 
Hibernate: 
    drop table if exists loan_emis cascade 
Hibernate: 
    drop table if exists loan_ledger cascade 
Hibernate: 
    drop table if exists loan_liquidations cascade 
Hibernate: 
    drop table if exists loan_ltv_history cascade 
Hibernate: 
    drop table if exists loan_margin_calls cascade 
Hibernate: 
    drop table if exists loan_offers cascade 
Hibernate: 
    drop table if exists loan_repayments cascade 
Hibernate: 
    drop table if exists loans cascade 
Hibernate: 
    drop table if exists negotiation_messages cascade 
Hibernate: 
    drop table if exists password_reset_token cascade 
Hibernate: 
    drop table if exists platform_fees cascade 
Hibernate: 
    drop table if exists user_kyc_details cascade 
Hibernate: 
    drop table if exists users cascade 
2026-03-20T03:08:09.042+05:30  INFO 49060 --- [LinkbitMVP] [           main] com.zaxxer.hikari.HikariDataSource       : HikariPool-4 - Shutdown initiated...
2026-03-20T03:08:09.043+05:30  INFO 49060 --- [LinkbitMVP] [           main] com.zaxxer.hikari.HikariDataSource       : HikariPool-4 - Shutdown completed.
2026-03-20T03:08:09.044+05:30  INFO 49060 --- [LinkbitMVP] [           main] o.s.b.d.r.RestartApplicationListener     : Restart disabled due to context in which it is running

  .   ____          _            __ _ _
 /\\ / ___'_ __ _ _(_)_ __  __ _ \ \ \ \
( ( )\___ | '_ | '_| | '_ \/ _` | \ \ \ \
 \\/  ___)| |_)| | | | | || (_| |  ) ) ) )
  '  |____| .__|_| |_|_| |_\__, | / / / /
 =========|_|==============|___/=/_/_/_/
 :: Spring Boot ::                (v3.2.3)

2026-03-20T03:08:09.062+05:30  INFO 49060 --- [LinkbitMVP] [           main] c.l.m.s.SecurityAuthorizationTest        : Starting SecurityAuthorizationTest using Java 21 with PID 49060 (started by Aksha in D:\LB\mvp)
2026-03-20T03:08:09.062+05:30  INFO 49060 --- [LinkbitMVP] [           main] c.l.m.s.SecurityAuthorizationTest        : The following 1 profile is active: "test"
2026-03-20T03:08:09.254+05:30  INFO 49060 --- [LinkbitMVP] [           main] .s.d.r.c.RepositoryConfigurationDelegate : Bootstrapping Spring Data JPA repositories in DEFAULT mode.
2026-03-20T03:08:09.276+05:30  INFO 49060 --- [LinkbitMVP] [           main] .s.d.r.c.RepositoryConfigurationDelegate : Finished Spring Data repository scanning in 19 ms. Found 17 JPA repository interfaces.
2026-03-20T03:08:09.356+05:30  INFO 49060 --- [LinkbitMVP] [           main] o.hibernate.jpa.internal.util.LogHelper  : HHH000204: Processing PersistenceUnitInfo [name: default]
2026-03-20T03:08:09.358+05:30  INFO 49060 --- [LinkbitMVP] [           main] o.h.c.internal.RegionFactoryInitiator    : HHH000026: Second-level cache disabled
2026-03-20T03:08:09.362+05:30  INFO 49060 --- [LinkbitMVP] [           main] o.s.o.j.p.SpringPersistenceUnitInfo      : No LoadTimeWeaver setup: ignoring JPA class transformer
2026-03-20T03:08:09.362+05:30  INFO 49060 --- [LinkbitMVP] [           main] com.zaxxer.hikari.HikariDataSource       : HikariPool-5 - Starting...
2026-03-20T03:08:09.362+05:30  INFO 49060 --- [LinkbitMVP] [           main] com.zaxxer.hikari.pool.HikariPool        : HikariPool-5 - Added connection conn40: url=jdbc:h2:mem:testdb user=SA
2026-03-20T03:08:09.362+05:30  INFO 49060 --- [LinkbitMVP] [           main] com.zaxxer.hikari.HikariDataSource       : HikariPool-5 - Start completed.
2026-03-20T03:08:09.366+05:30  WARN 49060 --- [LinkbitMVP] [           main] org.hibernate.orm.deprecation            : HHH90000025: H2Dialect does not need to be specified explicitly using 'hibernate.dialect' (remove the property setting and it will be selected by default)
2026-03-20T03:08:09.546+05:30  INFO 49060 --- [LinkbitMVP] [           main] o.h.e.t.j.p.i.JtaPlatformInitiator       : HHH000489: No JTA platform available (set 'hibernate.transaction.jta.platform' to enable JTA platform integration)
Hibernate: 
    drop table if exists bitcoin_transactions cascade 
Hibernate: 
    drop table if exists collateral_releases cascade 
Hibernate: 
    drop table if exists escrow_accounts cascade 
Hibernate: 
    drop table if exists loan_audit_log cascade 
Hibernate: 
    drop table if exists loan_emis cascade 
Hibernate: 
    drop table if exists loan_ledger cascade 
Hibernate: 
    drop table if exists loan_liquidations cascade 
Hibernate: 
    drop table if exists loan_ltv_history cascade 
Hibernate: 
    drop table if exists loan_margin_calls cascade 
Hibernate: 
    drop table if exists loan_offers cascade 
Hibernate: 
    drop table if exists loan_repayments cascade 
Hibernate: 
    drop table if exists loans cascade 
Hibernate: 
    drop table if exists negotiation_messages cascade 
Hibernate: 
    drop table if exists password_reset_token cascade 
Hibernate: 
    drop table if exists platform_fees cascade 
Hibernate: 
    drop table if exists user_kyc_details cascade 
Hibernate: 
    drop table if exists users cascade 
Hibernate: 
    create table bitcoin_transactions (
        confirmations integer not null,
        amount_sats bigint not null,
        created_at timestamp(6) not null,
        id uuid not null,
        loan_id uuid not null,
        status varchar(255),
        tx_hash varchar(255),
        type varchar(255) not null check (type in ('DEPOSIT','COLLATERAL_TOPUP')),
        primary key (id)
    )
Hibernate: 
    create table collateral_releases (
        released_btc numeric(38,2) not null,
        executed_at timestamp(6) not null,
        executed_by uuid,
        id uuid not null,
        loan_id uuid not null,
        primary key (id)
    )
Hibernate: 
    create table escrow_accounts (
        created_at timestamp(6) not null,
        current_balance_sats bigint not null,
        loan_id uuid not null,
        escrow_address varchar(255) not null,
        primary key (loan_id)
    )
Hibernate: 
    create table loan_audit_log (
        timestamp timestamp(6),
        id uuid not null,
        loan_id uuid not null,
        action varchar(255) not null check (action in ('FINALIZE_CONTRACT','SIGN_CONTRACT','CANCEL_NEGOTIATION','PAY_FEE','DEPOSIT_COLLATERAL','DISBURSE_FIAT','MARK_DISPUTE','RESOLVE_DISPUTE','LTV_DROP_MARGIN_CALL','LTV_DROP_LIQUIDATION','LTV_RECOVERED','EXECUTE_LIQUIDATION','REPAY_LOAN','RELEASE_COLLATERAL','ADMIN_OVERRIDE')),
        actor varchar(255) not null check (actor in ('BORROWER','LENDER','ADMIN','SYSTEM')),
        new_state varchar(255) not null check (new_state in ('NEGOTIATING','AWAITING_SIGNATURES','AWAITING_FEE','AWAITING_COLLATERAL','COLLATERAL_LOCKED','AGREED','ACTIVE','DEFAULTED','CLOSED','CANCELLED','DISPUTE_OPEN','LIQUIDATED','REPAID','MARGIN_CALL','LIQUIDATION_ELIGIBLE')),
        previous_state varchar(255) check (previous_state in ('NEGOTIATING','AWAITING_SIGNATURES','AWAITING_FEE','AWAITING_COLLATERAL','COLLATERAL_LOCKED','AGREED','ACTIVE','DEFAULTED','CLOSED','CANCELLED','DISPUTE_OPEN','LIQUIDATED','REPAID','MARGIN_CALL','LIQUIDATION_ELIGIBLE')),
        primary key (id)
    )
Hibernate: 
    create table loan_emis (
        amount_paid numeric(38,2) not null,
        due_date date not null,
        emi_amount numeric(38,2) not null,
        emi_number integer not null,
        created_at timestamp(6) not null,
        id uuid not null,
        loan_id uuid not null,
        status varchar(255) not null check (status in ('PENDING','PARTIAL','PAID','OVERDUE')),
        primary key (id)
    )
Hibernate: 
    create table loan_ledger (
        amount_inr numeric(38,2) not null,
        created_at timestamp(6) not null,
        id uuid not null,
        loan_id uuid not null,
        entry_type varchar(255) not null check (entry_type in ('FIAT_DISBURSEMENT','BORROWER_REPAYMENT','INTEREST_ACCRUAL','COLLATERAL_RELEASE','COLLATERAL_TOPUP','LIQUIDATION_EXECUTED','LENDER_REPAID','LIQUIDATION_PENALTY','BORROWER_COLLATERAL_RETURN','COLLATERAL_RELEASED','ESCROW_CLOSED')),
        notes TEXT,
        primary key (id)
    )
Hibernate: 
    create table loan_liquidations (
        borrower_returned numeric(38,2) not null,
        btc_price_inr numeric(38,2) not null,
        collateral_value_inr numeric(38,2) not null,
        lender_repaid numeric(38,2) not null,
        liquidation_penalty numeric(38,2) not null,
        executed_at timestamp(6) not null,
        id uuid not null,
        loan_id uuid not null,
        primary key (id)
    )
Hibernate: 
    create table loan_ltv_history (
        btc_price_inr numeric(38,2) not null,
        collateral_value_inr numeric(38,2) not null,
        ltv_percent numeric(38,2) not null,
        recorded_at timestamp(6) not null,
        id uuid not null,
        loan_id uuid not null,
        primary key (id)
    )
Hibernate: 
    create table loan_margin_calls (
        resolved_at timestamp(6),
        triggered_at timestamp(6) not null,
        id uuid not null,
        loan_id uuid not null,
        status varchar(255) not null check (status in ('OPEN','RESOLVED','ESCALATED')),
        primary key (id)
    )
Hibernate: 
    create table loan_offers (
        expected_ltv_percent integer not null,
        interest_rate numeric(38,2) not null,
        loan_amount_inr numeric(38,2) not null,
        tenure_days integer not null,
        created_at timestamp(6),
        updated_at timestamp(6),
        id uuid not null,
        lender_id uuid not null,
        status varchar(255) not null check (status in ('OPEN','PAUSED','CLOSED')),
        primary key (id)
    )
Hibernate: 
    create table loan_repayments (
        amount_inr numeric(38,2) not null,
        created_at timestamp(6) not null,
        id uuid not null,
        loan_id uuid not null,
        proof_url varchar(255) not null,
        status varchar(255) not null check (status in ('PENDING','VERIFIED','REJECTED')),
        transaction_reference varchar(255) not null,
        primary key (id)
    )
Hibernate: 
    create table loans (
        borrower_return_amount numeric(38,2),
        collateral_btc_amount numeric(38,2),
        collateral_released_btc numeric(38,2),
        collateral_value_inr numeric(38,2),
        current_ltv_percent numeric(38,2),
        emi_amount numeric(38,2),
        emi_count integer,
        expected_ltv_percent integer,
        interest_outstanding numeric(38,2),
        interest_rate numeric(38,2) not null,
        lender_repayment_amount numeric(38,2),
        liquidation_ltv_percent integer,
        liquidation_penalty_amount numeric(38,2),
        liquidation_price_inr numeric(38,2),
        margin_call_ltv_percent integer,
        principal_amount numeric(38,2) not null,
        principal_outstanding numeric(38,2),
        tenure_days integer not null,
        total_outstanding numeric(38,2),
        total_repayment_amount numeric(38,2),
        agreement_finalized_at timestamp(6),
        collateral_released_at timestamp(6),
        created_at timestamp(6),
        fiat_disbursed_at timestamp(6),
        fiat_received_confirmed_at timestamp(6),
        last_price_update timestamp(6),
        liquidation_executed_at timestamp(6),
        updated_at timestamp(6),
        version bigint,
        borrower_id uuid not null,
        id uuid not null,
        lender_id uuid not null,
        offer_id uuid not null,
        agreement_hash varchar(255),
        borrower_signature TEXT,
        disbursement_proof_url varchar(255),
        disbursement_reference varchar(255),
        lender_signature TEXT,
        repayment_type varchar(255) check (repayment_type in ('EMI','BULLET')),
        status varchar(255) not null check (status in ('NEGOTIATING','AWAITING_SIGNATURES','AWAITING_FEE','AWAITING_COLLATERAL','COLLATERAL_LOCKED','AGREED','ACTIVE','DEFAULTED','CLOSED','CANCELLED','DISPUTE_OPEN','LIQUIDATED','REPAID','MARGIN_CALL','LIQUIDATION_ELIGIBLE')),
        primary key (id)
    )
Hibernate: 
    create table negotiation_messages (
        is_system_message boolean not null,
        id bigint generated by default as identity,
        sent_at timestamp(6),
        loan_id uuid not null,
        sender_id uuid,
        message_text TEXT not null,
        primary key (id)
    )
Hibernate: 
    create table password_reset_token (
        expiry_date timestamp(6) not null,
        id uuid not null,
        user_id uuid not null,
        token varchar(255) not null,
        primary key (id)
    )
Hibernate: 
    create table platform_fees (
        amount_inr numeric(19,2) not null,
        created_at timestamp(6) not null,
        id uuid not null,
        loan_id uuid not null,
        payment_gateway_ref varchar(255),
        status varchar(255) not null check (status in ('PENDING','SUCCESS','FAILED','REFUNDED')),
        primary key (id)
    )
Hibernate: 
    create table user_kyc_details (
        created_at timestamp(6),
        user_id uuid not null,
        bank_account_number varchar(255),
        full_legal_name varchar(255),
        ifsc varchar(255),
        national_id_hash varchar(255),
        upi_id varchar(255),
        primary key (user_id)
    )
Hibernate: 
    create table users (
        created_at timestamp(6),
        updated_at timestamp(6),
        id uuid not null,
        email varchar(255) not null unique,
        kyc_status varchar(255) not null check (kyc_status in ('PENDING','VERIFIED','REJECTED')),
        password_hash varchar(255) not null,
        phone_number varchar(255),
        pseudonym varchar(255),
        primary key (id)
    )
Hibernate: 
    alter table if exists bitcoin_transactions 
       add constraint FKca6ucwxb2tm820i2je6ru7rei 
       foreign key (loan_id) 
       references loans 
       on delete cascade
Hibernate: 
    alter table if exists collateral_releases 
       add constraint FKdr021l3sa1yi4g3axxsm3ovds 
       foreign key (loan_id) 
       references loans 
       on delete cascade
Hibernate: 
    alter table if exists loan_emis 
       add constraint FKh462fjxneqe778bqr2f4dbj96 
       foreign key (loan_id) 
       references loans 
       on delete cascade
Hibernate: 
    alter table if exists loan_ledger 
       add constraint FKbhbin7df7db1oi65mf1mf8m1r 
       foreign key (loan_id) 
       references loans 
       on delete cascade
Hibernate: 
    alter table if exists loan_liquidations 
       add constraint FKgbo5cdjyqht5b4ga7omvi78j4 
       foreign key (loan_id) 
       references loans 
       on delete cascade
Hibernate: 
    alter table if exists loan_ltv_history 
       add constraint FK709pdjducvwqynaukdq6liy72 
       foreign key (loan_id) 
       references loans 
       on delete cascade
Hibernate: 
    alter table if exists loan_margin_calls 
       add constraint FKt50cjs2v9pevwbupkjd3gk0xp 
       foreign key (loan_id) 
       references loans 
       on delete cascade
Hibernate: 
    alter table if exists loan_offers 
       add constraint FKotlnboct209ag5oe1f6jjdkcg 
       foreign key (lender_id) 
       references users
Hibernate: 
    alter table if exists loan_repayments 
       add constraint FKmvfjvk48bhsvwbdis0s9uwn1t 
       foreign key (loan_id) 
       references loans 
       on delete cascade
Hibernate: 
    alter table if exists loans 
       add constraint FK2r7bo1dhntarh4c125saxyva4 
       foreign key (borrower_id) 
       references users
Hibernate: 
    alter table if exists loans 
       add constraint FKmncmom5b7vctpc4tmi5gj2qn8 
       foreign key (lender_id) 
       references users
Hibernate: 
    alter table if exists loans 
       add constraint FK1rrd03inw38lttlgt4d2vro1i 
       foreign key (offer_id) 
       references loan_offers
Hibernate: 
    alter table if exists negotiation_messages 
       add constraint FKkxstmoa7f57xwrykx3lainbsu 
       foreign key (loan_id) 
       references loans 
       on delete cascade
Hibernate: 
    alter table if exists negotiation_messages 
       add constraint FKci8x3mbo26vy68ooxvryig0xa 
       foreign key (sender_id) 
       references users
Hibernate: 
    alter table if exists password_reset_token 
       add constraint FK83nsrttkwkb6ym0anu051mtxn 
       foreign key (user_id) 
       references users
Hibernate: 
    alter table if exists platform_fees 
       add constraint FK9uv5l1k1la1wdtq3p0focdimy 
       foreign key (loan_id) 
       references loans 
       on delete cascade
Hibernate: 
    alter table if exists user_kyc_details 
       add constraint FKkyg0ht716i8c79ovettpt9ljy 
       foreign key (user_id) 
       references users
2026-03-20T03:08:09.570+05:30  INFO 49060 --- [LinkbitMVP] [           main] j.LocalContainerEntityManagerFactoryBean : Initialized JPA EntityManagerFactory for persistence unit 'default'
2026-03-20T03:08:09.826+05:30  WARN 49060 --- [LinkbitMVP] [           main] JpaBaseConfiguration$JpaWebConfiguration : spring.jpa.open-in-view is enabled by default. Therefore, database queries may be performed during view rendering. Explicitly configure spring.jpa.open-in-view to disable this warning
2026-03-20T03:08:09.862+05:30  INFO 49060 --- [LinkbitMVP] [           main] o.s.s.web.DefaultSecurityFilterChain     : Will secure any request with [org.springframework.security.web.session.DisableEncodeUrlFilter@585b81c1, org.springframework.security.web.context.request.async.WebAsyncManagerIntegrationFilter@4c0a2a2b, org.springframework.security.web.context.SecurityContextHolderFilter@776a7909, org.springframework.security.web.header.HeaderWriterFilter@20df0381, org.springframework.web.filter.CorsFilter@59e9bb43, org.springframework.security.web.authentication.logout.LogoutFilter@5a69d594, com.linkbit.mvp.config.JwtAuthenticationFilter@40426682, org.springframework.security.web.savedrequest.RequestCacheAwareFilter@4ba64e10, org.springframework.security.web.servletapi.SecurityContextHolderAwareRequestFilter@13bd8fee, org.springframework.security.web.authentication.AnonymousAuthenticationFilter@5a6aaf9f, org.springframework.security.web.session.SessionManagementFilter@56a77313, org.springframework.security.web.access.ExceptionTranslationFilter@55fd31ad, org.springframework.security.web.access.intercept.AuthorizationFilter@5c7bff6e]
2026-03-20T03:08:09.940+05:30  INFO 49060 --- [LinkbitMVP] [           main] o.s.b.a.h2.H2ConsoleAutoConfiguration    : H2 console available at '/h2-console'. Database available at 'jdbc:h2:mem:testdb'
2026-03-20T03:08:09.954+05:30  INFO 49060 --- [LinkbitMVP] [           main] o.s.b.t.m.w.SpringBootMockServletContext : Initializing Spring TestDispatcherServlet ''
2026-03-20T03:08:09.954+05:30  INFO 49060 --- [LinkbitMVP] [           main] o.s.t.web.servlet.TestDispatcherServlet  : Initializing Servlet ''
2026-03-20T03:08:09.954+05:30  INFO 49060 --- [LinkbitMVP] [           main] o.s.t.web.servlet.TestDispatcherServlet  : Completed initialization in 0 ms
2026-03-20T03:08:09.958+05:30  INFO 49060 --- [LinkbitMVP] [           main] o.s.m.s.b.SimpleBrokerMessageHandler     : Starting...
2026-03-20T03:08:09.958+05:30  INFO 49060 --- [LinkbitMVP] [           main] o.s.m.s.b.SimpleBrokerMessageHandler     : BrokerAvailabilityEvent[available=true, SimpleBrokerMessageHandler [org.springframework.messaging.simp.broker.DefaultSubscriptionRegistry@7ad61f03]]
2026-03-20T03:08:09.958+05:30  INFO 49060 --- [LinkbitMVP] [           main] o.s.m.s.b.SimpleBrokerMessageHandler     : Started.
2026-03-20T03:08:09.962+05:30  INFO 49060 --- [LinkbitMVP] [           main] c.l.m.s.SecurityAuthorizationTest        : Started SecurityAuthorizationTest in 0.918 seconds (process running for 17.211)
Hibernate: 
    select
        l1_0.id,
        l1_0.agreement_finalized_at,
        l1_0.agreement_hash,
        l1_0.borrower_id,
        l1_0.borrower_return_amount,
        l1_0.borrower_signature,
        l1_0.collateral_btc_amount,
        l1_0.collateral_released_at,
        l1_0.collateral_released_btc,
        l1_0.collateral_value_inr,
        l1_0.created_at,
        l1_0.current_ltv_percent,
        l1_0.disbursement_proof_url,
        l1_0.disbursement_reference,
        l1_0.emi_amount,
        l1_0.emi_count,
        l1_0.expected_ltv_percent,
        l1_0.fiat_disbursed_at,
        l1_0.fiat_received_confirmed_at,
        l1_0.interest_outstanding,
        l1_0.interest_rate,
        l1_0.last_price_update,
        l1_0.lender_id,
        l1_0.lender_repayment_amount,
        l1_0.lender_signature,
        l1_0.liquidation_executed_at,
        l1_0.liquidation_ltv_percent,
        l1_0.liquidation_penalty_amount,
        l1_0.liquidation_price_inr,
        l1_0.margin_call_ltv_percent,
        l1_0.offer_id,
        l1_0.principal_amount,
        l1_0.principal_outstanding,
        l1_0.repayment_type,
        l1_0.status,
        l1_0.tenure_days,
        l1_0.total_outstanding,
        l1_0.total_repayment_amount,
        l1_0.updated_at,
        l1_0.version 
    from
        loans l1_0 
    where
        l1_0.status in (?, ?, ?)
Hibernate: 
    select
        l1_0.id,
        l1_0.agreement_finalized_at,
        l1_0.agreement_hash,
        l1_0.borrower_id,
        l1_0.borrower_return_amount,
        l1_0.borrower_signature,
        l1_0.collateral_btc_amount,
        l1_0.collateral_released_at,
        l1_0.collateral_released_btc,
        l1_0.collateral_value_inr,
        l1_0.created_at,
        l1_0.current_ltv_percent,
        l1_0.disbursement_proof_url,
        l1_0.disbursement_reference,
        l1_0.emi_amount,
        l1_0.emi_count,
        l1_0.expected_ltv_percent,
        l1_0.fiat_disbursed_at,
        l1_0.fiat_received_confirmed_at,
        l1_0.interest_outstanding,
        l1_0.interest_rate,
        l1_0.last_price_update,
        l1_0.lender_id,
        l1_0.lender_repayment_amount,
        l1_0.lender_signature,
        l1_0.liquidation_executed_at,
        l1_0.liquidation_ltv_percent,
        l1_0.liquidation_penalty_amount,
        l1_0.liquidation_price_inr,
        l1_0.margin_call_ltv_percent,
        l1_0.offer_id,
        l1_0.principal_amount,
        l1_0.principal_outstanding,
        l1_0.repayment_type,
        l1_0.status,
        l1_0.tenure_days,
        l1_0.total_outstanding,
        l1_0.total_repayment_amount,
        l1_0.updated_at,
        l1_0.version 
    from
        loans l1_0
Hibernate: 
    select
        lo1_0.id,
        lo1_0.created_at,
        lo1_0.expected_ltv_percent,
        lo1_0.interest_rate,
        lo1_0.lender_id,
        lo1_0.loan_amount_inr,
        lo1_0.status,
        lo1_0.tenure_days,
        lo1_0.updated_at 
    from
        loan_offers lo1_0
Hibernate: 
    select
        u1_0.id,
        u1_0.created_at,
        u1_0.email,
        u1_0.kyc_status,
        u1_0.password_hash,
        u1_0.phone_number,
        u1_0.pseudonym,
        u1_0.updated_at 
    from
        users u1_0
Hibernate: 
    insert 
    into
        users
        (created_at, email, kyc_status, password_hash, phone_number, pseudonym, updated_at, id) 
    values
        (?, ?, ?, ?, ?, ?, ?, ?)
Hibernate: 
    insert 
    into
        users
        (created_at, email, kyc_status, password_hash, phone_number, pseudonym, updated_at, id) 
    values
        (?, ?, ?, ?, ?, ?, ?, ?)
Hibernate: 
    insert 
    into
        users
        (created_at, email, kyc_status, password_hash, phone_number, pseudonym, updated_at, id) 
    values
        (?, ?, ?, ?, ?, ?, ?, ?)
Hibernate: 
    insert 
    into
        loan_offers
        (created_at, expected_ltv_percent, interest_rate, lender_id, loan_amount_inr, status, tenure_days, updated_at, id) 
    values
        (?, ?, ?, ?, ?, ?, ?, ?, ?)
Hibernate: 
    insert 
    into
        loans
        (agreement_finalized_at, agreement_hash, borrower_id, borrower_return_amount, borrower_signature, collateral_btc_amount, collateral_released_at, collateral_released_btc, collateral_value_inr, created_at, current_ltv_percent, disbursement_proof_url, disbursement_reference, emi_amount, emi_count, expected_ltv_percent, fiat_disbursed_at, fiat_received_confirmed_at, interest_outstanding, interest_rate, last_price_update, lender_id, lender_repayment_amount, lender_signature, liquidation_executed_at, liquidation_ltv_percent, liquidation_penalty_amount, liquidation_price_inr, margin_call_ltv_percent, offer_id, principal_amount, principal_outstanding, repayment_type, status, tenure_days, total_outstanding, total_repayment_amount, updated_at, version, id) 
    values
        (?, ?, ?, ?, ?, ?, ?, ?, ?, ?, ?, ?, ?, ?, ?, ?, ?, ?, ?, ?, ?, ?, ?, ?, ?, ?, ?, ?, ?, ?, ?, ?, ?, ?, ?, ?, ?, ?, ?, ?)
Hibernate: 
    select
        u1_0.id,
        u1_0.created_at,
        u1_0.email,
        u1_0.kyc_status,
        u1_0.password_hash,
        u1_0.phone_number,
        u1_0.pseudonym,
        u1_0.updated_at 
    from
        users u1_0 
    where
        u1_0.email=?
Hibernate: 
    select
        ukd1_0.user_id,
        ukd1_0.bank_account_number,
        ukd1_0.created_at,
        ukd1_0.full_legal_name,
        ukd1_0.ifsc,
        ukd1_0.national_id_hash,
        ukd1_0.upi_id,
        u1_0.id,
        u1_0.created_at,
        u1_0.email,
        u1_0.kyc_status,
        u1_0.password_hash,
        u1_0.phone_number,
        u1_0.pseudonym,
        u1_0.updated_at 
    from
        user_kyc_details ukd1_0 
    join
        users u1_0 
            on u1_0.id=ukd1_0.user_id 
    where
        ukd1_0.user_id=?
Hibernate: 
    select
        l1_0.id,
        l1_0.agreement_finalized_at,
        l1_0.agreement_hash,
        l1_0.borrower_id,
        l1_0.borrower_return_amount,
        l1_0.borrower_signature,
        l1_0.collateral_btc_amount,
        l1_0.collateral_released_at,
        l1_0.collateral_released_btc,
        l1_0.collateral_value_inr,
        l1_0.created_at,
        l1_0.current_ltv_percent,
        l1_0.disbursement_proof_url,
        l1_0.disbursement_reference,
        l1_0.emi_amount,
        l1_0.emi_count,
        l1_0.expected_ltv_percent,
        l1_0.fiat_disbursed_at,
        l1_0.fiat_received_confirmed_at,
        l1_0.interest_outstanding,
        l1_0.interest_rate,
        l1_0.last_price_update,
        l1_0.lender_id,
        l1_0.lender_repayment_amount,
        l1_0.lender_signature,
        l1_0.liquidation_executed_at,
        l1_0.liquidation_ltv_percent,
        l1_0.liquidation_penalty_amount,
        l1_0.liquidation_price_inr,
        l1_0.margin_call_ltv_percent,
        l1_0.offer_id,
        l1_0.principal_amount,
        l1_0.principal_outstanding,
        l1_0.repayment_type,
        l1_0.status,
        l1_0.tenure_days,
        l1_0.total_outstanding,
        l1_0.total_repayment_amount,
        l1_0.updated_at,
        l1_0.version 
    from
        loans l1_0 
    where
        l1_0.id=?

MockHttpServletRequest:
      HTTP Method = GET
      Request URI = /loans/d58dc52e-a5cc-43f5-bef3-37da9795f275/details
       Parameters = {}
          Headers = []
             Body = null
    Session Attrs = {}

Handler:
             Type = com.linkbit.mvp.controller.DashboardController
           Method = com.linkbit.mvp.controller.DashboardController#getLoanDetails(Authentication, UUID)

Async:
    Async started = false
     Async result = null

Resolved Exception:
             Type = java.lang.RuntimeException

ModelAndView:
        View name = null
             View = null
            Model = null

FlashMap:
       Attributes = null

MockHttpServletResponse:
           Status = 500
    Error message = null
          Headers = [Vary:"Origin", "Access-Control-Request-Method", "Access-Control-Request-Headers", Content-Type:"text/plain;charset=UTF-8", Content-Length:"29", X-Content-Type-Options:"nosniff", X-XSS-Protection:"0", Cache-Control:"no-cache, no-store, max-age=0, must-revalidate", Pragma:"no-cache", Expires:"0", X-Frame-Options:"DENY"]
     Content type = text/plain;charset=UTF-8
             Body = You are not part of this loan
    Forwarded URL = null
   Redirected URL = null
          Cookies = []
2026-03-20T03:08:10.004+05:30  INFO 49060 --- [LinkbitMVP] [           main] o.s.m.s.b.SimpleBrokerMessageHandler     : Stopping...
2026-03-20T03:08:10.004+05:30  INFO 49060 --- [LinkbitMVP] [           main] o.s.m.s.b.SimpleBrokerMessageHandler     : BrokerAvailabilityEvent[available=false, SimpleBrokerMessageHandler [org.springframework.messaging.simp.broker.DefaultSubscriptionRegistry@7ad61f03]]
2026-03-20T03:08:10.004+05:30  INFO 49060 --- [LinkbitMVP] [           main] o.s.m.s.b.SimpleBrokerMessageHandler     : Stopped.
2026-03-20T03:08:10.104+05:30  INFO 49060 --- [LinkbitMVP] [           main] j.LocalContainerEntityManagerFactoryBean : Closing JPA EntityManagerFactory for persistence unit 'default'
Hibernate: 
    drop table if exists bitcoin_transactions cascade 
Hibernate: 
    drop table if exists collateral_releases cascade 
Hibernate: 
    drop table if exists escrow_accounts cascade 
Hibernate: 
    drop table if exists loan_audit_log cascade 
Hibernate: 
    drop table if exists loan_emis cascade 
Hibernate: 
    drop table if exists loan_ledger cascade 
Hibernate: 
    drop table if exists loan_liquidations cascade 
Hibernate: 
    drop table if exists loan_ltv_history cascade 
Hibernate: 
    drop table if exists loan_margin_calls cascade 
Hibernate: 
    drop table if exists loan_offers cascade 
Hibernate: 
    drop table if exists loan_repayments cascade 
Hibernate: 
    drop table if exists loans cascade 
Hibernate: 
    drop table if exists negotiation_messages cascade 
Hibernate: 
    drop table if exists password_reset_token cascade 
Hibernate: 
    drop table if exists platform_fees cascade 
Hibernate: 
    drop table if exists user_kyc_details cascade 
Hibernate: 
    drop table if exists users cascade 
2026-03-20T03:08:10.108+05:30  INFO 49060 --- [LinkbitMVP] [           main] com.zaxxer.hikari.HikariDataSource       : HikariPool-5 - Shutdown initiated...
2026-03-20T03:08:10.108+05:30  INFO 49060 --- [LinkbitMVP] [           main] com.zaxxer.hikari.HikariDataSource       : HikariPool-5 - Shutdown completed.
2026-03-20T03:08:10.112+05:30  INFO 49060 --- [LinkbitMVP] [           main] o.s.b.d.r.RestartApplicationListener     : Restart disabled due to context in which it is running

  .   ____          _            __ _ _
 /\\ / ___'_ __ _ _(_)_ __  __ _ \ \ \ \
( ( )\___ | '_ | '_| | '_ \/ _` | \ \ \ \
 \\/  ___)| |_)| | | | | || (_| |  ) ) ) )
  '  |____| .__|_| |_|_| |_\__, | / / / /
 =========|_|==============|___/=/_/_/_/
 :: Spring Boot ::                (v3.2.3)

2026-03-20T03:08:10.129+05:30  INFO 49060 --- [LinkbitMVP] [           main] c.l.m.s.SecurityAuthorizationTest        : Starting SecurityAuthorizationTest using Java 21 with PID 49060 (started by Aksha in D:\LB\mvp)
2026-03-20T03:08:10.129+05:30  INFO 49060 --- [LinkbitMVP] [           main] c.l.m.s.SecurityAuthorizationTest        : The following 1 profile is active: "test"
2026-03-20T03:08:10.368+05:30  INFO 49060 --- [LinkbitMVP] [           main] .s.d.r.c.RepositoryConfigurationDelegate : Bootstrapping Spring Data JPA repositories in DEFAULT mode.
2026-03-20T03:08:10.390+05:30  INFO 49060 --- [LinkbitMVP] [           main] .s.d.r.c.RepositoryConfigurationDelegate : Finished Spring Data repository scanning in 23 ms. Found 17 JPA repository interfaces.
2026-03-20T03:08:10.469+05:30  INFO 49060 --- [LinkbitMVP] [           main] o.hibernate.jpa.internal.util.LogHelper  : HHH000204: Processing PersistenceUnitInfo [name: default]
2026-03-20T03:08:10.469+05:30  INFO 49060 --- [LinkbitMVP] [           main] o.h.c.internal.RegionFactoryInitiator    : HHH000026: Second-level cache disabled
2026-03-20T03:08:10.476+05:30  INFO 49060 --- [LinkbitMVP] [           main] o.s.o.j.p.SpringPersistenceUnitInfo      : No LoadTimeWeaver setup: ignoring JPA class transformer
2026-03-20T03:08:10.477+05:30  INFO 49060 --- [LinkbitMVP] [           main] com.zaxxer.hikari.HikariDataSource       : HikariPool-6 - Starting...
2026-03-20T03:08:10.477+05:30  INFO 49060 --- [LinkbitMVP] [           main] com.zaxxer.hikari.pool.HikariPool        : HikariPool-6 - Added connection conn50: url=jdbc:h2:mem:testdb user=SA
2026-03-20T03:08:10.479+05:30  INFO 49060 --- [LinkbitMVP] [           main] com.zaxxer.hikari.HikariDataSource       : HikariPool-6 - Start completed.
2026-03-20T03:08:10.479+05:30  WARN 49060 --- [LinkbitMVP] [           main] org.hibernate.orm.deprecation            : HHH90000025: H2Dialect does not need to be specified explicitly using 'hibernate.dialect' (remove the property setting and it will be selected by default)
2026-03-20T03:08:10.654+05:30  INFO 49060 --- [LinkbitMVP] [           main] o.h.e.t.j.p.i.JtaPlatformInitiator       : HHH000489: No JTA platform available (set 'hibernate.transaction.jta.platform' to enable JTA platform integration)
Hibernate: 
    drop table if exists bitcoin_transactions cascade 
Hibernate: 
    drop table if exists collateral_releases cascade 
Hibernate: 
    drop table if exists escrow_accounts cascade 
Hibernate: 
    drop table if exists loan_audit_log cascade 
Hibernate: 
    drop table if exists loan_emis cascade 
Hibernate: 
    drop table if exists loan_ledger cascade 
Hibernate: 
    drop table if exists loan_liquidations cascade 
Hibernate: 
    drop table if exists loan_ltv_history cascade 
Hibernate: 
    drop table if exists loan_margin_calls cascade 
Hibernate: 
    drop table if exists loan_offers cascade 
Hibernate: 
    drop table if exists loan_repayments cascade 
Hibernate: 
    drop table if exists loans cascade 
Hibernate: 
    drop table if exists negotiation_messages cascade 
Hibernate: 
    drop table if exists password_reset_token cascade 
Hibernate: 
    drop table if exists platform_fees cascade 
Hibernate: 
    drop table if exists user_kyc_details cascade 
Hibernate: 
    drop table if exists users cascade 
Hibernate: 
    create table bitcoin_transactions (
        confirmations integer not null,
        amount_sats bigint not null,
        created_at timestamp(6) not null,
        id uuid not null,
        loan_id uuid not null,
        status varchar(255),
        tx_hash varchar(255),
        type varchar(255) not null check (type in ('DEPOSIT','COLLATERAL_TOPUP')),
        primary key (id)
    )
Hibernate: 
    create table collateral_releases (
        released_btc numeric(38,2) not null,
        executed_at timestamp(6) not null,
        executed_by uuid,
        id uuid not null,
        loan_id uuid not null,
        primary key (id)
    )
Hibernate: 
    create table escrow_accounts (
        created_at timestamp(6) not null,
        current_balance_sats bigint not null,
        loan_id uuid not null,
        escrow_address varchar(255) not null,
        primary key (loan_id)
    )
Hibernate: 
    create table loan_audit_log (
        timestamp timestamp(6),
        id uuid not null,
        loan_id uuid not null,
        action varchar(255) not null check (action in ('FINALIZE_CONTRACT','SIGN_CONTRACT','CANCEL_NEGOTIATION','PAY_FEE','DEPOSIT_COLLATERAL','DISBURSE_FIAT','MARK_DISPUTE','RESOLVE_DISPUTE','LTV_DROP_MARGIN_CALL','LTV_DROP_LIQUIDATION','LTV_RECOVERED','EXECUTE_LIQUIDATION','REPAY_LOAN','RELEASE_COLLATERAL','ADMIN_OVERRIDE')),
        actor varchar(255) not null check (actor in ('BORROWER','LENDER','ADMIN','SYSTEM')),
        new_state varchar(255) not null check (new_state in ('NEGOTIATING','AWAITING_SIGNATURES','AWAITING_FEE','AWAITING_COLLATERAL','COLLATERAL_LOCKED','AGREED','ACTIVE','DEFAULTED','CLOSED','CANCELLED','DISPUTE_OPEN','LIQUIDATED','REPAID','MARGIN_CALL','LIQUIDATION_ELIGIBLE')),
        previous_state varchar(255) check (previous_state in ('NEGOTIATING','AWAITING_SIGNATURES','AWAITING_FEE','AWAITING_COLLATERAL','COLLATERAL_LOCKED','AGREED','ACTIVE','DEFAULTED','CLOSED','CANCELLED','DISPUTE_OPEN','LIQUIDATED','REPAID','MARGIN_CALL','LIQUIDATION_ELIGIBLE')),
        primary key (id)
    )
Hibernate: 
    create table loan_emis (
        amount_paid numeric(38,2) not null,
        due_date date not null,
        emi_amount numeric(38,2) not null,
        emi_number integer not null,
        created_at timestamp(6) not null,
        id uuid not null,
        loan_id uuid not null,
        status varchar(255) not null check (status in ('PENDING','PARTIAL','PAID','OVERDUE')),
        primary key (id)
    )
Hibernate: 
    create table loan_ledger (
        amount_inr numeric(38,2) not null,
        created_at timestamp(6) not null,
        id uuid not null,
        loan_id uuid not null,
        entry_type varchar(255) not null check (entry_type in ('FIAT_DISBURSEMENT','BORROWER_REPAYMENT','INTEREST_ACCRUAL','COLLATERAL_RELEASE','COLLATERAL_TOPUP','LIQUIDATION_EXECUTED','LENDER_REPAID','LIQUIDATION_PENALTY','BORROWER_COLLATERAL_RETURN','COLLATERAL_RELEASED','ESCROW_CLOSED')),
        notes TEXT,
        primary key (id)
    )
Hibernate: 
    create table loan_liquidations (
        borrower_returned numeric(38,2) not null,
        btc_price_inr numeric(38,2) not null,
        collateral_value_inr numeric(38,2) not null,
        lender_repaid numeric(38,2) not null,
        liquidation_penalty numeric(38,2) not null,
        executed_at timestamp(6) not null,
        id uuid not null,
        loan_id uuid not null,
        primary key (id)
    )
Hibernate: 
    create table loan_ltv_history (
        btc_price_inr numeric(38,2) not null,
        collateral_value_inr numeric(38,2) not null,
        ltv_percent numeric(38,2) not null,
        recorded_at timestamp(6) not null,
        id uuid not null,
        loan_id uuid not null,
        primary key (id)
    )
Hibernate: 
    create table loan_margin_calls (
        resolved_at timestamp(6),
        triggered_at timestamp(6) not null,
        id uuid not null,
        loan_id uuid not null,
        status varchar(255) not null check (status in ('OPEN','RESOLVED','ESCALATED')),
        primary key (id)
    )
Hibernate: 
    create table loan_offers (
        expected_ltv_percent integer not null,
        interest_rate numeric(38,2) not null,
        loan_amount_inr numeric(38,2) not null,
        tenure_days integer not null,
        created_at timestamp(6),
        updated_at timestamp(6),
        id uuid not null,
        lender_id uuid not null,
        status varchar(255) not null check (status in ('OPEN','PAUSED','CLOSED')),
        primary key (id)
    )
Hibernate: 
    create table loan_repayments (
        amount_inr numeric(38,2) not null,
        created_at timestamp(6) not null,
        id uuid not null,
        loan_id uuid not null,
        proof_url varchar(255) not null,
        status varchar(255) not null check (status in ('PENDING','VERIFIED','REJECTED')),
        transaction_reference varchar(255) not null,
        primary key (id)
    )
Hibernate: 
    create table loans (
        borrower_return_amount numeric(38,2),
        collateral_btc_amount numeric(38,2),
        collateral_released_btc numeric(38,2),
        collateral_value_inr numeric(38,2),
        current_ltv_percent numeric(38,2),
        emi_amount numeric(38,2),
        emi_count integer,
        expected_ltv_percent integer,
        interest_outstanding numeric(38,2),
        interest_rate numeric(38,2) not null,
        lender_repayment_amount numeric(38,2),
        liquidation_ltv_percent integer,
        liquidation_penalty_amount numeric(38,2),
        liquidation_price_inr numeric(38,2),
        margin_call_ltv_percent integer,
        principal_amount numeric(38,2) not null,
        principal_outstanding numeric(38,2),
        tenure_days integer not null,
        total_outstanding numeric(38,2),
        total_repayment_amount numeric(38,2),
        agreement_finalized_at timestamp(6),
        collateral_released_at timestamp(6),
        created_at timestamp(6),
        fiat_disbursed_at timestamp(6),
        fiat_received_confirmed_at timestamp(6),
        last_price_update timestamp(6),
        liquidation_executed_at timestamp(6),
        updated_at timestamp(6),
        version bigint,
        borrower_id uuid not null,
        id uuid not null,
        lender_id uuid not null,
        offer_id uuid not null,
        agreement_hash varchar(255),
        borrower_signature TEXT,
        disbursement_proof_url varchar(255),
        disbursement_reference varchar(255),
        lender_signature TEXT,
        repayment_type varchar(255) check (repayment_type in ('EMI','BULLET')),
        status varchar(255) not null check (status in ('NEGOTIATING','AWAITING_SIGNATURES','AWAITING_FEE','AWAITING_COLLATERAL','COLLATERAL_LOCKED','AGREED','ACTIVE','DEFAULTED','CLOSED','CANCELLED','DISPUTE_OPEN','LIQUIDATED','REPAID','MARGIN_CALL','LIQUIDATION_ELIGIBLE')),
        primary key (id)
    )
Hibernate: 
    create table negotiation_messages (
        is_system_message boolean not null,
        id bigint generated by default as identity,
        sent_at timestamp(6),
        loan_id uuid not null,
        sender_id uuid,
        message_text TEXT not null,
        primary key (id)
    )
Hibernate: 
    create table password_reset_token (
        expiry_date timestamp(6) not null,
        id uuid not null,
        user_id uuid not null,
        token varchar(255) not null,
        primary key (id)
    )
Hibernate: 
    create table platform_fees (
        amount_inr numeric(19,2) not null,
        created_at timestamp(6) not null,
        id uuid not null,
        loan_id uuid not null,
        payment_gateway_ref varchar(255),
        status varchar(255) not null check (status in ('PENDING','SUCCESS','FAILED','REFUNDED')),
        primary key (id)
    )
Hibernate: 
    create table user_kyc_details (
        created_at timestamp(6),
        user_id uuid not null,
        bank_account_number varchar(255),
        full_legal_name varchar(255),
        ifsc varchar(255),
        national_id_hash varchar(255),
        upi_id varchar(255),
        primary key (user_id)
    )
Hibernate: 
    create table users (
        created_at timestamp(6),
        updated_at timestamp(6),
        id uuid not null,
        email varchar(255) not null unique,
        kyc_status varchar(255) not null check (kyc_status in ('PENDING','VERIFIED','REJECTED')),
        password_hash varchar(255) not null,
        phone_number varchar(255),
        pseudonym varchar(255),
        primary key (id)
    )
Hibernate: 
    alter table if exists bitcoin_transactions 
       add constraint FKca6ucwxb2tm820i2je6ru7rei 
       foreign key (loan_id) 
       references loans 
       on delete cascade
Hibernate: 
    alter table if exists collateral_releases 
       add constraint FKdr021l3sa1yi4g3axxsm3ovds 
       foreign key (loan_id) 
       references loans 
       on delete cascade
Hibernate: 
    alter table if exists loan_emis 
       add constraint FKh462fjxneqe778bqr2f4dbj96 
       foreign key (loan_id) 
       references loans 
       on delete cascade
Hibernate: 
    alter table if exists loan_ledger 
       add constraint FKbhbin7df7db1oi65mf1mf8m1r 
       foreign key (loan_id) 
       references loans 
       on delete cascade
Hibernate: 
    alter table if exists loan_liquidations 
       add constraint FKgbo5cdjyqht5b4ga7omvi78j4 
       foreign key (loan_id) 
       references loans 
       on delete cascade
Hibernate: 
    alter table if exists loan_ltv_history 
       add constraint FK709pdjducvwqynaukdq6liy72 
       foreign key (loan_id) 
       references loans 
       on delete cascade
Hibernate: 
    alter table if exists loan_margin_calls 
       add constraint FKt50cjs2v9pevwbupkjd3gk0xp 
       foreign key (loan_id) 
       references loans 
       on delete cascade
Hibernate: 
    alter table if exists loan_offers 
       add constraint FKotlnboct209ag5oe1f6jjdkcg 
       foreign key (lender_id) 
       references users
Hibernate: 
    alter table if exists loan_repayments 
       add constraint FKmvfjvk48bhsvwbdis0s9uwn1t 
       foreign key (loan_id) 
       references loans 
       on delete cascade
Hibernate: 
    alter table if exists loans 
       add constraint FK2r7bo1dhntarh4c125saxyva4 
       foreign key (borrower_id) 
       references users
Hibernate: 
    alter table if exists loans 
       add constraint FKmncmom5b7vctpc4tmi5gj2qn8 
       foreign key (lender_id) 
       references users
Hibernate: 
    alter table if exists loans 
       add constraint FK1rrd03inw38lttlgt4d2vro1i 
       foreign key (offer_id) 
       references loan_offers
Hibernate: 
    alter table if exists negotiation_messages 
       add constraint FKkxstmoa7f57xwrykx3lainbsu 
       foreign key (loan_id) 
       references loans 
       on delete cascade
Hibernate: 
    alter table if exists negotiation_messages 
       add constraint FKci8x3mbo26vy68ooxvryig0xa 
       foreign key (sender_id) 
       references users
Hibernate: 
    alter table if exists password_reset_token 
       add constraint FK83nsrttkwkb6ym0anu051mtxn 
       foreign key (user_id) 
       references users
Hibernate: 
    alter table if exists platform_fees 
       add constraint FK9uv5l1k1la1wdtq3p0focdimy 
       foreign key (loan_id) 
       references loans 
       on delete cascade
Hibernate: 
    alter table if exists user_kyc_details 
       add constraint FKkyg0ht716i8c79ovettpt9ljy 
       foreign key (user_id) 
       references users
2026-03-20T03:08:10.681+05:30  INFO 49060 --- [LinkbitMVP] [           main] j.LocalContainerEntityManagerFactoryBean : Initialized JPA EntityManagerFactory for persistence unit 'default'
2026-03-20T03:08:10.942+05:30  WARN 49060 --- [LinkbitMVP] [           main] JpaBaseConfiguration$JpaWebConfiguration : spring.jpa.open-in-view is enabled by default. Therefore, database queries may be performed during view rendering. Explicitly configure spring.jpa.open-in-view to disable this warning
2026-03-20T03:08:10.976+05:30  INFO 49060 --- [LinkbitMVP] [           main] o.s.s.web.DefaultSecurityFilterChain     : Will secure any request with [org.springframework.security.web.session.DisableEncodeUrlFilter@3ba7a81f, org.springframework.security.web.context.request.async.WebAsyncManagerIntegrationFilter@11247d9e, org.springframework.security.web.context.SecurityContextHolderFilter@5c536b2e, org.springframework.security.web.header.HeaderWriterFilter@7fec7497, org.springframework.web.filter.CorsFilter@52a08618, org.springframework.security.web.authentication.logout.LogoutFilter@6759b9e, com.linkbit.mvp.config.JwtAuthenticationFilter@1d381c96, org.springframework.security.web.savedrequest.RequestCacheAwareFilter@357d5c80, org.springframework.security.web.servletapi.SecurityContextHolderAwareRequestFilter@29a9ce74, org.springframework.security.web.authentication.AnonymousAuthenticationFilter@1b6a7e0d, org.springframework.security.web.session.SessionManagementFilter@1a3e48ed, org.springframework.security.web.access.ExceptionTranslationFilter@1dd134f, org.springframework.security.web.access.intercept.AuthorizationFilter@3e0ee1a0]
2026-03-20T03:08:11.029+05:30  INFO 49060 --- [LinkbitMVP] [           main] o.s.b.a.h2.H2ConsoleAutoConfiguration    : H2 console available at '/h2-console'. Database available at 'jdbc:h2:mem:testdb'
2026-03-20T03:08:11.039+05:30  INFO 49060 --- [LinkbitMVP] [           main] o.s.b.t.m.w.SpringBootMockServletContext : Initializing Spring TestDispatcherServlet ''
2026-03-20T03:08:11.039+05:30  INFO 49060 --- [LinkbitMVP] [           main] o.s.t.web.servlet.TestDispatcherServlet  : Initializing Servlet ''
2026-03-20T03:08:11.040+05:30  INFO 49060 --- [LinkbitMVP] [           main] o.s.t.web.servlet.TestDispatcherServlet  : Completed initialization in 1 ms
2026-03-20T03:08:11.044+05:30  INFO 49060 --- [LinkbitMVP] [           main] o.s.m.s.b.SimpleBrokerMessageHandler     : Starting...
2026-03-20T03:08:11.044+05:30  INFO 49060 --- [LinkbitMVP] [           main] o.s.m.s.b.SimpleBrokerMessageHandler     : BrokerAvailabilityEvent[available=true, SimpleBrokerMessageHandler [org.springframework.messaging.simp.broker.DefaultSubscriptionRegistry@2c8d1ea]]
2026-03-20T03:08:11.044+05:30  INFO 49060 --- [LinkbitMVP] [           main] o.s.m.s.b.SimpleBrokerMessageHandler     : Started.
2026-03-20T03:08:11.046+05:30  INFO 49060 --- [LinkbitMVP] [           main] c.l.m.s.SecurityAuthorizationTest        : Started SecurityAuthorizationTest in 0.934 seconds (process running for 18.294)
Hibernate: 
    select
        l1_0.id,
        l1_0.agreement_finalized_at,
        l1_0.agreement_hash,
        l1_0.borrower_id,
        l1_0.borrower_return_amount,
        l1_0.borrower_signature,
        l1_0.collateral_btc_amount,
        l1_0.collateral_released_at,
        l1_0.collateral_released_btc,
        l1_0.collateral_value_inr,
        l1_0.created_at,
        l1_0.current_ltv_percent,
        l1_0.disbursement_proof_url,
        l1_0.disbursement_reference,
        l1_0.emi_amount,
        l1_0.emi_count,
        l1_0.expected_ltv_percent,
        l1_0.fiat_disbursed_at,
        l1_0.fiat_received_confirmed_at,
        l1_0.interest_outstanding,
        l1_0.interest_rate,
        l1_0.last_price_update,
        l1_0.lender_id,
        l1_0.lender_repayment_amount,
        l1_0.lender_signature,
        l1_0.liquidation_executed_at,
        l1_0.liquidation_ltv_percent,
        l1_0.liquidation_penalty_amount,
        l1_0.liquidation_price_inr,
        l1_0.margin_call_ltv_percent,
        l1_0.offer_id,
        l1_0.principal_amount,
        l1_0.principal_outstanding,
        l1_0.repayment_type,
        l1_0.status,
        l1_0.tenure_days,
        l1_0.total_outstanding,
        l1_0.total_repayment_amount,
        l1_0.updated_at,
        l1_0.version 
    from
        loans l1_0 
    where
        l1_0.status in (?, ?, ?)
Hibernate: 
    select
        l1_0.id,
        l1_0.agreement_finalized_at,
        l1_0.agreement_hash,
        l1_0.borrower_id,
        l1_0.borrower_return_amount,
        l1_0.borrower_signature,
        l1_0.collateral_btc_amount,
        l1_0.collateral_released_at,
        l1_0.collateral_released_btc,
        l1_0.collateral_value_inr,
        l1_0.created_at,
        l1_0.current_ltv_percent,
        l1_0.disbursement_proof_url,
        l1_0.disbursement_reference,
        l1_0.emi_amount,
        l1_0.emi_count,
        l1_0.expected_ltv_percent,
        l1_0.fiat_disbursed_at,
        l1_0.fiat_received_confirmed_at,
        l1_0.interest_outstanding,
        l1_0.interest_rate,
        l1_0.last_price_update,
        l1_0.lender_id,
        l1_0.lender_repayment_amount,
        l1_0.lender_signature,
        l1_0.liquidation_executed_at,
        l1_0.liquidation_ltv_percent,
        l1_0.liquidation_penalty_amount,
        l1_0.liquidation_price_inr,
        l1_0.margin_call_ltv_percent,
        l1_0.offer_id,
        l1_0.principal_amount,
        l1_0.principal_outstanding,
        l1_0.repayment_type,
        l1_0.status,
        l1_0.tenure_days,
        l1_0.total_outstanding,
        l1_0.total_repayment_amount,
        l1_0.updated_at,
        l1_0.version 
    from
        loans l1_0
Hibernate: 
    select
        lo1_0.id,
        lo1_0.created_at,
        lo1_0.expected_ltv_percent,
        lo1_0.interest_rate,
        lo1_0.lender_id,
        lo1_0.loan_amount_inr,
        lo1_0.status,
        lo1_0.tenure_days,
        lo1_0.updated_at 
    from
        loan_offers lo1_0
Hibernate: 
    select
        u1_0.id,
        u1_0.created_at,
        u1_0.email,
        u1_0.kyc_status,
        u1_0.password_hash,
        u1_0.phone_number,
        u1_0.pseudonym,
        u1_0.updated_at 
    from
        users u1_0
Hibernate: 
    insert 
    into
        users
        (created_at, email, kyc_status, password_hash, phone_number, pseudonym, updated_at, id) 
    values
        (?, ?, ?, ?, ?, ?, ?, ?)
Hibernate: 
    insert 
    into
        users
        (created_at, email, kyc_status, password_hash, phone_number, pseudonym, updated_at, id) 
    values
        (?, ?, ?, ?, ?, ?, ?, ?)
Hibernate: 
    insert 
    into
        users
        (created_at, email, kyc_status, password_hash, phone_number, pseudonym, updated_at, id) 
    values
        (?, ?, ?, ?, ?, ?, ?, ?)
Hibernate: 
    insert 
    into
        loan_offers
        (created_at, expected_ltv_percent, interest_rate, lender_id, loan_amount_inr, status, tenure_days, updated_at, id) 
    values
        (?, ?, ?, ?, ?, ?, ?, ?, ?)
Hibernate: 
    insert 
    into
        loans
        (agreement_finalized_at, agreement_hash, borrower_id, borrower_return_amount, borrower_signature, collateral_btc_amount, collateral_released_at, collateral_released_btc, collateral_value_inr, created_at, current_ltv_percent, disbursement_proof_url, disbursement_reference, emi_amount, emi_count, expected_ltv_percent, fiat_disbursed_at, fiat_received_confirmed_at, interest_outstanding, interest_rate, last_price_update, lender_id, lender_repayment_amount, lender_signature, liquidation_executed_at, liquidation_ltv_percent, liquidation_penalty_amount, liquidation_price_inr, margin_call_ltv_percent, offer_id, principal_amount, principal_outstanding, repayment_type, status, tenure_days, total_outstanding, total_repayment_amount, updated_at, version, id) 
    values
        (?, ?, ?, ?, ?, ?, ?, ?, ?, ?, ?, ?, ?, ?, ?, ?, ?, ?, ?, ?, ?, ?, ?, ?, ?, ?, ?, ?, ?, ?, ?, ?, ?, ?, ?, ?, ?, ?, ?, ?)
Hibernate: 
    select
        u1_0.id,
        u1_0.created_at,
        u1_0.email,
        u1_0.kyc_status,
        u1_0.password_hash,
        u1_0.phone_number,
        u1_0.pseudonym,
        u1_0.updated_at 
    from
        users u1_0 
    where
        u1_0.email=?
Hibernate: 
    select
        ukd1_0.user_id,
        ukd1_0.bank_account_number,
        ukd1_0.created_at,
        ukd1_0.full_legal_name,
        ukd1_0.ifsc,
        ukd1_0.national_id_hash,
        ukd1_0.upi_id,
        u1_0.id,
        u1_0.created_at,
        u1_0.email,
        u1_0.kyc_status,
        u1_0.password_hash,
        u1_0.phone_number,
        u1_0.pseudonym,
        u1_0.updated_at 
    from
        user_kyc_details ukd1_0 
    join
        users u1_0 
            on u1_0.id=ukd1_0.user_id 
    where
        ukd1_0.user_id=?
Hibernate: 
    select
        l1_0.id,
        l1_0.agreement_finalized_at,
        l1_0.agreement_hash,
        l1_0.borrower_id,
        l1_0.borrower_return_amount,
        l1_0.borrower_signature,
        l1_0.collateral_btc_amount,
        l1_0.collateral_released_at,
        l1_0.collateral_released_btc,
        l1_0.collateral_value_inr,
        l1_0.created_at,
        l1_0.current_ltv_percent,
        l1_0.disbursement_proof_url,
        l1_0.disbursement_reference,
        l1_0.emi_amount,
        l1_0.emi_count,
        l1_0.expected_ltv_percent,
        l1_0.fiat_disbursed_at,
        l1_0.fiat_received_confirmed_at,
        l1_0.interest_outstanding,
        l1_0.interest_rate,
        l1_0.last_price_update,
        l1_0.lender_id,
        l1_0.lender_repayment_amount,
        l1_0.lender_signature,
        l1_0.liquidation_executed_at,
        l1_0.liquidation_ltv_percent,
        l1_0.liquidation_penalty_amount,
        l1_0.liquidation_price_inr,
        l1_0.margin_call_ltv_percent,
        l1_0.offer_id,
        l1_0.principal_amount,
        l1_0.principal_outstanding,
        l1_0.repayment_type,
        l1_0.status,
        l1_0.tenure_days,
        l1_0.total_outstanding,
        l1_0.total_repayment_amount,
        l1_0.updated_at,
        l1_0.version 
    from
        loans l1_0 
    where
        l1_0.id=?
Hibernate: 
    select
        ea1_0.loan_id,
        ea1_0.created_at,
        ea1_0.current_balance_sats,
        ea1_0.escrow_address 
    from
        escrow_accounts ea1_0 
    where
        ea1_0.loan_id=?
Hibernate: 
    select
        pf1_0.id,
        pf1_0.amount_inr,
        pf1_0.created_at,
        pf1_0.loan_id,
        pf1_0.payment_gateway_ref,
        pf1_0.status 
    from
        platform_fees pf1_0 
    left join
        loans l1_0 
            on l1_0.id=pf1_0.loan_id 
    where
        l1_0.id=? 
        and pf1_0.status in (?) 
    order by
        pf1_0.created_at desc 
    fetch
        first ? rows only
Hibernate: 
    select
        lr1_0.id,
        lr1_0.amount_inr,
        lr1_0.created_at,
        lr1_0.loan_id,
        lr1_0.proof_url,
        lr1_0.status,
        lr1_0.transaction_reference 
    from
        loan_repayments lr1_0 
    left join
        loans l1_0 
            on l1_0.id=lr1_0.loan_id 
    where
        l1_0.id=? 
    order by
        lr1_0.created_at desc
Hibernate: 
    select
        u1_0.id,
        u1_0.created_at,
        u1_0.email,
        u1_0.kyc_status,
        u1_0.password_hash,
        u1_0.phone_number,
        u1_0.pseudonym,
        u1_0.updated_at 
    from
        users u1_0 
    where
        u1_0.id=?
Hibernate: 
    select
        ukd1_0.user_id,
        ukd1_0.bank_account_number,
        ukd1_0.created_at,
        ukd1_0.full_legal_name,
        ukd1_0.ifsc,
        ukd1_0.national_id_hash,
        ukd1_0.upi_id,
        u1_0.id,
        u1_0.created_at,
        u1_0.email,
        u1_0.kyc_status,
        u1_0.password_hash,
        u1_0.phone_number,
        u1_0.pseudonym,
        u1_0.updated_at 
    from
        user_kyc_details ukd1_0 
    join
        users u1_0 
            on u1_0.id=ukd1_0.user_id 
    where
        ukd1_0.user_id=?

MockHttpServletRequest:
      HTTP Method = GET
      Request URI = /loans/0c8d4035-e5cb-4d70-abf9-e8086f90329e/details
       Parameters = {}
          Headers = []
             Body = null
    Session Attrs = {}

Handler:
             Type = com.linkbit.mvp.controller.DashboardController
           Method = com.linkbit.mvp.controller.DashboardController#getLoanDetails(Authentication, UUID)

Async:
    Async started = false
     Async result = null

Resolved Exception:
             Type = null

ModelAndView:
        View name = null
             View = null
            Model = null

FlashMap:
       Attributes = null

MockHttpServletResponse:
           Status = 200
    Error message = null
          Headers = [Vary:"Origin", "Access-Control-Request-Method", "Access-Control-Request-Headers", Content-Type:"application/json", X-Content-Type-Options:"nosniff", X-XSS-Protection:"0", Cache-Control:"no-cache, no-store, max-age=0, must-revalidate", Pragma:"no-cache", Expires:"0", X-Frame-Options:"DENY"]
     Content type = application/json
             Body = {"loanId":"0c8d4035-e5cb-4d70-abf9-e8086f90329e","role":"LENDER","status":"NEGOTIATING","borrowerPseudonym":"Borrower","lenderPseudonym":"Lender","principalAmount":10000.00,"interestRate":10.00,"tenureDays":30,"repaymentType":null,"emiCount":null,"emiAmount":null,"totalRepaymentAmount":10000.00,"principalOutstanding":10000.00,"interestOutstanding":0.00,"totalOutstanding":10000.00,"expectedLtvPercent":50,"marginCallLtvPercent":null,"liquidationLtvPercent":null,"collateralBtcAmount":0.01,"collateralValueInr":20000.00,"currentLtvPercent":50.00,"agreementHash":null,"agreementFinalizedAt":null,"createdAt":"2026-03-20T03:08:11.062816","updatedAt":"2026-03-20T03:08:11.062816","fiatDisbursedAt":null,"fiatReceivedConfirmedAt":null,"disbursementReference":null,"disbursementProofUrl":null,"collateralReleasedBtc":null,"collateralReleasedAt":null,"escrowAddress":null,"escrowBalanceSats":null,"pendingFee":null,"pendingRepayments":[]}
    Forwarded URL = null
   Redirected URL = null
          Cookies = []
2026-03-20T03:08:11.100+05:30  INFO 49060 --- [LinkbitMVP] [           main] o.s.m.s.b.SimpleBrokerMessageHandler     : Stopping...
2026-03-20T03:08:11.100+05:30  INFO 49060 --- [LinkbitMVP] [           main] o.s.m.s.b.SimpleBrokerMessageHandler     : BrokerAvailabilityEvent[available=false, SimpleBrokerMessageHandler [org.springframework.messaging.simp.broker.DefaultSubscriptionRegistry@2c8d1ea]]
2026-03-20T03:08:11.100+05:30  INFO 49060 --- [LinkbitMVP] [           main] o.s.m.s.b.SimpleBrokerMessageHandler     : Stopped.
2026-03-20T03:08:11.196+05:30  INFO 49060 --- [LinkbitMVP] [           main] j.LocalContainerEntityManagerFactoryBean : Closing JPA EntityManagerFactory for persistence unit 'default'
Hibernate: 
    drop table if exists bitcoin_transactions cascade 
Hibernate: 
    drop table if exists collateral_releases cascade 
Hibernate: 
    drop table if exists escrow_accounts cascade 
Hibernate: 
    drop table if exists loan_audit_log cascade 
Hibernate: 
    drop table if exists loan_emis cascade 
Hibernate: 
    drop table if exists loan_ledger cascade 
Hibernate: 
    drop table if exists loan_liquidations cascade 
Hibernate: 
    drop table if exists loan_ltv_history cascade 
Hibernate: 
    drop table if exists loan_margin_calls cascade 
Hibernate: 
    drop table if exists loan_offers cascade 
Hibernate: 
    drop table if exists loan_repayments cascade 
Hibernate: 
    drop table if exists loans cascade 
Hibernate: 
    drop table if exists negotiation_messages cascade 
Hibernate: 
    drop table if exists password_reset_token cascade 
Hibernate: 
    drop table if exists platform_fees cascade 
Hibernate: 
    drop table if exists user_kyc_details cascade 
Hibernate: 
    drop table if exists users cascade 
2026-03-20T03:08:11.196+05:30  INFO 49060 --- [LinkbitMVP] [           main] com.zaxxer.hikari.HikariDataSource       : HikariPool-6 - Shutdown initiated...
2026-03-20T03:08:11.196+05:30  INFO 49060 --- [LinkbitMVP] [           main] com.zaxxer.hikari.HikariDataSource       : HikariPool-6 - Shutdown completed.
2026-03-20T03:08:11.196+05:30  INFO 49060 --- [LinkbitMVP] [           main] o.s.b.d.r.RestartApplicationListener     : Restart disabled due to context in which it is running

  .   ____          _            __ _ _
 /\\ / ___'_ __ _ _(_)_ __  __ _ \ \ \ \
( ( )\___ | '_ | '_| | '_ \/ _` | \ \ \ \
 \\/  ___)| |_)| | | | | || (_| |  ) ) ) )
  '  |____| .__|_| |_|_| |_\__, | / / / /
 =========|_|==============|___/=/_/_/_/
 :: Spring Boot ::                (v3.2.3)

2026-03-20T03:08:11.215+05:30  INFO 49060 --- [LinkbitMVP] [           main] c.l.m.s.SecurityAuthorizationTest        : Starting SecurityAuthorizationTest using Java 21 with PID 49060 (started by Aksha in D:\LB\mvp)
2026-03-20T03:08:11.215+05:30  INFO 49060 --- [LinkbitMVP] [           main] c.l.m.s.SecurityAuthorizationTest        : The following 1 profile is active: "test"
2026-03-20T03:08:11.376+05:30  INFO 49060 --- [LinkbitMVP] [           main] .s.d.r.c.RepositoryConfigurationDelegate : Bootstrapping Spring Data JPA repositories in DEFAULT mode.
2026-03-20T03:08:11.396+05:30  INFO 49060 --- [LinkbitMVP] [           main] .s.d.r.c.RepositoryConfigurationDelegate : Finished Spring Data repository scanning in 19 ms. Found 17 JPA repository interfaces.
2026-03-20T03:08:11.449+05:30  INFO 49060 --- [LinkbitMVP] [           main] o.hibernate.jpa.internal.util.LogHelper  : HHH000204: Processing PersistenceUnitInfo [name: default]
2026-03-20T03:08:11.451+05:30  INFO 49060 --- [LinkbitMVP] [           main] o.h.c.internal.RegionFactoryInitiator    : HHH000026: Second-level cache disabled
2026-03-20T03:08:11.455+05:30  INFO 49060 --- [LinkbitMVP] [           main] o.s.o.j.p.SpringPersistenceUnitInfo      : No LoadTimeWeaver setup: ignoring JPA class transformer
2026-03-20T03:08:11.455+05:30  INFO 49060 --- [LinkbitMVP] [           main] com.zaxxer.hikari.HikariDataSource       : HikariPool-7 - Starting...
2026-03-20T03:08:11.457+05:30  INFO 49060 --- [LinkbitMVP] [           main] com.zaxxer.hikari.pool.HikariPool        : HikariPool-7 - Added connection conn60: url=jdbc:h2:mem:testdb user=SA
2026-03-20T03:08:11.457+05:30  INFO 49060 --- [LinkbitMVP] [           main] com.zaxxer.hikari.HikariDataSource       : HikariPool-7 - Start completed.
2026-03-20T03:08:11.457+05:30  WARN 49060 --- [LinkbitMVP] [           main] org.hibernate.orm.deprecation            : HHH90000025: H2Dialect does not need to be specified explicitly using 'hibernate.dialect' (remove the property setting and it will be selected by default)
2026-03-20T03:08:11.620+05:30  INFO 49060 --- [LinkbitMVP] [           main] o.h.e.t.j.p.i.JtaPlatformInitiator       : HHH000489: No JTA platform available (set 'hibernate.transaction.jta.platform' to enable JTA platform integration)
Hibernate: 
    drop table if exists bitcoin_transactions cascade 
Hibernate: 
    drop table if exists collateral_releases cascade 
Hibernate: 
    drop table if exists escrow_accounts cascade 
Hibernate: 
    drop table if exists loan_audit_log cascade 
Hibernate: 
    drop table if exists loan_emis cascade 
Hibernate: 
    drop table if exists loan_ledger cascade 
Hibernate: 
    drop table if exists loan_liquidations cascade 
Hibernate: 
    drop table if exists loan_ltv_history cascade 
Hibernate: 
    drop table if exists loan_margin_calls cascade 
Hibernate: 
    drop table if exists loan_offers cascade 
Hibernate: 
    drop table if exists loan_repayments cascade 
Hibernate: 
    drop table if exists loans cascade 
Hibernate: 
    drop table if exists negotiation_messages cascade 
Hibernate: 
    drop table if exists password_reset_token cascade 
Hibernate: 
    drop table if exists platform_fees cascade 
Hibernate: 
    drop table if exists user_kyc_details cascade 
Hibernate: 
    drop table if exists users cascade 
Hibernate: 
    create table bitcoin_transactions (
        confirmations integer not null,
        amount_sats bigint not null,
        created_at timestamp(6) not null,
        id uuid not null,
        loan_id uuid not null,
        status varchar(255),
        tx_hash varchar(255),
        type varchar(255) not null check (type in ('DEPOSIT','COLLATERAL_TOPUP')),
        primary key (id)
    )
Hibernate: 
    create table collateral_releases (
        released_btc numeric(38,2) not null,
        executed_at timestamp(6) not null,
        executed_by uuid,
        id uuid not null,
        loan_id uuid not null,
        primary key (id)
    )
Hibernate: 
    create table escrow_accounts (
        created_at timestamp(6) not null,
        current_balance_sats bigint not null,
        loan_id uuid not null,
        escrow_address varchar(255) not null,
        primary key (loan_id)
    )
Hibernate: 
    create table loan_audit_log (
        timestamp timestamp(6),
        id uuid not null,
        loan_id uuid not null,
        action varchar(255) not null check (action in ('FINALIZE_CONTRACT','SIGN_CONTRACT','CANCEL_NEGOTIATION','PAY_FEE','DEPOSIT_COLLATERAL','DISBURSE_FIAT','MARK_DISPUTE','RESOLVE_DISPUTE','LTV_DROP_MARGIN_CALL','LTV_DROP_LIQUIDATION','LTV_RECOVERED','EXECUTE_LIQUIDATION','REPAY_LOAN','RELEASE_COLLATERAL','ADMIN_OVERRIDE')),
        actor varchar(255) not null check (actor in ('BORROWER','LENDER','ADMIN','SYSTEM')),
        new_state varchar(255) not null check (new_state in ('NEGOTIATING','AWAITING_SIGNATURES','AWAITING_FEE','AWAITING_COLLATERAL','COLLATERAL_LOCKED','AGREED','ACTIVE','DEFAULTED','CLOSED','CANCELLED','DISPUTE_OPEN','LIQUIDATED','REPAID','MARGIN_CALL','LIQUIDATION_ELIGIBLE')),
        previous_state varchar(255) check (previous_state in ('NEGOTIATING','AWAITING_SIGNATURES','AWAITING_FEE','AWAITING_COLLATERAL','COLLATERAL_LOCKED','AGREED','ACTIVE','DEFAULTED','CLOSED','CANCELLED','DISPUTE_OPEN','LIQUIDATED','REPAID','MARGIN_CALL','LIQUIDATION_ELIGIBLE')),
        primary key (id)
    )
Hibernate: 
    create table loan_emis (
        amount_paid numeric(38,2) not null,
        due_date date not null,
        emi_amount numeric(38,2) not null,
        emi_number integer not null,
        created_at timestamp(6) not null,
        id uuid not null,
        loan_id uuid not null,
        status varchar(255) not null check (status in ('PENDING','PARTIAL','PAID','OVERDUE')),
        primary key (id)
    )
Hibernate: 
    create table loan_ledger (
        amount_inr numeric(38,2) not null,
        created_at timestamp(6) not null,
        id uuid not null,
        loan_id uuid not null,
        entry_type varchar(255) not null check (entry_type in ('FIAT_DISBURSEMENT','BORROWER_REPAYMENT','INTEREST_ACCRUAL','COLLATERAL_RELEASE','COLLATERAL_TOPUP','LIQUIDATION_EXECUTED','LENDER_REPAID','LIQUIDATION_PENALTY','BORROWER_COLLATERAL_RETURN','COLLATERAL_RELEASED','ESCROW_CLOSED')),
        notes TEXT,
        primary key (id)
    )
Hibernate: 
    create table loan_liquidations (
        borrower_returned numeric(38,2) not null,
        btc_price_inr numeric(38,2) not null,
        collateral_value_inr numeric(38,2) not null,
        lender_repaid numeric(38,2) not null,
        liquidation_penalty numeric(38,2) not null,
        executed_at timestamp(6) not null,
        id uuid not null,
        loan_id uuid not null,
        primary key (id)
    )
Hibernate: 
    create table loan_ltv_history (
        btc_price_inr numeric(38,2) not null,
        collateral_value_inr numeric(38,2) not null,
        ltv_percent numeric(38,2) not null,
        recorded_at timestamp(6) not null,
        id uuid not null,
        loan_id uuid not null,
        primary key (id)
    )
Hibernate: 
    create table loan_margin_calls (
        resolved_at timestamp(6),
        triggered_at timestamp(6) not null,
        id uuid not null,
        loan_id uuid not null,
        status varchar(255) not null check (status in ('OPEN','RESOLVED','ESCALATED')),
        primary key (id)
    )
Hibernate: 
    create table loan_offers (
        expected_ltv_percent integer not null,
        interest_rate numeric(38,2) not null,
        loan_amount_inr numeric(38,2) not null,
        tenure_days integer not null,
        created_at timestamp(6),
        updated_at timestamp(6),
        id uuid not null,
        lender_id uuid not null,
        status varchar(255) not null check (status in ('OPEN','PAUSED','CLOSED')),
        primary key (id)
    )
Hibernate: 
    create table loan_repayments (
        amount_inr numeric(38,2) not null,
        created_at timestamp(6) not null,
        id uuid not null,
        loan_id uuid not null,
        proof_url varchar(255) not null,
        status varchar(255) not null check (status in ('PENDING','VERIFIED','REJECTED')),
        transaction_reference varchar(255) not null,
        primary key (id)
    )
Hibernate: 
    create table loans (
        borrower_return_amount numeric(38,2),
        collateral_btc_amount numeric(38,2),
        collateral_released_btc numeric(38,2),
        collateral_value_inr numeric(38,2),
        current_ltv_percent numeric(38,2),
        emi_amount numeric(38,2),
        emi_count integer,
        expected_ltv_percent integer,
        interest_outstanding numeric(38,2),
        interest_rate numeric(38,2) not null,
        lender_repayment_amount numeric(38,2),
        liquidation_ltv_percent integer,
        liquidation_penalty_amount numeric(38,2),
        liquidation_price_inr numeric(38,2),
        margin_call_ltv_percent integer,
        principal_amount numeric(38,2) not null,
        principal_outstanding numeric(38,2),
        tenure_days integer not null,
        total_outstanding numeric(38,2),
        total_repayment_amount numeric(38,2),
        agreement_finalized_at timestamp(6),
        collateral_released_at timestamp(6),
        created_at timestamp(6),
        fiat_disbursed_at timestamp(6),
        fiat_received_confirmed_at timestamp(6),
        last_price_update timestamp(6),
        liquidation_executed_at timestamp(6),
        updated_at timestamp(6),
        version bigint,
        borrower_id uuid not null,
        id uuid not null,
        lender_id uuid not null,
        offer_id uuid not null,
        agreement_hash varchar(255),
        borrower_signature TEXT,
        disbursement_proof_url varchar(255),
        disbursement_reference varchar(255),
        lender_signature TEXT,
        repayment_type varchar(255) check (repayment_type in ('EMI','BULLET')),
        status varchar(255) not null check (status in ('NEGOTIATING','AWAITING_SIGNATURES','AWAITING_FEE','AWAITING_COLLATERAL','COLLATERAL_LOCKED','AGREED','ACTIVE','DEFAULTED','CLOSED','CANCELLED','DISPUTE_OPEN','LIQUIDATED','REPAID','MARGIN_CALL','LIQUIDATION_ELIGIBLE')),
        primary key (id)
    )
Hibernate: 
    create table negotiation_messages (
        is_system_message boolean not null,
        id bigint generated by default as identity,
        sent_at timestamp(6),
        loan_id uuid not null,
        sender_id uuid,
        message_text TEXT not null,
        primary key (id)
    )
Hibernate: 
    create table password_reset_token (
        expiry_date timestamp(6) not null,
        id uuid not null,
        user_id uuid not null,
        token varchar(255) not null,
        primary key (id)
    )
Hibernate: 
    create table platform_fees (
        amount_inr numeric(19,2) not null,
        created_at timestamp(6) not null,
        id uuid not null,
        loan_id uuid not null,
        payment_gateway_ref varchar(255),
        status varchar(255) not null check (status in ('PENDING','SUCCESS','FAILED','REFUNDED')),
        primary key (id)
    )
Hibernate: 
    create table user_kyc_details (
        created_at timestamp(6),
        user_id uuid not null,
        bank_account_number varchar(255),
        full_legal_name varchar(255),
        ifsc varchar(255),
        national_id_hash varchar(255),
        upi_id varchar(255),
        primary key (user_id)
    )
Hibernate: 
    create table users (
        created_at timestamp(6),
        updated_at timestamp(6),
        id uuid not null,
        email varchar(255) not null unique,
        kyc_status varchar(255) not null check (kyc_status in ('PENDING','VERIFIED','REJECTED')),
        password_hash varchar(255) not null,
        phone_number varchar(255),
        pseudonym varchar(255),
        primary key (id)
    )
Hibernate: 
    alter table if exists bitcoin_transactions 
       add constraint FKca6ucwxb2tm820i2je6ru7rei 
       foreign key (loan_id) 
       references loans 
       on delete cascade
Hibernate: 
    alter table if exists collateral_releases 
       add constraint FKdr021l3sa1yi4g3axxsm3ovds 
       foreign key (loan_id) 
       references loans 
       on delete cascade
Hibernate: 
    alter table if exists loan_emis 
       add constraint FKh462fjxneqe778bqr2f4dbj96 
       foreign key (loan_id) 
       references loans 
       on delete cascade
Hibernate: 
    alter table if exists loan_ledger 
       add constraint FKbhbin7df7db1oi65mf1mf8m1r 
       foreign key (loan_id) 
       references loans 
       on delete cascade
Hibernate: 
    alter table if exists loan_liquidations 
       add constraint FKgbo5cdjyqht5b4ga7omvi78j4 
       foreign key (loan_id) 
       references loans 
       on delete cascade
Hibernate: 
    alter table if exists loan_ltv_history 
       add constraint FK709pdjducvwqynaukdq6liy72 
       foreign key (loan_id) 
       references loans 
       on delete cascade
Hibernate: 
    alter table if exists loan_margin_calls 
       add constraint FKt50cjs2v9pevwbupkjd3gk0xp 
       foreign key (loan_id) 
       references loans 
       on delete cascade
Hibernate: 
    alter table if exists loan_offers 
       add constraint FKotlnboct209ag5oe1f6jjdkcg 
       foreign key (lender_id) 
       references users
Hibernate: 
    alter table if exists loan_repayments 
       add constraint FKmvfjvk48bhsvwbdis0s9uwn1t 
       foreign key (loan_id) 
       references loans 
       on delete cascade
Hibernate: 
    alter table if exists loans 
       add constraint FK2r7bo1dhntarh4c125saxyva4 
       foreign key (borrower_id) 
       references users
Hibernate: 
    alter table if exists loans 
       add constraint FKmncmom5b7vctpc4tmi5gj2qn8 
       foreign key (lender_id) 
       references users
Hibernate: 
    alter table if exists loans 
       add constraint FK1rrd03inw38lttlgt4d2vro1i 
       foreign key (offer_id) 
       references loan_offers
Hibernate: 
    alter table if exists negotiation_messages 
       add constraint FKkxstmoa7f57xwrykx3lainbsu 
       foreign key (loan_id) 
       references loans 
       on delete cascade
Hibernate: 
    alter table if exists negotiation_messages 
       add constraint FKci8x3mbo26vy68ooxvryig0xa 
       foreign key (sender_id) 
       references users
Hibernate: 
    alter table if exists password_reset_token 
       add constraint FK83nsrttkwkb6ym0anu051mtxn 
       foreign key (user_id) 
       references users
Hibernate: 
    alter table if exists platform_fees 
       add constraint FK9uv5l1k1la1wdtq3p0focdimy 
       foreign key (loan_id) 
       references loans 
       on delete cascade
Hibernate: 
    alter table if exists user_kyc_details 
       add constraint FKkyg0ht716i8c79ovettpt9ljy 
       foreign key (user_id) 
       references users
2026-03-20T03:08:11.644+05:30  INFO 49060 --- [LinkbitMVP] [           main] j.LocalContainerEntityManagerFactoryBean : Initialized JPA EntityManagerFactory for persistence unit 'default'
2026-03-20T03:08:11.870+05:30  WARN 49060 --- [LinkbitMVP] [           main] JpaBaseConfiguration$JpaWebConfiguration : spring.jpa.open-in-view is enabled by default. Therefore, database queries may be performed during view rendering. Explicitly configure spring.jpa.open-in-view to disable this warning
2026-03-20T03:08:11.896+05:30  INFO 49060 --- [LinkbitMVP] [           main] o.s.s.web.DefaultSecurityFilterChain     : Will secure any request with [org.springframework.security.web.session.DisableEncodeUrlFilter@70509f26, org.springframework.security.web.context.request.async.WebAsyncManagerIntegrationFilter@4daaeaeb, org.springframework.security.web.context.SecurityContextHolderFilter@142dede5, org.springframework.security.web.header.HeaderWriterFilter@450b89bc, org.springframework.web.filter.CorsFilter@1799d41f, org.springframework.security.web.authentication.logout.LogoutFilter@1a64f46b, com.linkbit.mvp.config.JwtAuthenticationFilter@109ef687, org.springframework.security.web.savedrequest.RequestCacheAwareFilter@59da1ddd, org.springframework.security.web.servletapi.SecurityContextHolderAwareRequestFilter@40853933, org.springframework.security.web.authentication.AnonymousAuthenticationFilter@b368cf3, org.springframework.security.web.session.SessionManagementFilter@11c607f4, org.springframework.security.web.access.ExceptionTranslationFilter@2b9f065, org.springframework.security.web.access.intercept.AuthorizationFilter@7afcc9e6]
2026-03-20T03:08:11.954+05:30  INFO 49060 --- [LinkbitMVP] [           main] o.s.b.a.h2.H2ConsoleAutoConfiguration    : H2 console available at '/h2-console'. Database available at 'jdbc:h2:mem:testdb'
2026-03-20T03:08:11.972+05:30  INFO 49060 --- [LinkbitMVP] [           main] o.s.b.t.m.w.SpringBootMockServletContext : Initializing Spring TestDispatcherServlet ''
2026-03-20T03:08:11.972+05:30  INFO 49060 --- [LinkbitMVP] [           main] o.s.t.web.servlet.TestDispatcherServlet  : Initializing Servlet ''
2026-03-20T03:08:11.972+05:30  INFO 49060 --- [LinkbitMVP] [           main] o.s.t.web.servlet.TestDispatcherServlet  : Completed initialization in 0 ms
2026-03-20T03:08:11.977+05:30  INFO 49060 --- [LinkbitMVP] [           main] o.s.m.s.b.SimpleBrokerMessageHandler     : Starting...
2026-03-20T03:08:11.977+05:30  INFO 49060 --- [LinkbitMVP] [           main] o.s.m.s.b.SimpleBrokerMessageHandler     : BrokerAvailabilityEvent[available=true, SimpleBrokerMessageHandler [org.springframework.messaging.simp.broker.DefaultSubscriptionRegistry@635396b8]]
2026-03-20T03:08:11.977+05:30  INFO 49060 --- [LinkbitMVP] [           main] o.s.m.s.b.SimpleBrokerMessageHandler     : Started.
2026-03-20T03:08:11.981+05:30  INFO 49060 --- [LinkbitMVP] [           main] c.l.m.s.SecurityAuthorizationTest        : Started SecurityAuthorizationTest in 0.785 seconds (process running for 19.228)
Hibernate: 
    select
        l1_0.id,
        l1_0.agreement_finalized_at,
        l1_0.agreement_hash,
        l1_0.borrower_id,
        l1_0.borrower_return_amount,
        l1_0.borrower_signature,
        l1_0.collateral_btc_amount,
        l1_0.collateral_released_at,
        l1_0.collateral_released_btc,
        l1_0.collateral_value_inr,
        l1_0.created_at,
        l1_0.current_ltv_percent,
        l1_0.disbursement_proof_url,
        l1_0.disbursement_reference,
        l1_0.emi_amount,
        l1_0.emi_count,
        l1_0.expected_ltv_percent,
        l1_0.fiat_disbursed_at,
        l1_0.fiat_received_confirmed_at,
        l1_0.interest_outstanding,
        l1_0.interest_rate,
        l1_0.last_price_update,
        l1_0.lender_id,
        l1_0.lender_repayment_amount,
        l1_0.lender_signature,
        l1_0.liquidation_executed_at,
        l1_0.liquidation_ltv_percent,
        l1_0.liquidation_penalty_amount,
        l1_0.liquidation_price_inr,
        l1_0.margin_call_ltv_percent,
        l1_0.offer_id,
        l1_0.principal_amount,
        l1_0.principal_outstanding,
        l1_0.repayment_type,
        l1_0.status,
        l1_0.tenure_days,
        l1_0.total_outstanding,
        l1_0.total_repayment_amount,
        l1_0.updated_at,
        l1_0.version 
    from
        loans l1_0 
    where
        l1_0.status in (?, ?, ?)
Hibernate: 
    select
        l1_0.id,
        l1_0.agreement_finalized_at,
        l1_0.agreement_hash,
        l1_0.borrower_id,
        l1_0.borrower_return_amount,
        l1_0.borrower_signature,
        l1_0.collateral_btc_amount,
        l1_0.collateral_released_at,
        l1_0.collateral_released_btc,
        l1_0.collateral_value_inr,
        l1_0.created_at,
        l1_0.current_ltv_percent,
        l1_0.disbursement_proof_url,
        l1_0.disbursement_reference,
        l1_0.emi_amount,
        l1_0.emi_count,
        l1_0.expected_ltv_percent,
        l1_0.fiat_disbursed_at,
        l1_0.fiat_received_confirmed_at,
        l1_0.interest_outstanding,
        l1_0.interest_rate,
        l1_0.last_price_update,
        l1_0.lender_id,
        l1_0.lender_repayment_amount,
        l1_0.lender_signature,
        l1_0.liquidation_executed_at,
        l1_0.liquidation_ltv_percent,
        l1_0.liquidation_penalty_amount,
        l1_0.liquidation_price_inr,
        l1_0.margin_call_ltv_percent,
        l1_0.offer_id,
        l1_0.principal_amount,
        l1_0.principal_outstanding,
        l1_0.repayment_type,
        l1_0.status,
        l1_0.tenure_days,
        l1_0.total_outstanding,
        l1_0.total_repayment_amount,
        l1_0.updated_at,
        l1_0.version 
    from
        loans l1_0
Hibernate: 
    select
        lo1_0.id,
        lo1_0.created_at,
        lo1_0.expected_ltv_percent,
        lo1_0.interest_rate,
        lo1_0.lender_id,
        lo1_0.loan_amount_inr,
        lo1_0.status,
        lo1_0.tenure_days,
        lo1_0.updated_at 
    from
        loan_offers lo1_0
Hibernate: 
    select
        u1_0.id,
        u1_0.created_at,
        u1_0.email,
        u1_0.kyc_status,
        u1_0.password_hash,
        u1_0.phone_number,
        u1_0.pseudonym,
        u1_0.updated_at 
    from
        users u1_0
Hibernate: 
    insert 
    into
        users
        (created_at, email, kyc_status, password_hash, phone_number, pseudonym, updated_at, id) 
    values
        (?, ?, ?, ?, ?, ?, ?, ?)
Hibernate: 
    insert 
    into
        users
        (created_at, email, kyc_status, password_hash, phone_number, pseudonym, updated_at, id) 
    values
        (?, ?, ?, ?, ?, ?, ?, ?)
Hibernate: 
    insert 
    into
        users
        (created_at, email, kyc_status, password_hash, phone_number, pseudonym, updated_at, id) 
    values
        (?, ?, ?, ?, ?, ?, ?, ?)
Hibernate: 
    insert 
    into
        loan_offers
        (created_at, expected_ltv_percent, interest_rate, lender_id, loan_amount_inr, status, tenure_days, updated_at, id) 
    values
        (?, ?, ?, ?, ?, ?, ?, ?, ?)
Hibernate: 
    insert 
    into
        loans
        (agreement_finalized_at, agreement_hash, borrower_id, borrower_return_amount, borrower_signature, collateral_btc_amount, collateral_released_at, collateral_released_btc, collateral_value_inr, created_at, current_ltv_percent, disbursement_proof_url, disbursement_reference, emi_amount, emi_count, expected_ltv_percent, fiat_disbursed_at, fiat_received_confirmed_at, interest_outstanding, interest_rate, last_price_update, lender_id, lender_repayment_amount, lender_signature, liquidation_executed_at, liquidation_ltv_percent, liquidation_penalty_amount, liquidation_price_inr, margin_call_ltv_percent, offer_id, principal_amount, principal_outstanding, repayment_type, status, tenure_days, total_outstanding, total_repayment_amount, updated_at, version, id) 
    values
        (?, ?, ?, ?, ?, ?, ?, ?, ?, ?, ?, ?, ?, ?, ?, ?, ?, ?, ?, ?, ?, ?, ?, ?, ?, ?, ?, ?, ?, ?, ?, ?, ?, ?, ?, ?, ?, ?, ?, ?)

MockHttpServletRequest:
      HTTP Method = POST
      Request URI = /loans/cf1fa917-7e9b-4dda-9ef7-c322a8b32eb7/repayment
       Parameters = {}
          Headers = [Content-Type:"application/json;charset=UTF-8", Content-Length:"50"]
             Body = {"amountInr": 1000, "transactionReference": "ref"}
    Session Attrs = {}

Handler:
             Type = org.springframework.web.servlet.resource.ResourceHttpRequestHandler

Async:
    Async started = false
     Async result = null

Resolved Exception:
             Type = org.springframework.web.servlet.resource.NoResourceFoundException

ModelAndView:
        View name = null
             View = null
            Model = null

FlashMap:
       Attributes = null

MockHttpServletResponse:
           Status = 500
    Error message = null
          Headers = [Vary:"Origin", "Access-Control-Request-Method", "Access-Control-Request-Headers", Content-Type:"text/plain;charset=UTF-8", Content-Length:"72", X-Content-Type-Options:"nosniff", X-XSS-Protection:"0", Cache-Control:"no-cache, no-store, max-age=0, must-revalidate", Pragma:"no-cache", Expires:"0", X-Frame-Options:"DENY"]
     Content type = text/plain;charset=UTF-8
             Body = No static resource loans/cf1fa917-7e9b-4dda-9ef7-c322a8b32eb7/repayment.
    Forwarded URL = null
   Redirected URL = null
          Cookies = []
2026-03-20T03:08:12.015+05:30  INFO 49060 --- [LinkbitMVP] [           main] o.s.m.s.b.SimpleBrokerMessageHandler     : Stopping...
2026-03-20T03:08:12.015+05:30  INFO 49060 --- [LinkbitMVP] [           main] o.s.m.s.b.SimpleBrokerMessageHandler     : BrokerAvailabilityEvent[available=false, SimpleBrokerMessageHandler [org.springframework.messaging.simp.broker.DefaultSubscriptionRegistry@635396b8]]
2026-03-20T03:08:12.015+05:30  INFO 49060 --- [LinkbitMVP] [           main] o.s.m.s.b.SimpleBrokerMessageHandler     : Stopped.
2026-03-20T03:08:12.121+05:30  INFO 49060 --- [LinkbitMVP] [           main] j.LocalContainerEntityManagerFactoryBean : Closing JPA EntityManagerFactory for persistence unit 'default'
Hibernate: 
    drop table if exists bitcoin_transactions cascade 
Hibernate: 
    drop table if exists collateral_releases cascade 
Hibernate: 
    drop table if exists escrow_accounts cascade 
Hibernate: 
    drop table if exists loan_audit_log cascade 
Hibernate: 
    drop table if exists loan_emis cascade 
Hibernate: 
    drop table if exists loan_ledger cascade 
Hibernate: 
    drop table if exists loan_liquidations cascade 
Hibernate: 
    drop table if exists loan_ltv_history cascade 
Hibernate: 
    drop table if exists loan_margin_calls cascade 
Hibernate: 
    drop table if exists loan_offers cascade 
Hibernate: 
    drop table if exists loan_repayments cascade 
Hibernate: 
    drop table if exists loans cascade 
Hibernate: 
    drop table if exists negotiation_messages cascade 
Hibernate: 
    drop table if exists password_reset_token cascade 
Hibernate: 
    drop table if exists platform_fees cascade 
Hibernate: 
    drop table if exists user_kyc_details cascade 
Hibernate: 
    drop table if exists users cascade 
2026-03-20T03:08:12.126+05:30  INFO 49060 --- [LinkbitMVP] [           main] com.zaxxer.hikari.HikariDataSource       : HikariPool-7 - Shutdown initiated...
2026-03-20T03:08:12.127+05:30  INFO 49060 --- [LinkbitMVP] [           main] com.zaxxer.hikari.HikariDataSource       : HikariPool-7 - Shutdown completed.
2026-03-20T03:08:12.129+05:30  INFO 49060 --- [LinkbitMVP] [           main] o.s.b.d.r.RestartApplicationListener     : Restart disabled due to context in which it is running

  .   ____          _            __ _ _
 /\\ / ___'_ __ _ _(_)_ __  __ _ \ \ \ \
( ( )\___ | '_ | '_| | '_ \/ _` | \ \ \ \
 \\/  ___)| |_)| | | | | || (_| |  ) ) ) )
  '  |____| .__|_| |_|_| |_\__, | / / / /
 =========|_|==============|___/=/_/_/_/
 :: Spring Boot ::                (v3.2.3)

2026-03-20T03:08:12.143+05:30  INFO 49060 --- [LinkbitMVP] [           main] c.l.m.s.SecurityAuthorizationTest        : Starting SecurityAuthorizationTest using Java 21 with PID 49060 (started by Aksha in D:\LB\mvp)
2026-03-20T03:08:12.143+05:30  INFO 49060 --- [LinkbitMVP] [           main] c.l.m.s.SecurityAuthorizationTest        : The following 1 profile is active: "test"
2026-03-20T03:08:12.315+05:30  INFO 49060 --- [LinkbitMVP] [           main] .s.d.r.c.RepositoryConfigurationDelegate : Bootstrapping Spring Data JPA repositories in DEFAULT mode.
2026-03-20T03:08:12.330+05:30  INFO 49060 --- [LinkbitMVP] [           main] .s.d.r.c.RepositoryConfigurationDelegate : Finished Spring Data repository scanning in 17 ms. Found 17 JPA repository interfaces.
2026-03-20T03:08:12.404+05:30  INFO 49060 --- [LinkbitMVP] [           main] o.hibernate.jpa.internal.util.LogHelper  : HHH000204: Processing PersistenceUnitInfo [name: default]
2026-03-20T03:08:12.404+05:30  INFO 49060 --- [LinkbitMVP] [           main] o.h.c.internal.RegionFactoryInitiator    : HHH000026: Second-level cache disabled
2026-03-20T03:08:12.408+05:30  INFO 49060 --- [LinkbitMVP] [           main] o.s.o.j.p.SpringPersistenceUnitInfo      : No LoadTimeWeaver setup: ignoring JPA class transformer
2026-03-20T03:08:12.408+05:30  INFO 49060 --- [LinkbitMVP] [           main] com.zaxxer.hikari.HikariDataSource       : HikariPool-8 - Starting...
2026-03-20T03:08:12.408+05:30  INFO 49060 --- [LinkbitMVP] [           main] com.zaxxer.hikari.pool.HikariPool        : HikariPool-8 - Added connection conn70: url=jdbc:h2:mem:testdb user=SA
2026-03-20T03:08:12.412+05:30  INFO 49060 --- [LinkbitMVP] [           main] com.zaxxer.hikari.HikariDataSource       : HikariPool-8 - Start completed.
2026-03-20T03:08:12.412+05:30  WARN 49060 --- [LinkbitMVP] [           main] org.hibernate.orm.deprecation            : HHH90000025: H2Dialect does not need to be specified explicitly using 'hibernate.dialect' (remove the property setting and it will be selected by default)
2026-03-20T03:08:12.594+05:30  INFO 49060 --- [LinkbitMVP] [           main] o.h.e.t.j.p.i.JtaPlatformInitiator       : HHH000489: No JTA platform available (set 'hibernate.transaction.jta.platform' to enable JTA platform integration)
Hibernate: 
    drop table if exists bitcoin_transactions cascade 
Hibernate: 
    drop table if exists collateral_releases cascade 
Hibernate: 
    drop table if exists escrow_accounts cascade 
Hibernate: 
    drop table if exists loan_audit_log cascade 
Hibernate: 
    drop table if exists loan_emis cascade 
Hibernate: 
    drop table if exists loan_ledger cascade 
Hibernate: 
    drop table if exists loan_liquidations cascade 
Hibernate: 
    drop table if exists loan_ltv_history cascade 
Hibernate: 
    drop table if exists loan_margin_calls cascade 
Hibernate: 
    drop table if exists loan_offers cascade 
Hibernate: 
    drop table if exists loan_repayments cascade 
Hibernate: 
    drop table if exists loans cascade 
Hibernate: 
    drop table if exists negotiation_messages cascade 
Hibernate: 
    drop table if exists password_reset_token cascade 
Hibernate: 
    drop table if exists platform_fees cascade 
Hibernate: 
    drop table if exists user_kyc_details cascade 
Hibernate: 
    drop table if exists users cascade 
Hibernate: 
    create table bitcoin_transactions (
        confirmations integer not null,
        amount_sats bigint not null,
        created_at timestamp(6) not null,
        id uuid not null,
        loan_id uuid not null,
        status varchar(255),
        tx_hash varchar(255),
        type varchar(255) not null check (type in ('DEPOSIT','COLLATERAL_TOPUP')),
        primary key (id)
    )
Hibernate: 
    create table collateral_releases (
        released_btc numeric(38,2) not null,
        executed_at timestamp(6) not null,
        executed_by uuid,
        id uuid not null,
        loan_id uuid not null,
        primary key (id)
    )
Hibernate: 
    create table escrow_accounts (
        created_at timestamp(6) not null,
        current_balance_sats bigint not null,
        loan_id uuid not null,
        escrow_address varchar(255) not null,
        primary key (loan_id)
    )
Hibernate: 
    create table loan_audit_log (
        timestamp timestamp(6),
        id uuid not null,
        loan_id uuid not null,
        action varchar(255) not null check (action in ('FINALIZE_CONTRACT','SIGN_CONTRACT','CANCEL_NEGOTIATION','PAY_FEE','DEPOSIT_COLLATERAL','DISBURSE_FIAT','MARK_DISPUTE','RESOLVE_DISPUTE','LTV_DROP_MARGIN_CALL','LTV_DROP_LIQUIDATION','LTV_RECOVERED','EXECUTE_LIQUIDATION','REPAY_LOAN','RELEASE_COLLATERAL','ADMIN_OVERRIDE')),
        actor varchar(255) not null check (actor in ('BORROWER','LENDER','ADMIN','SYSTEM')),
        new_state varchar(255) not null check (new_state in ('NEGOTIATING','AWAITING_SIGNATURES','AWAITING_FEE','AWAITING_COLLATERAL','COLLATERAL_LOCKED','AGREED','ACTIVE','DEFAULTED','CLOSED','CANCELLED','DISPUTE_OPEN','LIQUIDATED','REPAID','MARGIN_CALL','LIQUIDATION_ELIGIBLE')),
        previous_state varchar(255) check (previous_state in ('NEGOTIATING','AWAITING_SIGNATURES','AWAITING_FEE','AWAITING_COLLATERAL','COLLATERAL_LOCKED','AGREED','ACTIVE','DEFAULTED','CLOSED','CANCELLED','DISPUTE_OPEN','LIQUIDATED','REPAID','MARGIN_CALL','LIQUIDATION_ELIGIBLE')),
        primary key (id)
    )
Hibernate: 
    create table loan_emis (
        amount_paid numeric(38,2) not null,
        due_date date not null,
        emi_amount numeric(38,2) not null,
        emi_number integer not null,
        created_at timestamp(6) not null,
        id uuid not null,
        loan_id uuid not null,
        status varchar(255) not null check (status in ('PENDING','PARTIAL','PAID','OVERDUE')),
        primary key (id)
    )
Hibernate: 
    create table loan_ledger (
        amount_inr numeric(38,2) not null,
        created_at timestamp(6) not null,
        id uuid not null,
        loan_id uuid not null,
        entry_type varchar(255) not null check (entry_type in ('FIAT_DISBURSEMENT','BORROWER_REPAYMENT','INTEREST_ACCRUAL','COLLATERAL_RELEASE','COLLATERAL_TOPUP','LIQUIDATION_EXECUTED','LENDER_REPAID','LIQUIDATION_PENALTY','BORROWER_COLLATERAL_RETURN','COLLATERAL_RELEASED','ESCROW_CLOSED')),
        notes TEXT,
        primary key (id)
    )
Hibernate: 
    create table loan_liquidations (
        borrower_returned numeric(38,2) not null,
        btc_price_inr numeric(38,2) not null,
        collateral_value_inr numeric(38,2) not null,
        lender_repaid numeric(38,2) not null,
        liquidation_penalty numeric(38,2) not null,
        executed_at timestamp(6) not null,
        id uuid not null,
        loan_id uuid not null,
        primary key (id)
    )
Hibernate: 
    create table loan_ltv_history (
        btc_price_inr numeric(38,2) not null,
        collateral_value_inr numeric(38,2) not null,
        ltv_percent numeric(38,2) not null,
        recorded_at timestamp(6) not null,
        id uuid not null,
        loan_id uuid not null,
        primary key (id)
    )
Hibernate: 
    create table loan_margin_calls (
        resolved_at timestamp(6),
        triggered_at timestamp(6) not null,
        id uuid not null,
        loan_id uuid not null,
        status varchar(255) not null check (status in ('OPEN','RESOLVED','ESCALATED')),
        primary key (id)
    )
Hibernate: 
    create table loan_offers (
        expected_ltv_percent integer not null,
        interest_rate numeric(38,2) not null,
        loan_amount_inr numeric(38,2) not null,
        tenure_days integer not null,
        created_at timestamp(6),
        updated_at timestamp(6),
        id uuid not null,
        lender_id uuid not null,
        status varchar(255) not null check (status in ('OPEN','PAUSED','CLOSED')),
        primary key (id)
    )
Hibernate: 
    create table loan_repayments (
        amount_inr numeric(38,2) not null,
        created_at timestamp(6) not null,
        id uuid not null,
        loan_id uuid not null,
        proof_url varchar(255) not null,
        status varchar(255) not null check (status in ('PENDING','VERIFIED','REJECTED')),
        transaction_reference varchar(255) not null,
        primary key (id)
    )
Hibernate: 
    create table loans (
        borrower_return_amount numeric(38,2),
        collateral_btc_amount numeric(38,2),
        collateral_released_btc numeric(38,2),
        collateral_value_inr numeric(38,2),
        current_ltv_percent numeric(38,2),
        emi_amount numeric(38,2),
        emi_count integer,
        expected_ltv_percent integer,
        interest_outstanding numeric(38,2),
        interest_rate numeric(38,2) not null,
        lender_repayment_amount numeric(38,2),
        liquidation_ltv_percent integer,
        liquidation_penalty_amount numeric(38,2),
        liquidation_price_inr numeric(38,2),
        margin_call_ltv_percent integer,
        principal_amount numeric(38,2) not null,
        principal_outstanding numeric(38,2),
        tenure_days integer not null,
        total_outstanding numeric(38,2),
        total_repayment_amount numeric(38,2),
        agreement_finalized_at timestamp(6),
        collateral_released_at timestamp(6),
        created_at timestamp(6),
        fiat_disbursed_at timestamp(6),
        fiat_received_confirmed_at timestamp(6),
        last_price_update timestamp(6),
        liquidation_executed_at timestamp(6),
        updated_at timestamp(6),
        version bigint,
        borrower_id uuid not null,
        id uuid not null,
        lender_id uuid not null,
        offer_id uuid not null,
        agreement_hash varchar(255),
        borrower_signature TEXT,
        disbursement_proof_url varchar(255),
        disbursement_reference varchar(255),
        lender_signature TEXT,
        repayment_type varchar(255) check (repayment_type in ('EMI','BULLET')),
        status varchar(255) not null check (status in ('NEGOTIATING','AWAITING_SIGNATURES','AWAITING_FEE','AWAITING_COLLATERAL','COLLATERAL_LOCKED','AGREED','ACTIVE','DEFAULTED','CLOSED','CANCELLED','DISPUTE_OPEN','LIQUIDATED','REPAID','MARGIN_CALL','LIQUIDATION_ELIGIBLE')),
        primary key (id)
    )
Hibernate: 
    create table negotiation_messages (
        is_system_message boolean not null,
        id bigint generated by default as identity,
        sent_at timestamp(6),
        loan_id uuid not null,
        sender_id uuid,
        message_text TEXT not null,
        primary key (id)
    )
Hibernate: 
    create table password_reset_token (
        expiry_date timestamp(6) not null,
        id uuid not null,
        user_id uuid not null,
        token varchar(255) not null,
        primary key (id)
    )
Hibernate: 
    create table platform_fees (
        amount_inr numeric(19,2) not null,
        created_at timestamp(6) not null,
        id uuid not null,
        loan_id uuid not null,
        payment_gateway_ref varchar(255),
        status varchar(255) not null check (status in ('PENDING','SUCCESS','FAILED','REFUNDED')),
        primary key (id)
    )
Hibernate: 
    create table user_kyc_details (
        created_at timestamp(6),
        user_id uuid not null,
        bank_account_number varchar(255),
        full_legal_name varchar(255),
        ifsc varchar(255),
        national_id_hash varchar(255),
        upi_id varchar(255),
        primary key (user_id)
    )
Hibernate: 
    create table users (
        created_at timestamp(6),
        updated_at timestamp(6),
        id uuid not null,
        email varchar(255) not null unique,
        kyc_status varchar(255) not null check (kyc_status in ('PENDING','VERIFIED','REJECTED')),
        password_hash varchar(255) not null,
        phone_number varchar(255),
        pseudonym varchar(255),
        primary key (id)
    )
Hibernate: 
    alter table if exists bitcoin_transactions 
       add constraint FKca6ucwxb2tm820i2je6ru7rei 
       foreign key (loan_id) 
       references loans 
       on delete cascade
Hibernate: 
    alter table if exists collateral_releases 
       add constraint FKdr021l3sa1yi4g3axxsm3ovds 
       foreign key (loan_id) 
       references loans 
       on delete cascade
Hibernate: 
    alter table if exists loan_emis 
       add constraint FKh462fjxneqe778bqr2f4dbj96 
       foreign key (loan_id) 
       references loans 
       on delete cascade
Hibernate: 
    alter table if exists loan_ledger 
       add constraint FKbhbin7df7db1oi65mf1mf8m1r 
       foreign key (loan_id) 
       references loans 
       on delete cascade
Hibernate: 
    alter table if exists loan_liquidations 
       add constraint FKgbo5cdjyqht5b4ga7omvi78j4 
       foreign key (loan_id) 
       references loans 
       on delete cascade
Hibernate: 
    alter table if exists loan_ltv_history 
       add constraint FK709pdjducvwqynaukdq6liy72 
       foreign key (loan_id) 
       references loans 
       on delete cascade
Hibernate: 
    alter table if exists loan_margin_calls 
       add constraint FKt50cjs2v9pevwbupkjd3gk0xp 
       foreign key (loan_id) 
       references loans 
       on delete cascade
Hibernate: 
    alter table if exists loan_offers 
       add constraint FKotlnboct209ag5oe1f6jjdkcg 
       foreign key (lender_id) 
       references users
Hibernate: 
    alter table if exists loan_repayments 
       add constraint FKmvfjvk48bhsvwbdis0s9uwn1t 
       foreign key (loan_id) 
       references loans 
       on delete cascade
Hibernate: 
    alter table if exists loans 
       add constraint FK2r7bo1dhntarh4c125saxyva4 
       foreign key (borrower_id) 
       references users
Hibernate: 
    alter table if exists loans 
       add constraint FKmncmom5b7vctpc4tmi5gj2qn8 
       foreign key (lender_id) 
       references users
Hibernate: 
    alter table if exists loans 
       add constraint FK1rrd03inw38lttlgt4d2vro1i 
       foreign key (offer_id) 
       references loan_offers
Hibernate: 
    alter table if exists negotiation_messages 
       add constraint FKkxstmoa7f57xwrykx3lainbsu 
       foreign key (loan_id) 
       references loans 
       on delete cascade
Hibernate: 
    alter table if exists negotiation_messages 
       add constraint FKci8x3mbo26vy68ooxvryig0xa 
       foreign key (sender_id) 
       references users
Hibernate: 
    alter table if exists password_reset_token 
       add constraint FK83nsrttkwkb6ym0anu051mtxn 
       foreign key (user_id) 
       references users
Hibernate: 
    alter table if exists platform_fees 
       add constraint FK9uv5l1k1la1wdtq3p0focdimy 
       foreign key (loan_id) 
       references loans 
       on delete cascade
Hibernate: 
    alter table if exists user_kyc_details 
       add constraint FKkyg0ht716i8c79ovettpt9ljy 
       foreign key (user_id) 
       references users
2026-03-20T03:08:12.615+05:30  INFO 49060 --- [LinkbitMVP] [           main] j.LocalContainerEntityManagerFactoryBean : Initialized JPA EntityManagerFactory for persistence unit 'default'
2026-03-20T03:08:12.869+05:30  WARN 49060 --- [LinkbitMVP] [           main] JpaBaseConfiguration$JpaWebConfiguration : spring.jpa.open-in-view is enabled by default. Therefore, database queries may be performed during view rendering. Explicitly configure spring.jpa.open-in-view to disable this warning
2026-03-20T03:08:12.908+05:30  INFO 49060 --- [LinkbitMVP] [           main] o.s.s.web.DefaultSecurityFilterChain     : Will secure any request with [org.springframework.security.web.session.DisableEncodeUrlFilter@3c20ba2b, org.springframework.security.web.context.request.async.WebAsyncManagerIntegrationFilter@2e7bf072, org.springframework.security.web.context.SecurityContextHolderFilter@1562ea4d, org.springframework.security.web.header.HeaderWriterFilter@dfbc62, org.springframework.web.filter.CorsFilter@694d4f27, org.springframework.security.web.authentication.logout.LogoutFilter@48ab4c59, com.linkbit.mvp.config.JwtAuthenticationFilter@6173431a, org.springframework.security.web.savedrequest.RequestCacheAwareFilter@1fa9c71a, org.springframework.security.web.servletapi.SecurityContextHolderAwareRequestFilter@62684421, org.springframework.security.web.authentication.AnonymousAuthenticationFilter@46482542, org.springframework.security.web.session.SessionManagementFilter@702b0e5f, org.springframework.security.web.access.ExceptionTranslationFilter@2475c695, org.springframework.security.web.access.intercept.AuthorizationFilter@3982d511]
2026-03-20T03:08:12.996+05:30  INFO 49060 --- [LinkbitMVP] [           main] o.s.b.a.h2.H2ConsoleAutoConfiguration    : H2 console available at '/h2-console'. Database available at 'jdbc:h2:mem:testdb'
2026-03-20T03:08:13.015+05:30  INFO 49060 --- [LinkbitMVP] [           main] o.s.b.t.m.w.SpringBootMockServletContext : Initializing Spring TestDispatcherServlet ''
2026-03-20T03:08:13.015+05:30  INFO 49060 --- [LinkbitMVP] [           main] o.s.t.web.servlet.TestDispatcherServlet  : Initializing Servlet ''
2026-03-20T03:08:13.018+05:30  INFO 49060 --- [LinkbitMVP] [           main] o.s.t.web.servlet.TestDispatcherServlet  : Completed initialization in 3 ms
2026-03-20T03:08:13.029+05:30  INFO 49060 --- [LinkbitMVP] [           main] o.s.m.s.b.SimpleBrokerMessageHandler     : Starting...
2026-03-20T03:08:13.029+05:30  INFO 49060 --- [LinkbitMVP] [           main] o.s.m.s.b.SimpleBrokerMessageHandler     : BrokerAvailabilityEvent[available=true, SimpleBrokerMessageHandler [org.springframework.messaging.simp.broker.DefaultSubscriptionRegistry@73b7165f]]
2026-03-20T03:08:13.029+05:30  INFO 49060 --- [LinkbitMVP] [           main] o.s.m.s.b.SimpleBrokerMessageHandler     : Started.
2026-03-20T03:08:13.035+05:30  INFO 49060 --- [LinkbitMVP] [           main] c.l.m.s.SecurityAuthorizationTest        : Started SecurityAuthorizationTest in 0.906 seconds (process running for 20.283)
Hibernate: 
    select
        l1_0.id,
        l1_0.agreement_finalized_at,
        l1_0.agreement_hash,
        l1_0.borrower_id,
        l1_0.borrower_return_amount,
        l1_0.borrower_signature,
        l1_0.collateral_btc_amount,
        l1_0.collateral_released_at,
        l1_0.collateral_released_btc,
        l1_0.collateral_value_inr,
        l1_0.created_at,
        l1_0.current_ltv_percent,
        l1_0.disbursement_proof_url,
        l1_0.disbursement_reference,
        l1_0.emi_amount,
        l1_0.emi_count,
        l1_0.expected_ltv_percent,
        l1_0.fiat_disbursed_at,
        l1_0.fiat_received_confirmed_at,
        l1_0.interest_outstanding,
        l1_0.interest_rate,
        l1_0.last_price_update,
        l1_0.lender_id,
        l1_0.lender_repayment_amount,
        l1_0.lender_signature,
        l1_0.liquidation_executed_at,
        l1_0.liquidation_ltv_percent,
        l1_0.liquidation_penalty_amount,
        l1_0.liquidation_price_inr,
        l1_0.margin_call_ltv_percent,
        l1_0.offer_id,
        l1_0.principal_amount,
        l1_0.principal_outstanding,
        l1_0.repayment_type,
        l1_0.status,
        l1_0.tenure_days,
        l1_0.total_outstanding,
        l1_0.total_repayment_amount,
        l1_0.updated_at,
        l1_0.version 
    from
        loans l1_0 
    where
        l1_0.status in (?, ?, ?)
Hibernate: 
    select
        l1_0.id,
        l1_0.agreement_finalized_at,
        l1_0.agreement_hash,
        l1_0.borrower_id,
        l1_0.borrower_return_amount,
        l1_0.borrower_signature,
        l1_0.collateral_btc_amount,
        l1_0.collateral_released_at,
        l1_0.collateral_released_btc,
        l1_0.collateral_value_inr,
        l1_0.created_at,
        l1_0.current_ltv_percent,
        l1_0.disbursement_proof_url,
        l1_0.disbursement_reference,
        l1_0.emi_amount,
        l1_0.emi_count,
        l1_0.expected_ltv_percent,
        l1_0.fiat_disbursed_at,
        l1_0.fiat_received_confirmed_at,
        l1_0.interest_outstanding,
        l1_0.interest_rate,
        l1_0.last_price_update,
        l1_0.lender_id,
        l1_0.lender_repayment_amount,
        l1_0.lender_signature,
        l1_0.liquidation_executed_at,
        l1_0.liquidation_ltv_percent,
        l1_0.liquidation_penalty_amount,
        l1_0.liquidation_price_inr,
        l1_0.margin_call_ltv_percent,
        l1_0.offer_id,
        l1_0.principal_amount,
        l1_0.principal_outstanding,
        l1_0.repayment_type,
        l1_0.status,
        l1_0.tenure_days,
        l1_0.total_outstanding,
        l1_0.total_repayment_amount,
        l1_0.updated_at,
        l1_0.version 
    from
        loans l1_0
Hibernate: 
    select
        lo1_0.id,
        lo1_0.created_at,
        lo1_0.expected_ltv_percent,
        lo1_0.interest_rate,
        lo1_0.lender_id,
        lo1_0.loan_amount_inr,
        lo1_0.status,
        lo1_0.tenure_days,
        lo1_0.updated_at 
    from
        loan_offers lo1_0
Hibernate: 
    select
        u1_0.id,
        u1_0.created_at,
        u1_0.email,
        u1_0.kyc_status,
        u1_0.password_hash,
        u1_0.phone_number,
        u1_0.pseudonym,
        u1_0.updated_at 
    from
        users u1_0
Hibernate: 
    insert 
    into
        users
        (created_at, email, kyc_status, password_hash, phone_number, pseudonym, updated_at, id) 
    values
        (?, ?, ?, ?, ?, ?, ?, ?)
Hibernate: 
    insert 
    into
        users
        (created_at, email, kyc_status, password_hash, phone_number, pseudonym, updated_at, id) 
    values
        (?, ?, ?, ?, ?, ?, ?, ?)
Hibernate: 
    insert 
    into
        users
        (created_at, email, kyc_status, password_hash, phone_number, pseudonym, updated_at, id) 
    values
        (?, ?, ?, ?, ?, ?, ?, ?)
Hibernate: 
    insert 
    into
        loan_offers
        (created_at, expected_ltv_percent, interest_rate, lender_id, loan_amount_inr, status, tenure_days, updated_at, id) 
    values
        (?, ?, ?, ?, ?, ?, ?, ?, ?)
Hibernate: 
    insert 
    into
        loans
        (agreement_finalized_at, agreement_hash, borrower_id, borrower_return_amount, borrower_signature, collateral_btc_amount, collateral_released_at, collateral_released_btc, collateral_value_inr, created_at, current_ltv_percent, disbursement_proof_url, disbursement_reference, emi_amount, emi_count, expected_ltv_percent, fiat_disbursed_at, fiat_received_confirmed_at, interest_outstanding, interest_rate, last_price_update, lender_id, lender_repayment_amount, lender_signature, liquidation_executed_at, liquidation_ltv_percent, liquidation_penalty_amount, liquidation_price_inr, margin_call_ltv_percent, offer_id, principal_amount, principal_outstanding, repayment_type, status, tenure_days, total_outstanding, total_repayment_amount, updated_at, version, id) 
    values
        (?, ?, ?, ?, ?, ?, ?, ?, ?, ?, ?, ?, ?, ?, ?, ?, ?, ?, ?, ?, ?, ?, ?, ?, ?, ?, ?, ?, ?, ?, ?, ?, ?, ?, ?, ?, ?, ?, ?, ?)

MockHttpServletRequest:
      HTTP Method = GET
      Request URI = /admin/overview
       Parameters = {}
          Headers = []
             Body = null
    Session Attrs = {}

Handler:
             Type = null

Async:
    Async started = false
     Async result = null

Resolved Exception:
             Type = null

ModelAndView:
        View name = null
             View = null
            Model = null

FlashMap:
       Attributes = null

MockHttpServletResponse:
           Status = 403
    Error message = Forbidden
          Headers = [Vary:"Origin", "Access-Control-Request-Method", "Access-Control-Request-Headers", X-Content-Type-Options:"nosniff", X-XSS-Protection:"0", Cache-Control:"no-cache, no-store, max-age=0, must-revalidate", Pragma:"no-cache", Expires:"0", X-Frame-Options:"DENY"]
     Content type = null
             Body = 
    Forwarded URL = null
   Redirected URL = null
          Cookies = []
2026-03-20T03:08:13.073+05:30  INFO 49060 --- [LinkbitMVP] [           main] o.s.m.s.b.SimpleBrokerMessageHandler     : Stopping...
2026-03-20T03:08:13.073+05:30  INFO 49060 --- [LinkbitMVP] [           main] o.s.m.s.b.SimpleBrokerMessageHandler     : BrokerAvailabilityEvent[available=false, SimpleBrokerMessageHandler [org.springframework.messaging.simp.broker.DefaultSubscriptionRegistry@73b7165f]]
2026-03-20T03:08:13.073+05:30  INFO 49060 --- [LinkbitMVP] [           main] o.s.m.s.b.SimpleBrokerMessageHandler     : Stopped.
2026-03-20T03:08:13.176+05:30  INFO 49060 --- [LinkbitMVP] [           main] j.LocalContainerEntityManagerFactoryBean : Closing JPA EntityManagerFactory for persistence unit 'default'
Hibernate: 
    drop table if exists bitcoin_transactions cascade 
Hibernate: 
    drop table if exists collateral_releases cascade 
Hibernate: 
    drop table if exists escrow_accounts cascade 
Hibernate: 
    drop table if exists loan_audit_log cascade 
Hibernate: 
    drop table if exists loan_emis cascade 
Hibernate: 
    drop table if exists loan_ledger cascade 
Hibernate: 
    drop table if exists loan_liquidations cascade 
Hibernate: 
    drop table if exists loan_ltv_history cascade 
Hibernate: 
    drop table if exists loan_margin_calls cascade 
Hibernate: 
    drop table if exists loan_offers cascade 
Hibernate: 
    drop table if exists loan_repayments cascade 
Hibernate: 
    drop table if exists loans cascade 
Hibernate: 
    drop table if exists negotiation_messages cascade 
Hibernate: 
    drop table if exists password_reset_token cascade 
Hibernate: 
    drop table if exists platform_fees cascade 
Hibernate: 
    drop table if exists user_kyc_details cascade 
Hibernate: 
    drop table if exists users cascade 
2026-03-20T03:08:13.181+05:30  INFO 49060 --- [LinkbitMVP] [           main] com.zaxxer.hikari.HikariDataSource       : HikariPool-8 - Shutdown initiated...
2026-03-20T03:08:13.181+05:30  INFO 49060 --- [LinkbitMVP] [           main] com.zaxxer.hikari.HikariDataSource       : HikariPool-8 - Shutdown completed.
2026-03-20T03:08:13.181+05:30  INFO 49060 --- [LinkbitMVP] [           main] o.s.b.d.r.RestartApplicationListener     : Restart disabled due to context in which it is running

  .   ____          _            __ _ _
 /\\ / ___'_ __ _ _(_)_ __  __ _ \ \ \ \
( ( )\___ | '_ | '_| | '_ \/ _` | \ \ \ \
 \\/  ___)| |_)| | | | | || (_| |  ) ) ) )
  '  |____| .__|_| |_|_| |_\__, | / / / /
 =========|_|==============|___/=/_/_/_/
 :: Spring Boot ::                (v3.2.3)

2026-03-20T03:08:13.196+05:30  INFO 49060 --- [LinkbitMVP] [           main] c.l.m.s.SecurityAuthorizationTest        : Starting SecurityAuthorizationTest using Java 21 with PID 49060 (started by Aksha in D:\LB\mvp)
2026-03-20T03:08:13.196+05:30  INFO 49060 --- [LinkbitMVP] [           main] c.l.m.s.SecurityAuthorizationTest        : The following 1 profile is active: "test"
2026-03-20T03:08:13.355+05:30  INFO 49060 --- [LinkbitMVP] [           main] .s.d.r.c.RepositoryConfigurationDelegate : Bootstrapping Spring Data JPA repositories in DEFAULT mode.
2026-03-20T03:08:13.369+05:30  INFO 49060 --- [LinkbitMVP] [           main] .s.d.r.c.RepositoryConfigurationDelegate : Finished Spring Data repository scanning in 15 ms. Found 17 JPA repository interfaces.
2026-03-20T03:08:13.426+05:30  INFO 49060 --- [LinkbitMVP] [           main] o.hibernate.jpa.internal.util.LogHelper  : HHH000204: Processing PersistenceUnitInfo [name: default]
2026-03-20T03:08:13.426+05:30  INFO 49060 --- [LinkbitMVP] [           main] o.h.c.internal.RegionFactoryInitiator    : HHH000026: Second-level cache disabled
2026-03-20T03:08:13.432+05:30  INFO 49060 --- [LinkbitMVP] [           main] o.s.o.j.p.SpringPersistenceUnitInfo      : No LoadTimeWeaver setup: ignoring JPA class transformer
2026-03-20T03:08:13.432+05:30  INFO 49060 --- [LinkbitMVP] [           main] com.zaxxer.hikari.HikariDataSource       : HikariPool-9 - Starting...
2026-03-20T03:08:13.432+05:30  INFO 49060 --- [LinkbitMVP] [           main] com.zaxxer.hikari.pool.HikariPool        : HikariPool-9 - Added connection conn80: url=jdbc:h2:mem:testdb user=SA
2026-03-20T03:08:13.432+05:30  INFO 49060 --- [LinkbitMVP] [           main] com.zaxxer.hikari.HikariDataSource       : HikariPool-9 - Start completed.
2026-03-20T03:08:13.432+05:30  WARN 49060 --- [LinkbitMVP] [           main] org.hibernate.orm.deprecation            : HHH90000025: H2Dialect does not need to be specified explicitly using 'hibernate.dialect' (remove the property setting and it will be selected by default)
2026-03-20T03:08:13.589+05:30  INFO 49060 --- [LinkbitMVP] [           main] o.h.e.t.j.p.i.JtaPlatformInitiator       : HHH000489: No JTA platform available (set 'hibernate.transaction.jta.platform' to enable JTA platform integration)
Hibernate: 
    drop table if exists bitcoin_transactions cascade 
Hibernate: 
    drop table if exists collateral_releases cascade 
Hibernate: 
    drop table if exists escrow_accounts cascade 
Hibernate: 
    drop table if exists loan_audit_log cascade 
Hibernate: 
    drop table if exists loan_emis cascade 
Hibernate: 
    drop table if exists loan_ledger cascade 
Hibernate: 
    drop table if exists loan_liquidations cascade 
Hibernate: 
    drop table if exists loan_ltv_history cascade 
Hibernate: 
    drop table if exists loan_margin_calls cascade 
Hibernate: 
    drop table if exists loan_offers cascade 
Hibernate: 
    drop table if exists loan_repayments cascade 
Hibernate: 
    drop table if exists loans cascade 
Hibernate: 
    drop table if exists negotiation_messages cascade 
Hibernate: 
    drop table if exists password_reset_token cascade 
Hibernate: 
    drop table if exists platform_fees cascade 
Hibernate: 
    drop table if exists user_kyc_details cascade 
Hibernate: 
    drop table if exists users cascade 
Hibernate: 
    create table bitcoin_transactions (
        confirmations integer not null,
        amount_sats bigint not null,
        created_at timestamp(6) not null,
        id uuid not null,
        loan_id uuid not null,
        status varchar(255),
        tx_hash varchar(255),
        type varchar(255) not null check (type in ('DEPOSIT','COLLATERAL_TOPUP')),
        primary key (id)
    )
Hibernate: 
    create table collateral_releases (
        released_btc numeric(38,2) not null,
        executed_at timestamp(6) not null,
        executed_by uuid,
        id uuid not null,
        loan_id uuid not null,
        primary key (id)
    )
Hibernate: 
    create table escrow_accounts (
        created_at timestamp(6) not null,
        current_balance_sats bigint not null,
        loan_id uuid not null,
        escrow_address varchar(255) not null,
        primary key (loan_id)
    )
Hibernate: 
    create table loan_audit_log (
        timestamp timestamp(6),
        id uuid not null,
        loan_id uuid not null,
        action varchar(255) not null check (action in ('FINALIZE_CONTRACT','SIGN_CONTRACT','CANCEL_NEGOTIATION','PAY_FEE','DEPOSIT_COLLATERAL','DISBURSE_FIAT','MARK_DISPUTE','RESOLVE_DISPUTE','LTV_DROP_MARGIN_CALL','LTV_DROP_LIQUIDATION','LTV_RECOVERED','EXECUTE_LIQUIDATION','REPAY_LOAN','RELEASE_COLLATERAL','ADMIN_OVERRIDE')),
        actor varchar(255) not null check (actor in ('BORROWER','LENDER','ADMIN','SYSTEM')),
        new_state varchar(255) not null check (new_state in ('NEGOTIATING','AWAITING_SIGNATURES','AWAITING_FEE','AWAITING_COLLATERAL','COLLATERAL_LOCKED','AGREED','ACTIVE','DEFAULTED','CLOSED','CANCELLED','DISPUTE_OPEN','LIQUIDATED','REPAID','MARGIN_CALL','LIQUIDATION_ELIGIBLE')),
        previous_state varchar(255) check (previous_state in ('NEGOTIATING','AWAITING_SIGNATURES','AWAITING_FEE','AWAITING_COLLATERAL','COLLATERAL_LOCKED','AGREED','ACTIVE','DEFAULTED','CLOSED','CANCELLED','DISPUTE_OPEN','LIQUIDATED','REPAID','MARGIN_CALL','LIQUIDATION_ELIGIBLE')),
        primary key (id)
    )
Hibernate: 
    create table loan_emis (
        amount_paid numeric(38,2) not null,
        due_date date not null,
        emi_amount numeric(38,2) not null,
        emi_number integer not null,
        created_at timestamp(6) not null,
        id uuid not null,
        loan_id uuid not null,
        status varchar(255) not null check (status in ('PENDING','PARTIAL','PAID','OVERDUE')),
        primary key (id)
    )
Hibernate: 
    create table loan_ledger (
        amount_inr numeric(38,2) not null,
        created_at timestamp(6) not null,
        id uuid not null,
        loan_id uuid not null,
        entry_type varchar(255) not null check (entry_type in ('FIAT_DISBURSEMENT','BORROWER_REPAYMENT','INTEREST_ACCRUAL','COLLATERAL_RELEASE','COLLATERAL_TOPUP','LIQUIDATION_EXECUTED','LENDER_REPAID','LIQUIDATION_PENALTY','BORROWER_COLLATERAL_RETURN','COLLATERAL_RELEASED','ESCROW_CLOSED')),
        notes TEXT,
        primary key (id)
    )
Hibernate: 
    create table loan_liquidations (
        borrower_returned numeric(38,2) not null,
        btc_price_inr numeric(38,2) not null,
        collateral_value_inr numeric(38,2) not null,
        lender_repaid numeric(38,2) not null,
        liquidation_penalty numeric(38,2) not null,
        executed_at timestamp(6) not null,
        id uuid not null,
        loan_id uuid not null,
        primary key (id)
    )
Hibernate: 
    create table loan_ltv_history (
        btc_price_inr numeric(38,2) not null,
        collateral_value_inr numeric(38,2) not null,
        ltv_percent numeric(38,2) not null,
        recorded_at timestamp(6) not null,
        id uuid not null,
        loan_id uuid not null,
        primary key (id)
    )
Hibernate: 
    create table loan_margin_calls (
        resolved_at timestamp(6),
        triggered_at timestamp(6) not null,
        id uuid not null,
        loan_id uuid not null,
        status varchar(255) not null check (status in ('OPEN','RESOLVED','ESCALATED')),
        primary key (id)
    )
Hibernate: 
    create table loan_offers (
        expected_ltv_percent integer not null,
        interest_rate numeric(38,2) not null,
        loan_amount_inr numeric(38,2) not null,
        tenure_days integer not null,
        created_at timestamp(6),
        updated_at timestamp(6),
        id uuid not null,
        lender_id uuid not null,
        status varchar(255) not null check (status in ('OPEN','PAUSED','CLOSED')),
        primary key (id)
    )
Hibernate: 
    create table loan_repayments (
        amount_inr numeric(38,2) not null,
        created_at timestamp(6) not null,
        id uuid not null,
        loan_id uuid not null,
        proof_url varchar(255) not null,
        status varchar(255) not null check (status in ('PENDING','VERIFIED','REJECTED')),
        transaction_reference varchar(255) not null,
        primary key (id)
    )
Hibernate: 
    create table loans (
        borrower_return_amount numeric(38,2),
        collateral_btc_amount numeric(38,2),
        collateral_released_btc numeric(38,2),
        collateral_value_inr numeric(38,2),
        current_ltv_percent numeric(38,2),
        emi_amount numeric(38,2),
        emi_count integer,
        expected_ltv_percent integer,
        interest_outstanding numeric(38,2),
        interest_rate numeric(38,2) not null,
        lender_repayment_amount numeric(38,2),
        liquidation_ltv_percent integer,
        liquidation_penalty_amount numeric(38,2),
        liquidation_price_inr numeric(38,2),
        margin_call_ltv_percent integer,
        principal_amount numeric(38,2) not null,
        principal_outstanding numeric(38,2),
        tenure_days integer not null,
        total_outstanding numeric(38,2),
        total_repayment_amount numeric(38,2),
        agreement_finalized_at timestamp(6),
        collateral_released_at timestamp(6),
        created_at timestamp(6),
        fiat_disbursed_at timestamp(6),
        fiat_received_confirmed_at timestamp(6),
        last_price_update timestamp(6),
        liquidation_executed_at timestamp(6),
        updated_at timestamp(6),
        version bigint,
        borrower_id uuid not null,
        id uuid not null,
        lender_id uuid not null,
        offer_id uuid not null,
        agreement_hash varchar(255),
        borrower_signature TEXT,
        disbursement_proof_url varchar(255),
        disbursement_reference varchar(255),
        lender_signature TEXT,
        repayment_type varchar(255) check (repayment_type in ('EMI','BULLET')),
        status varchar(255) not null check (status in ('NEGOTIATING','AWAITING_SIGNATURES','AWAITING_FEE','AWAITING_COLLATERAL','COLLATERAL_LOCKED','AGREED','ACTIVE','DEFAULTED','CLOSED','CANCELLED','DISPUTE_OPEN','LIQUIDATED','REPAID','MARGIN_CALL','LIQUIDATION_ELIGIBLE')),
        primary key (id)
    )
Hibernate: 
    create table negotiation_messages (
        is_system_message boolean not null,
        id bigint generated by default as identity,
        sent_at timestamp(6),
        loan_id uuid not null,
        sender_id uuid,
        message_text TEXT not null,
        primary key (id)
    )
Hibernate: 
    create table password_reset_token (
        expiry_date timestamp(6) not null,
        id uuid not null,
        user_id uuid not null,
        token varchar(255) not null,
        primary key (id)
    )
Hibernate: 
    create table platform_fees (
        amount_inr numeric(19,2) not null,
        created_at timestamp(6) not null,
        id uuid not null,
        loan_id uuid not null,
        payment_gateway_ref varchar(255),
        status varchar(255) not null check (status in ('PENDING','SUCCESS','FAILED','REFUNDED')),
        primary key (id)
    )
Hibernate: 
    create table user_kyc_details (
        created_at timestamp(6),
        user_id uuid not null,
        bank_account_number varchar(255),
        full_legal_name varchar(255),
        ifsc varchar(255),
        national_id_hash varchar(255),
        upi_id varchar(255),
        primary key (user_id)
    )
Hibernate: 
    create table users (
        created_at timestamp(6),
        updated_at timestamp(6),
        id uuid not null,
        email varchar(255) not null unique,
        kyc_status varchar(255) not null check (kyc_status in ('PENDING','VERIFIED','REJECTED')),
        password_hash varchar(255) not null,
        phone_number varchar(255),
        pseudonym varchar(255),
        primary key (id)
    )
Hibernate: 
    alter table if exists bitcoin_transactions 
       add constraint FKca6ucwxb2tm820i2je6ru7rei 
       foreign key (loan_id) 
       references loans 
       on delete cascade
Hibernate: 
    alter table if exists collateral_releases 
       add constraint FKdr021l3sa1yi4g3axxsm3ovds 
       foreign key (loan_id) 
       references loans 
       on delete cascade
Hibernate: 
    alter table if exists loan_emis 
       add constraint FKh462fjxneqe778bqr2f4dbj96 
       foreign key (loan_id) 
       references loans 
       on delete cascade
Hibernate: 
    alter table if exists loan_ledger 
       add constraint FKbhbin7df7db1oi65mf1mf8m1r 
       foreign key (loan_id) 
       references loans 
       on delete cascade
Hibernate: 
    alter table if exists loan_liquidations 
       add constraint FKgbo5cdjyqht5b4ga7omvi78j4 
       foreign key (loan_id) 
       references loans 
       on delete cascade
Hibernate: 
    alter table if exists loan_ltv_history 
       add constraint FK709pdjducvwqynaukdq6liy72 
       foreign key (loan_id) 
       references loans 
       on delete cascade
Hibernate: 
    alter table if exists loan_margin_calls 
       add constraint FKt50cjs2v9pevwbupkjd3gk0xp 
       foreign key (loan_id) 
       references loans 
       on delete cascade
Hibernate: 
    alter table if exists loan_offers 
       add constraint FKotlnboct209ag5oe1f6jjdkcg 
       foreign key (lender_id) 
       references users
Hibernate: 
    alter table if exists loan_repayments 
       add constraint FKmvfjvk48bhsvwbdis0s9uwn1t 
       foreign key (loan_id) 
       references loans 
       on delete cascade
Hibernate: 
    alter table if exists loans 
       add constraint FK2r7bo1dhntarh4c125saxyva4 
       foreign key (borrower_id) 
       references users
Hibernate: 
    alter table if exists loans 
       add constraint FKmncmom5b7vctpc4tmi5gj2qn8 
       foreign key (lender_id) 
       references users
Hibernate: 
    alter table if exists loans 
       add constraint FK1rrd03inw38lttlgt4d2vro1i 
       foreign key (offer_id) 
       references loan_offers
Hibernate: 
    alter table if exists negotiation_messages 
       add constraint FKkxstmoa7f57xwrykx3lainbsu 
       foreign key (loan_id) 
       references loans 
       on delete cascade
Hibernate: 
    alter table if exists negotiation_messages 
       add constraint FKci8x3mbo26vy68ooxvryig0xa 
       foreign key (sender_id) 
       references users
Hibernate: 
    alter table if exists password_reset_token 
       add constraint FK83nsrttkwkb6ym0anu051mtxn 
       foreign key (user_id) 
       references users
Hibernate: 
    alter table if exists platform_fees 
       add constraint FK9uv5l1k1la1wdtq3p0focdimy 
       foreign key (loan_id) 
       references loans 
       on delete cascade
Hibernate: 
    alter table if exists user_kyc_details 
       add constraint FKkyg0ht716i8c79ovettpt9ljy 
       foreign key (user_id) 
       references users
2026-03-20T03:08:13.608+05:30  INFO 49060 --- [LinkbitMVP] [           main] j.LocalContainerEntityManagerFactoryBean : Initialized JPA EntityManagerFactory for persistence unit 'default'
2026-03-20T03:08:13.862+05:30  WARN 49060 --- [LinkbitMVP] [           main] JpaBaseConfiguration$JpaWebConfiguration : spring.jpa.open-in-view is enabled by default. Therefore, database queries may be performed during view rendering. Explicitly configure spring.jpa.open-in-view to disable this warning
2026-03-20T03:08:13.894+05:30  INFO 49060 --- [LinkbitMVP] [           main] o.s.s.web.DefaultSecurityFilterChain     : Will secure any request with [org.springframework.security.web.session.DisableEncodeUrlFilter@67657c88, org.springframework.security.web.context.request.async.WebAsyncManagerIntegrationFilter@5d3d454, org.springframework.security.web.context.SecurityContextHolderFilter@1526cc3f, org.springframework.security.web.header.HeaderWriterFilter@7a9f40a8, org.springframework.web.filter.CorsFilter@26946374, org.springframework.security.web.authentication.logout.LogoutFilter@51567040, com.linkbit.mvp.config.JwtAuthenticationFilter@2e314225, org.springframework.security.web.savedrequest.RequestCacheAwareFilter@10365f1c, org.springframework.security.web.servletapi.SecurityContextHolderAwareRequestFilter@10acc7b2, org.springframework.security.web.authentication.AnonymousAuthenticationFilter@4d38bb66, org.springframework.security.web.session.SessionManagementFilter@4dcd40e, org.springframework.security.web.access.ExceptionTranslationFilter@29f59c03, org.springframework.security.web.access.intercept.AuthorizationFilter@5ddd34b]
2026-03-20T03:08:13.946+05:30  INFO 49060 --- [LinkbitMVP] [           main] o.s.b.a.h2.H2ConsoleAutoConfiguration    : H2 console available at '/h2-console'. Database available at 'jdbc:h2:mem:testdb'
2026-03-20T03:08:13.954+05:30  INFO 49060 --- [LinkbitMVP] [           main] o.s.b.t.m.w.SpringBootMockServletContext : Initializing Spring TestDispatcherServlet ''
2026-03-20T03:08:13.954+05:30  INFO 49060 --- [LinkbitMVP] [           main] o.s.t.web.servlet.TestDispatcherServlet  : Initializing Servlet ''
2026-03-20T03:08:13.958+05:30  INFO 49060 --- [LinkbitMVP] [           main] o.s.t.web.servlet.TestDispatcherServlet  : Completed initialization in 0 ms
2026-03-20T03:08:13.962+05:30  INFO 49060 --- [LinkbitMVP] [           main] o.s.m.s.b.SimpleBrokerMessageHandler     : Starting...
2026-03-20T03:08:13.962+05:30  INFO 49060 --- [LinkbitMVP] [           main] o.s.m.s.b.SimpleBrokerMessageHandler     : BrokerAvailabilityEvent[available=true, SimpleBrokerMessageHandler [org.springframework.messaging.simp.broker.DefaultSubscriptionRegistry@14da1b1e]]
2026-03-20T03:08:13.962+05:30  INFO 49060 --- [LinkbitMVP] [           main] o.s.m.s.b.SimpleBrokerMessageHandler     : Started.
2026-03-20T03:08:13.962+05:30  INFO 49060 --- [LinkbitMVP] [           main] c.l.m.s.SecurityAuthorizationTest        : Started SecurityAuthorizationTest in 0.781 seconds (process running for 21.212)
Hibernate: 
    select
        l1_0.id,
        l1_0.agreement_finalized_at,
        l1_0.agreement_hash,
        l1_0.borrower_id,
        l1_0.borrower_return_amount,
        l1_0.borrower_signature,
        l1_0.collateral_btc_amount,
        l1_0.collateral_released_at,
        l1_0.collateral_released_btc,
        l1_0.collateral_value_inr,
        l1_0.created_at,
        l1_0.current_ltv_percent,
        l1_0.disbursement_proof_url,
        l1_0.disbursement_reference,
        l1_0.emi_amount,
        l1_0.emi_count,
        l1_0.expected_ltv_percent,
        l1_0.fiat_disbursed_at,
        l1_0.fiat_received_confirmed_at,
        l1_0.interest_outstanding,
        l1_0.interest_rate,
        l1_0.last_price_update,
        l1_0.lender_id,
        l1_0.lender_repayment_amount,
        l1_0.lender_signature,
        l1_0.liquidation_executed_at,
        l1_0.liquidation_ltv_percent,
        l1_0.liquidation_penalty_amount,
        l1_0.liquidation_price_inr,
        l1_0.margin_call_ltv_percent,
        l1_0.offer_id,
        l1_0.principal_amount,
        l1_0.principal_outstanding,
        l1_0.repayment_type,
        l1_0.status,
        l1_0.tenure_days,
        l1_0.total_outstanding,
        l1_0.total_repayment_amount,
        l1_0.updated_at,
        l1_0.version 
    from
        loans l1_0 
    where
        l1_0.status in (?, ?, ?)
Hibernate: 
    select
        l1_0.id,
        l1_0.agreement_finalized_at,
        l1_0.agreement_hash,
        l1_0.borrower_id,
        l1_0.borrower_return_amount,
        l1_0.borrower_signature,
        l1_0.collateral_btc_amount,
        l1_0.collateral_released_at,
        l1_0.collateral_released_btc,
        l1_0.collateral_value_inr,
        l1_0.created_at,
        l1_0.current_ltv_percent,
        l1_0.disbursement_proof_url,
        l1_0.disbursement_reference,
        l1_0.emi_amount,
        l1_0.emi_count,
        l1_0.expected_ltv_percent,
        l1_0.fiat_disbursed_at,
        l1_0.fiat_received_confirmed_at,
        l1_0.interest_outstanding,
        l1_0.interest_rate,
        l1_0.last_price_update,
        l1_0.lender_id,
        l1_0.lender_repayment_amount,
        l1_0.lender_signature,
        l1_0.liquidation_executed_at,
        l1_0.liquidation_ltv_percent,
        l1_0.liquidation_penalty_amount,
        l1_0.liquidation_price_inr,
        l1_0.margin_call_ltv_percent,
        l1_0.offer_id,
        l1_0.principal_amount,
        l1_0.principal_outstanding,
        l1_0.repayment_type,
        l1_0.status,
        l1_0.tenure_days,
        l1_0.total_outstanding,
        l1_0.total_repayment_amount,
        l1_0.updated_at,
        l1_0.version 
    from
        loans l1_0
Hibernate: 
    select
        lo1_0.id,
        lo1_0.created_at,
        lo1_0.expected_ltv_percent,
        lo1_0.interest_rate,
        lo1_0.lender_id,
        lo1_0.loan_amount_inr,
        lo1_0.status,
        lo1_0.tenure_days,
        lo1_0.updated_at 
    from
        loan_offers lo1_0
Hibernate: 
    select
        u1_0.id,
        u1_0.created_at,
        u1_0.email,
        u1_0.kyc_status,
        u1_0.password_hash,
        u1_0.phone_number,
        u1_0.pseudonym,
        u1_0.updated_at 
    from
        users u1_0
Hibernate: 
    insert 
    into
        users
        (created_at, email, kyc_status, password_hash, phone_number, pseudonym, updated_at, id) 
    values
        (?, ?, ?, ?, ?, ?, ?, ?)
Hibernate: 
    insert 
    into
        users
        (created_at, email, kyc_status, password_hash, phone_number, pseudonym, updated_at, id) 
    values
        (?, ?, ?, ?, ?, ?, ?, ?)
Hibernate: 
    insert 
    into
        users
        (created_at, email, kyc_status, password_hash, phone_number, pseudonym, updated_at, id) 
    values
        (?, ?, ?, ?, ?, ?, ?, ?)
Hibernate: 
    insert 
    into
        loan_offers
        (created_at, expected_ltv_percent, interest_rate, lender_id, loan_amount_inr, status, tenure_days, updated_at, id) 
    values
        (?, ?, ?, ?, ?, ?, ?, ?, ?)
Hibernate: 
    insert 
    into
        loans
        (agreement_finalized_at, agreement_hash, borrower_id, borrower_return_amount, borrower_signature, collateral_btc_amount, collateral_released_at, collateral_released_btc, collateral_value_inr, created_at, current_ltv_percent, disbursement_proof_url, disbursement_reference, emi_amount, emi_count, expected_ltv_percent, fiat_disbursed_at, fiat_received_confirmed_at, interest_outstanding, interest_rate, last_price_update, lender_id, lender_repayment_amount, lender_signature, liquidation_executed_at, liquidation_ltv_percent, liquidation_penalty_amount, liquidation_price_inr, margin_call_ltv_percent, offer_id, principal_amount, principal_outstanding, repayment_type, status, tenure_days, total_outstanding, total_repayment_amount, updated_at, version, id) 
    values
        (?, ?, ?, ?, ?, ?, ?, ?, ?, ?, ?, ?, ?, ?, ?, ?, ?, ?, ?, ?, ?, ?, ?, ?, ?, ?, ?, ?, ?, ?, ?, ?, ?, ?, ?, ?, ?, ?, ?, ?)
Hibernate: 
    select
        u1_0.id,
        u1_0.created_at,
        u1_0.email,
        u1_0.kyc_status,
        u1_0.password_hash,
        u1_0.phone_number,
        u1_0.pseudonym,
        u1_0.updated_at 
    from
        users u1_0 
    where
        u1_0.email=?
Hibernate: 
    select
        ukd1_0.user_id,
        ukd1_0.bank_account_number,
        ukd1_0.created_at,
        ukd1_0.full_legal_name,
        ukd1_0.ifsc,
        ukd1_0.national_id_hash,
        ukd1_0.upi_id,
        u1_0.id,
        u1_0.created_at,
        u1_0.email,
        u1_0.kyc_status,
        u1_0.password_hash,
        u1_0.phone_number,
        u1_0.pseudonym,
        u1_0.updated_at 
    from
        user_kyc_details ukd1_0 
    join
        users u1_0 
            on u1_0.id=ukd1_0.user_id 
    where
        ukd1_0.user_id=?
Hibernate: 
    select
        l1_0.id,
        l1_0.agreement_finalized_at,
        l1_0.agreement_hash,
        l1_0.borrower_id,
        l1_0.borrower_return_amount,
        l1_0.borrower_signature,
        l1_0.collateral_btc_amount,
        l1_0.collateral_released_at,
        l1_0.collateral_released_btc,
        l1_0.collateral_value_inr,
        l1_0.created_at,
        l1_0.current_ltv_percent,
        l1_0.disbursement_proof_url,
        l1_0.disbursement_reference,
        l1_0.emi_amount,
        l1_0.emi_count,
        l1_0.expected_ltv_percent,
        l1_0.fiat_disbursed_at,
        l1_0.fiat_received_confirmed_at,
        l1_0.interest_outstanding,
        l1_0.interest_rate,
        l1_0.last_price_update,
        l1_0.lender_id,
        l1_0.lender_repayment_amount,
        l1_0.lender_signature,
        l1_0.liquidation_executed_at,
        l1_0.liquidation_ltv_percent,
        l1_0.liquidation_penalty_amount,
        l1_0.liquidation_price_inr,
        l1_0.margin_call_ltv_percent,
        l1_0.offer_id,
        l1_0.principal_amount,
        l1_0.principal_outstanding,
        l1_0.repayment_type,
        l1_0.status,
        l1_0.tenure_days,
        l1_0.total_outstanding,
        l1_0.total_repayment_amount,
        l1_0.updated_at,
        l1_0.version 
    from
        loans l1_0 
    where
        l1_0.id=?

MockHttpServletRequest:
      HTTP Method = POST
      Request URI = /loans/beb6e6f8-89cc-4fe4-adb3-c4ca06837f44/disburse
       Parameters = {}
          Headers = [Content-Type:"application/json;charset=UTF-8", Content-Length:"58"]
             Body = {"transaction_reference": "ref", "proof_image_url": "url"}
    Session Attrs = {}

Handler:
             Type = com.linkbit.mvp.controller.DisbursementController
           Method = com.linkbit.mvp.controller.DisbursementController#markDisbursed(UUID, DisbursementRequest, Authentication)

Async:
    Async started = false
     Async result = null

Resolved Exception:
             Type = java.lang.RuntimeException

ModelAndView:
        View name = null
             View = null
            Model = null

FlashMap:
       Attributes = null

MockHttpServletResponse:
           Status = 500
    Error message = null
          Headers = [Vary:"Origin", "Access-Control-Request-Method", "Access-Control-Request-Headers", Content-Type:"text/plain;charset=UTF-8", Content-Length:"47", X-Content-Type-Options:"nosniff", X-XSS-Protection:"0", Cache-Control:"no-cache, no-store, max-age=0, must-revalidate", Pragma:"no-cache", Expires:"0", X-Frame-Options:"DENY"]
     Content type = text/plain;charset=UTF-8
             Body = Unauthorized: Only lender can mark disbursement
    Forwarded URL = null
   Redirected URL = null
          Cookies = []
[INFO] Tests run: 8, Failures: 0, Errors: 0, Skipped: 0, Time elapsed: 19.14 s -- in com.linkbit.mvp.security.SecurityAuthorizationTest
[INFO] 
[INFO] Results:
[INFO] 
[INFO] Tests run: 8, Failures: 0, Errors: 0, Skipped: 0
[INFO] 
[INFO] ------------------------------------------------------------------------
[INFO] BUILD SUCCESS
[INFO] ------------------------------------------------------------------------
[INFO] Total time:  29.586 s
[INFO] Finished at: 2026-03-20T03:08:14+05:30
[INFO] ------------------------------------------------------------------------
